Microchip MPLAB XC8 Compiler V3.00

Linker command line:

-W-3 \
  --edf=C:/Users/pedro/.mchp_packs/Microchip/PIC12-16F1xxx_DFP/1.8.254/xc8\pic\dat\20250327143623_en.msgs \
  -cn -h+dist/default/production\projeto_final2_Copia_3.X.production.sym \
  --cmf=dist/default/production\projeto_final2_Copia_3.X.production.cmf -z \
  -Q16F1827 -oC:\Users\pedro\AppData\Local\Temp\xcAs1dcg.\driver_tmp_3.o \
  --defsym=__MPLAB_BUILD=1 --fixupoverflow=error \
  -Mdist/default/production/projeto_final2_Copia_3.X.production.map \
  --md=C:\Users\pedro\AppData\Local\Temp\xcAs1dcg.\driver_tmp_0.dat -E1 \
  -ver=XC8 Compiler -ACODE=00h-07FFhx2 -ASTRCODE=00h-0FFFh \
  -ASTRING=00h-0FFhx16 -ACONST=00h-0FFhx16 -AENTRY=00h-0FFhx16 \
  -ACOMMON=070h-07Fh -ABANK0=020h-06Fh -ABANK1=0A0h-0EFh \
  -ABANK2=0120h-016Fh -ABANK3=01A0h-01EFh -ABANK4=0220h-024Fh \
  -ABIGRAM=02000h-0216Fh \
  -ARAM=020h-06Fh,0A0h-0EFh,0120h-016Fh,01A0h-01EFh,0220h-024Fh \
  -AABS1=020h-07Fh,0A0h-0EFh,0120h-016Fh,01A0h-01EFh,0220h-024Fh \
  -ASFR0=00h-01Fh -ASFR1=080h-09Fh -ASFR2=0100h-011Fh -ASFR3=0180h-019Fh \
  -ASFR4=0200h-021Fh -ASFR5=0280h-02EFh -ASFR6=0300h-036Fh \
  -ASFR7=0380h-03EFh -ASFR8=0400h-046Fh -ASFR9=0480h-04EFh \
  -ASFR10=0500h-056Fh -ASFR11=0580h-05EFh -ASFR12=0600h-066Fh \
  -ASFR13=0680h-06EFh -ASFR14=0700h-076Fh -ASFR15=0780h-07EFh \
  -ASFR16=0800h-086Fh -ASFR17=0880h-08EFh -ASFR18=0900h-096Fh \
  -ASFR19=0980h-09EFh -ASFR20=0A00h-0A6Fh -ASFR21=0A80h-0AEFh \
  -ASFR22=0B00h-0B6Fh -ASFR23=0B80h-0BEFh -ASFR24=0C00h-0C6Fh \
  -ASFR25=0C80h-0CEFh -ASFR26=0D00h-0D6Fh -ASFR27=0D80h-0DEFh \
  -ASFR28=0E00h-0E6Fh -ASFR29=0E80h-0EEFh -ASFR30=0F00h-0F6Fh \
  -ASFR31=0F80h-0FEFh -ACONFIG=08007h-08008h -DCONFIG=2 \
  -AIDLOC=08000h-08003h -DIDLOC=2 -AEEDATA=00h-0FFh/0F000h \
  -peeprom_data=EEDATA -DEEDATA=2 -DCODE=2 -DSTRCODE=2 -DSTRING=2 -DCONST=2 \
  -DENTRY=2 -preset_vec=00h,intentry=04h,sivt,init,end_init -ppowerup=CODE \
  -pcinit=CODE -pfunctab=ENTRY -k \
  C:\Users\pedro\AppData\Local\Temp\xcAs1dcg.\driver_tmp_10.o \
  dist/default/production\projeto_final2_Copia_3.X.production.o 

Object code version is 3.11

Machine type is 16F1827



                Name                               Link     Load   Length Selector   Space Scale
C:\Users\pedro\AppData\Local\Temp\xcAs1dcg.\driver_tmp_10.o
                end_init                             3F       3F        2        8       0
                reset_vec                             0        0        2        0       0
                config                             8007     8007        2        0       4
dist/default/production\projeto_final2_Copia_3.X.production.o
                cinit                                41       41      3CF        8       0
                intentry                              4        4       3B        8       0
                config                             8007     8007        2        0       4
                text83                              509      509        1      A02       0
                text82                              4CE      4CE        C      99C       0
                text72                              508      508        1      A02       0
                text69                              507      507        1      A02       0
                text67                              47B      47B       22        8       0
                text63                              506      506        1      A02       0
                text62                              501      501        4      A02       0
                text44                              505      505        1      A02       0
                text41                              44C      44C       2F        8       0
                text18                              410      410       3C        8       0
                text3                               A44      A44      5BC     1488       0
                cstackBANK0                          3F       3F       1E       20       1
                cstackCOMMON                         70       70        E       70       1
                cstackBANK1                          C0       C0       17       A0       1
                cstackBANK2                         135      135        3      120       1
                clrtext                             4F7      4F7        6      9E2       0
                inittext                            4F1      4F1        6      9E2       0
                dataBANK2                           120      120       15      120       1
                dataBANK1                            E7       E7        8       A0       1
                bssBANK1                             A0       A0       20       A0       1
                bssBANK0                             20       20       1F       20       1
                nvBANK1                              D7       D7       10       A0       1
                stringtext5                         4FD      4FD        4      9FA       0
                stringtext4                         4EB      4EB        6      9D6       0
                stringtext3                         4DA      4DA        9      9B4       0
                stringtext2                         4C2      4C2        C      964       0
                stringtext1                         4B2      4B2       10      964       0
                idataBANK2                          49D      49D       15        8       0
                idataBANK1                          4E3      4E3        8      9C6       0

TOTAL           Name                               Link     Load   Length     Space
        CLASS   CODE           
                end_init                             3F       3F        2         0
                cinit                                41       41      3CF         0
                intentry                              4        4       3B         0
                reset_vec                             0        0        2         0
                text83                              509      509        1         0
                text82                              4CE      4CE        C         0
                text72                              508      508        1         0
                text69                              507      507        1         0
                text67                              47B      47B       22         0
                text63                              506      506        1         0
                text62                              501      501        4         0
                text44                              505      505        1         0
                text41                              44C      44C       2F         0
                text18                              410      410       3C         0
                text3                               A44      A44      5BC         0
                clrtext                             4F7      4F7        6         0
                inittext                            4F1      4F1        6         0
                idataBANK2                          49D      49D       15         0
                idataBANK1                          4E3      4E3        8         0

        CLASS   STRCODE        
                stringtext5                         4FD      4FD        4         0
                stringtext4                         4EB      4EB        6         0
                stringtext3                         4DA      4DA        9         0
                stringtext2                         4C2      4C2        C         0
                stringtext1                         4B2      4B2       10         0

        CLASS   STRING         

        CLASS   CONST          

        CLASS   ENTRY          

        CLASS   COMMON         
                cstackCOMMON                         70       70        E         1

        CLASS   BANK0          
                cstackBANK0                          3F       3F       1E         1
                bssBANK0                             20       20       1F         1

        CLASS   BANK1          
                cstackBANK1                          C0       C0       17         1
                dataBANK1                            E7       E7        8         1
                bssBANK1                             A0       A0       20         1
                nvBANK1                              D7       D7       10         1

        CLASS   BANK2          
                cstackBANK2                         135      135        3         1
                dataBANK2                           120      120       15         1

        CLASS   BANK3          

        CLASS   BANK4          

        CLASS   BIGRAM         

        CLASS   RAM            

        CLASS   ABS1           
                abs_s1                               7E       7E        2         1

        CLASS   SFR0           

        CLASS   SFR1           

        CLASS   SFR2           

        CLASS   SFR3           

        CLASS   SFR4           

        CLASS   SFR5           

        CLASS   SFR6           

        CLASS   SFR7           

        CLASS   SFR8           

        CLASS   SFR9           

        CLASS   SFR10          

        CLASS   SFR11          

        CLASS   SFR12          

        CLASS   SFR13          

        CLASS   SFR14          

        CLASS   SFR15          

        CLASS   SFR16          

        CLASS   SFR17          

        CLASS   SFR18          

        CLASS   SFR19          

        CLASS   SFR20          

        CLASS   SFR21          

        CLASS   SFR22          

        CLASS   SFR23          

        CLASS   SFR24          

        CLASS   SFR25          

        CLASS   SFR26          

        CLASS   SFR27          

        CLASS   SFR28          

        CLASS   SFR29          

        CLASS   SFR30          

        CLASS   SFR31          

        CLASS   CONFIG         
                config                             8007     8007        2         4

        CLASS   IDLOC          

        CLASS   EEDATA         

        CLASS   BANK31         

        CLASS   BANK30         

        CLASS   BANK29         

        CLASS   BANK28         

        CLASS   BANK27         

        CLASS   BANK26         

        CLASS   BANK25         

        CLASS   BANK24         

        CLASS   BANK23         

        CLASS   BANK22         

        CLASS   BANK21         

        CLASS   BANK20         

        CLASS   BANK19         

        CLASS   BANK18         

        CLASS   BANK17         

        CLASS   BANK16         

        CLASS   BANK15         

        CLASS   BANK14         

        CLASS   BANK13         

        CLASS   BANK12         

        CLASS   BANK11         

        CLASS   BANK10         

        CLASS   BANK9          

        CLASS   BANK8          

        CLASS   BANK7          

        CLASS   BANK6          

        CLASS   BANK5          

        CLASS   HEAP           

        CLASS   STACK          



SEGMENTS        Name                           Load    Length   Top    Selector   Space  Class     Delta

                reset_vec                      000000  000002  000002         0       0  CODE        2
                intentry                       000004  0004AE  0004B2         8       0  CODE        2
                bssBANK0                       000020  00003D  00005D        20       1  BANK0       1
                cstackCOMMON                   000070  00000E  00007E        70       1  COMMON      1
                bssBANK1                       0000A0  00004F  0000EF        A0       1  BANK1       1
                dataBANK2                      000120  000018  000138       120       1  BANK2       1
                stringtext1                    0004B2  00001C  0004CE       964       0  STRCODE     2
                text82                         0004CE  00000C  0004DA       99C       0  CODE        2
                stringtext3                    0004DA  000009  0004E3       9B4       0  STRCODE     2
                idataBANK1                     0004E3  000008  0004EB       9C6       0  CODE        2
                stringtext4                    0004EB  000006  0004F1       9D6       0  STRCODE     2
                inittext                       0004F1  00000C  0004FD       9E2       0  CODE        2
                stringtext5                    0004FD  000004  000501       9FA       0  STRCODE     2
                text62                         000501  000009  00050A       A02       0  CODE        2
                text3                          000A44  0005BC  001000      1488       0  CODE        2


UNUSED ADDRESS RANGES

        Name                Unused          Largest block    Delta
        BANK0            0005D-0006F              13           1
        BANK1            000EF-000EF               1           1
        BANK2            00138-0016F              38           1
        BANK3            001A0-001EF              50           1
        BANK4            00220-0024F              30           1
        BIGRAM           02000-0216F             170           1
        CODE             00002-00003               2           2
                         0050A-00A43             2F6
        CONST            00002-00003               2           2
                         0050A-00A43             100
        EEDATA           0F000-0F0FF             100           2
        ENTRY            00002-00003               2           2
                         0050A-00A43             100
        IDLOC            08000-08003               4           2
        RAM              0005D-0006F              13           1
                         000EF-000EF               1
                         00138-0016F              38
                         001A0-001EF              50
                         00220-0024F              30
        SFR0             00000-0001F              20           1
        SFR1             00080-0009F              20           1
        SFR10            00500-0056F              70           1
        SFR11            00580-005EF              70           1
        SFR12            00600-0066F              70           1
        SFR13            00680-006EF              70           1
        SFR14            00700-0076F              70           1
        SFR15            00780-007EF              70           1
        SFR16            00800-0086F              70           1
        SFR17            00880-008EF              70           1
        SFR18            00900-0096F              70           1
        SFR19            00980-009EF              70           1
        SFR2             00100-0011F              20           1
        SFR20            00A00-00A6F              70           1
        SFR21            00A80-00AEF              70           1
        SFR22            00B00-00B6F              70           1
        SFR23            00B80-00BEF              70           1
        SFR24            00C00-00C6F              70           1
        SFR25            00C80-00CEF              70           1
        SFR26            00D00-00D6F              70           1
        SFR27            00D80-00DEF              70           1
        SFR28            00E00-00E6F              70           1
        SFR29            00E80-00EEF              70           1
        SFR3             00180-0019F              20           1
        SFR30            00F00-00F6F              70           1
        SFR31            00F80-00FEF              70           1
        SFR4             00200-0021F              20           1
        SFR5             00280-002EF              70           1
        SFR6             00300-0036F              70           1
        SFR7             00380-003EF              70           1
        SFR8             00400-0046F              70           1
        SFR9             00480-004EF              70           1
        STRCODE          00002-00003               2           2
                         0050A-00A43             53A
        STRING           00002-00003               2           2
                         0050A-00A43             100

                                  Symbol Table

?___awdiv                                      cstackCOMMON 00077
?___awmod                                      cstackBANK1  000C0
?___lwdiv                                      cstackCOMMON 00077
?___lwmod                                      cstackBANK0  0003F
?___wmul                                       cstackCOMMON 00071
?i1___awmod                                    cstackCOMMON 00070
ADC_SetInterruptHandler@InterruptHandler       cstackBANK1  000C0
EUSART_Read@readValue                          cstackCOMMON 00070
EUSART_SetErrorHandler@interruptHandler        cstackBANK1  000C0
EUSART_SetFramingErrorHandler@interruptHandler cstackBANK1  000C0
EUSART_SetOverrunErrorHandler@interruptHandler cstackBANK1  000C0
EUSART_SetRxInterruptHandler@interruptHandler  cstackBANK1  000C0
EUSART_Write@txData                            cstackCOMMON 00070
IOCBF0_SetInterruptHandler@InterruptHandler    cstackBANK1  000C0
IOCBF3_SetInterruptHandler@InterruptHandler    cstackBANK1  000C0
Ini_matrix@data                                cstackBANK1  000C8
Ini_matrix@i                                   cstackBANK1  000C7
Ini_matrix@i_1791                              cstackBANK1  000CB
Ini_matrix@k                                   cstackBANK1  000CA
Matrix_update_dir@data                         cstackBANK1  000CE
Matrix_update_dir@display_dir                  cstackBANK1  000CD
Matrix_update_dir@i                            cstackBANK1  000D1
Matrix_update_dir@i_1802                       cstackBANK1  000D0
Matrix_update_dir@mask                         cstackBANK1  000CC
Matrix_update_dir@route_                       cstackBANK1  000C8
Matrix_update_floor@data                       cstackBANK1  000C8
Matrix_update_floor@display_floor              cstackBANK1  000CA
Matrix_update_floor@i                          cstackBANK1  000CB
New_request@dest                               cstackCOMMON 0007A
New_request@i                                  cstackBANK0  0004F
New_request@i_1746                             cstackBANK0  00051
New_request@i_1747                             cstackBANK0  00053
New_request@i_1748                             cstackBANK0  00055
New_request@index_                             cstackBANK0  00057
New_request@index_ori                          cstackBANK0  0004D
New_request@origin                             cstackCOMMON 00078
Next_floor@i                                   cstackBANK1  000C9
Next_floor@index_                              cstackBANK1  000C7
Next_index@i                                   cstackBANK1  000C9
Next_index@index_                              cstackBANK1  000C7
PL10                                           text3        00F85
PL12                                           text3        00F92
PL14                                           text3        00F99
PL16                                           text3        00FA3
PL18                                           text3        00FAC
PL2                                            text3        00F62
PL20                                           cinit        003D8
PL22                                           text3        00FB4
PL24                                           text3        00FBC
PL26                                           text3        00FC0
PL28                                           text3        00FC8
PL30                                           text3        00FD0
PL32                                           cinit        003E0
PL34                                           text3        00FD6
PL36                                           text3        00FDD
PL38                                           cinit        003E6
PL4                                            cinit        003D0
PL40                                           cinit        003ED
PL42                                           text3        00FE3
PL44                                           text3        00FE8
PL46                                           cinit        003F2
PL48                                           text3        00FED
PL50                                           text3        00FF2
PL52                                           text3        00FF6
PL54                                           text3        00FFB
PL6                                            text3        00F70
PL8                                            text3        00F78
Read_UART@dest                                 cstackBANK0  0005B
Read_UART@ori                                  cstackBANK0  00059
Route_empty@i                                  cstackBANK1  000C1
SPI1_ExchangeBlock@block                       cstackBANK1  000C0
SPI1_ExchangeBlock@blockSize                   cstackBANK1  000C1
SPI1_ExchangeBlock@data                        cstackBANK1  000C3
SPI1_Open@spi1UniqueConfiguration              cstackBANK1  000C3
TMR0_ReadTimer@readVal                         cstackCOMMON 00070
TMR1_ISR@CountCallBack                         bssBANK0     0002D
TMR1_SetInterruptHandler@InterruptHandler      cstackBANK1  000C0
TMR1_WriteTimer@timerVal                       cstackCOMMON 00070
Tx_spi@data                                    cstackBANK1  000C4
Tx_spi@dataSize                                cstackBANK1  000C5
Write_UART@i                                   cstackBANK0  00047
_ADCON0                                        (abs)        0009D
_ADCON0bits                                    (abs)        0009D
_ADCON1                                        (abs)        0009E
_ADC_DefaultInterruptHandler                   text83       00509
_ADC_ISR                                       text82       004CE
_ADC_Initialize                                cinit        002F5
_ADC_InterruptHandler                          nvBANK1      000D7
_ADC_SetInterruptHandler                       cinit        003B5
_ADRESH                                        (abs)        0009C
_ADRESL                                        (abs)        0009B
_ANSELA                                        (abs)        0018C
_ANSELB                                        (abs)        0018D
_APFCON0                                       (abs)        0011D
_APFCON1                                       (abs)        0011E
_BAUDCON                                       (abs)        0019F
_BORCON                                        (abs)        00116
_CCP3CON                                       (abs)        00313
_CCP3CONbits                                   (abs)        00313
_CCPR3H                                        (abs)        00312
_CCPR3L                                        (abs)        00311
_CCPTMRS0bits                                  (abs)        0029E
_CM1CON0                                       (abs)        00111
_CM1CON1                                       (abs)        00112
_CM2CON0                                       (abs)        00113
_CM2CON1                                       (abs)        00114
_CMP1_ISR                                      text3        00A6E
_CMP1_Initialize                               cinit        00301
_CMP2_ISR                                      text3        00A66
_CMP2_Initialize                               cinit        0030D
_EUSART_DefaultErrorHandler                    text3        00A65
_EUSART_DefaultFramingErrorHandler             text63       00506
_EUSART_DefaultOverrunErrorHandler             text62       00501
_EUSART_ErrorHandler                           nvBANK1      000DB
_EUSART_FramingErrorHandler                    nvBANK1      000DF
_EUSART_Initialize                             text18       00410
_EUSART_OverrunErrorHandler                    nvBANK1      000DD
_EUSART_Read                                   text3        00AC3
_EUSART_Receive_ISR                            text3        00AE1
_EUSART_RxDataHandler                          text3        00D02
_EUSART_RxDefaultInterruptHandler              nvBANK1      000E1
_EUSART_SetErrorHandler                        text18       00447
_EUSART_SetFramingErrorHandler                 text18       0043D
_EUSART_SetOverrunErrorHandler                 text18       00442
_EUSART_SetRxInterruptHandler                  cinit        002C6
_EUSART_Write                                  text3        00D35
_EUSART_is_tx_ready                            text3        00D3C
_FLOORS                                        stringtext4  004EB
_FVRCON                                        (abs)        00117
_FVR_Initialize                                cinit        00318
_INTCONbits                                    (abs)        0000B
_INTERRUPT_InterruptManager                    intentry     00004
_IOCBF0_DefaultInterruptHandler                text72       00508
_IOCBF0_ISR                                    text67       00483
_IOCBF0_InterruptHandler                       nvBANK1      000E5
_IOCBF0_SetInterruptHandler                    cinit        002CB
_IOCBF3_DefaultInterruptHandler                text69       00507
_IOCBF3_ISR                                    text67       00490
_IOCBF3_InterruptHandler                       nvBANK1      000E3
_IOCBF3_SetInterruptHandler                    cinit        002D0
_IOCBFbits                                     (abs)        00396
_IOCBNbits                                     (abs)        00395
_IOCBPbits                                     (abs)        00394
_ISR_Floor1                                    text3        00B14
_ISR_Floor2                                    text3        00A7D
_ISR_Floor3                                    text3        00A76
_ISR_Floor4                                    text3        00B0A
_Idle                                          cinit        001C1
_Ini_matrix                                    cinit        000FB
_LATA                                          (abs)        0010C
_LATAbits                                      (abs)        0010C
_LATB                                          (abs)        0010D
_LATBbits                                      (abs)        0010D
_MATRIX_CONFIG                                 stringtext2  004C2
_MATRIX_DIR                                    stringtext3  004DA
_MATRIX_FLOOR                                  stringtext1  004B2
_Matrix_update_dir                             cinit        00131
_Matrix_update_floor                           text3        00A44
_Motor_Turn_Off                                cinit        000F3
_Motor_Turn_On                                 cinit        001B6
_New_request                                   text3        00B42
_Next_floor                                    cinit        001D1
_Next_index                                    cinit        00249
_OPTION_REG                                    (abs)        00095
_OPTION_REGbits                                (abs)        00095
_OSCCON                                        (abs)        00099
_OSCILLATOR_Initialize                         cinit        0031C
_OSCTUNE                                       (abs)        00098
_PIE1bits                                      (abs)        00091
_PIE2bits                                      (abs)        00092
_PIN_MANAGER_IOC                               text67       0047B
_PIN_MANAGER_Initialize                        cinit        00322
_PIR1bits                                      (abs)        00011
_PIR2bits                                      (abs)        00012
_PIR3bits                                      (abs)        00013
_PR2                                           (abs)        0001B
_PR6                                           (abs)        0041D
_PWM3_Initialize                               cinit        0034F
_RCREG                                         (abs)        00199
_RCSTA                                         (abs)        0019D
_RCSTAbits                                     (abs)        0019D
_Read_UART                                     text3        00A88
_Route_empty                                   cinit        00273
_SPBRGH                                        (abs)        0019C
_SPBRGL                                        (abs)        0019B
_SPI1_ExchangeBlock                            cinit        003F7
_SPI1_Initialize                               cinit        0035C
_SPI1_Open                                     cinit        0028E
_SSP1ADD                                       (abs)        00212
_SSP1BUF                                       (abs)        00211
_SSP1CON1                                      (abs)        00215
_SSP1CON1bits                                  (abs)        00215
_SSP1CON2                                      (abs)        00216
_SSP1STAT                                      (abs)        00214
_SYSTEM_Initialize                             cinit        002DA
_Start                                         cinit        00388
_T1CON                                         (abs)        00018
_T1CONbits                                     (abs)        00018
_T1GCON                                        (abs)        00019
_T2CON                                         (abs)        0001C
_T6CON                                         (abs)        0041E
_TMR0                                          (abs)        00015
_TMR0_Initialize                               cinit        00368
_TMR0_ReadTimer                                text3        00EBB
_TMR0_Reload                                   cinit        0040E
_TMR1H                                         (abs)        00017
_TMR1L                                         (abs)        00016
_TMR1_CallBack                                 text41       00470
_TMR1_DefaultInterruptHandler                  text44       00505
_TMR1_ISR                                      text41       0044C
_TMR1_Initialize                               cinit        003BA
_TMR1_InterruptHandler                         nvBANK1      000D9
_TMR1_SetInterruptHandler                      cinit        002D5
_TMR1_WriteTimer                               text41       00462
_TMR2                                          (abs)        0001A
_TMR2_Initialize                               cinit        00372
_TMR6                                          (abs)        0041C
_TMR6_Initialize                               cinit        0037A
_TRISA                                         (abs)        0008C
_TRISB                                         (abs)        0008D
_TRISBbits                                     (abs)        0008D
_TXREG                                         (abs)        0019A
_TXSTA                                         (abs)        0019E
_TXSTAbits                                     (abs)        0019E
_Tx_spi                                        cinit        00198
_Update_tx_buffer                              text3        00D43
_WDTCON                                        (abs)        00097
_WDT_Initialize                                cinit        00384
_WPUA                                          (abs)        0020C
_WPUB                                          (abs)        0020D
_Write_UART                                    text3        00D14
__H__absolute__                                __absolute__ 00000
__Habs1                                        abs1         00000
__Hbank0                                       bank0        00000
__Hbank1                                       bank1        00000
__Hbank10                                      bank10       00000
__Hbank11                                      bank11       00000
__Hbank12                                      bank12       00000
__Hbank13                                      bank13       00000
__Hbank14                                      bank14       00000
__Hbank15                                      bank15       00000
__Hbank16                                      bank16       00000
__Hbank17                                      bank17       00000
__Hbank18                                      bank18       00000
__Hbank19                                      bank19       00000
__Hbank2                                       bank2        00000
__Hbank20                                      bank20       00000
__Hbank21                                      bank21       00000
__Hbank22                                      bank22       00000
__Hbank23                                      bank23       00000
__Hbank24                                      bank24       00000
__Hbank25                                      bank25       00000
__Hbank26                                      bank26       00000
__Hbank27                                      bank27       00000
__Hbank28                                      bank28       00000
__Hbank29                                      bank29       00000
__Hbank3                                       bank3        00000
__Hbank30                                      bank30       00000
__Hbank31                                      bank31       00000
__Hbank4                                       bank4        00000
__Hbank5                                       bank5        00000
__Hbank6                                       bank6        00000
__Hbank7                                       bank7        00000
__Hbank8                                       bank8        00000
__Hbank9                                       bank9        00000
__Hbigram                                      bigram       00000
__HbssBANK0                                    bssBANK0     00000
__HbssBANK1                                    bssBANK1     00000
__Hcinit                                       cinit        00410
__Hclrtext                                     clrtext      00000
__Hcode                                        code         00000
__Hcommon                                      common       00000
__Hconfig                                      config       08009
__HcstackBANK0                                 cstackBANK0  00000
__HcstackBANK1                                 cstackBANK1  00000
__HcstackBANK2                                 cstackBANK2  00000
__HcstackCOMMON                                cstackCOMMON 00000
__HdataBANK1                                   dataBANK1    00000
__HdataBANK2                                   dataBANK2    00000
__Heeprom_data                                 eeprom_data  00000
__Hend_init                                    end_init     00041
__Hfunctab                                     functab      00000
__Hheap                                        heap         00000
__HidataBANK1                                  idataBANK1   00000
__HidataBANK2                                  idataBANK2   00000
__Hinit                                        init         0003F
__Hinittext                                    inittext     00000
__Hintentry                                    intentry     0003F
__Hmaintext                                    maintext     00000
__HnvBANK1                                     nvBANK1      00000
__Hpa_nodes0                                   pa_nodes0    00000
__Hpowerup                                     powerup      00000
__Hram                                         ram          00000
__Hreset_vec                                   reset_vec    00002
__Hsfr0                                        sfr0         00000
__Hsfr1                                        sfr1         00000
__Hsfr10                                       sfr10        00000
__Hsfr11                                       sfr11        00000
__Hsfr12                                       sfr12        00000
__Hsfr13                                       sfr13        00000
__Hsfr14                                       sfr14        00000
__Hsfr15                                       sfr15        00000
__Hsfr16                                       sfr16        00000
__Hsfr17                                       sfr17        00000
__Hsfr18                                       sfr18        00000
__Hsfr19                                       sfr19        00000
__Hsfr2                                        sfr2         00000
__Hsfr20                                       sfr20        00000
__Hsfr21                                       sfr21        00000
__Hsfr22                                       sfr22        00000
__Hsfr23                                       sfr23        00000
__Hsfr24                                       sfr24        00000
__Hsfr25                                       sfr25        00000
__Hsfr26                                       sfr26        00000
__Hsfr27                                       sfr27        00000
__Hsfr28                                       sfr28        00000
__Hsfr29                                       sfr29        00000
__Hsfr3                                        sfr3         00000
__Hsfr30                                       sfr30        00000
__Hsfr31                                       sfr31        00000
__Hsfr4                                        sfr4         00000
__Hsfr5                                        sfr5         00000
__Hsfr6                                        sfr6         00000
__Hsfr7                                        sfr7         00000
__Hsfr8                                        sfr8         00000
__Hsfr9                                        sfr9         00000
__Hsivt                                        sivt         0003F
__Hspace_0                                     (abs)        01000
__Hspace_1                                     (abs)        00138
__Hspace_2                                     (abs)        00000
__Hspace_3                                     (abs)        00000
__Hspace_4                                     (abs)        10010
__Hstack                                       stack        00000
__Hstrings                                     strings      00000
__Hstringtext1                                 stringtext1  00000
__Hstringtext2                                 stringtext2  00000
__Hstringtext3                                 stringtext3  00000
__Hstringtext4                                 stringtext4  00000
__Hstringtext5                                 stringtext5  00000
__Htext                                        text         00000
__L__absolute__                                __absolute__ 00000
__Labs1                                        abs1         00000
__Lbank0                                       bank0        00000
__Lbank1                                       bank1        00000
__Lbank10                                      bank10       00000
__Lbank11                                      bank11       00000
__Lbank12                                      bank12       00000
__Lbank13                                      bank13       00000
__Lbank14                                      bank14       00000
__Lbank15                                      bank15       00000
__Lbank16                                      bank16       00000
__Lbank17                                      bank17       00000
__Lbank18                                      bank18       00000
__Lbank19                                      bank19       00000
__Lbank2                                       bank2        00000
__Lbank20                                      bank20       00000
__Lbank21                                      bank21       00000
__Lbank22                                      bank22       00000
__Lbank23                                      bank23       00000
__Lbank24                                      bank24       00000
__Lbank25                                      bank25       00000
__Lbank26                                      bank26       00000
__Lbank27                                      bank27       00000
__Lbank28                                      bank28       00000
__Lbank29                                      bank29       00000
__Lbank3                                       bank3        00000
__Lbank30                                      bank30       00000
__Lbank31                                      bank31       00000
__Lbank4                                       bank4        00000
__Lbank5                                       bank5        00000
__Lbank6                                       bank6        00000
__Lbank7                                       bank7        00000
__Lbank8                                       bank8        00000
__Lbank9                                       bank9        00000
__Lbigram                                      bigram       00000
__LbssBANK0                                    bssBANK0     00000
__LbssBANK1                                    bssBANK1     00000
__Lcinit                                       cinit        00041
__Lclrtext                                     clrtext      00000
__Lcode                                        code         00000
__Lcommon                                      common       00000
__Lconfig                                      config       00000
__LcstackBANK0                                 cstackBANK0  00000
__LcstackBANK1                                 cstackBANK1  00000
__LcstackBANK2                                 cstackBANK2  00000
__LcstackCOMMON                                cstackCOMMON 00000
__LdataBANK1                                   dataBANK1    00000
__LdataBANK2                                   dataBANK2    00000
__Leeprom_data                                 eeprom_data  00000
__Lend_init                                    end_init     0003F
__Lfunctab                                     functab      00000
__Lheap                                        heap         00000
__LidataBANK1                                  idataBANK1   00000
__LidataBANK2                                  idataBANK2   00000
__Linit                                        init         0003F
__Linittext                                    inittext     00000
__Lintentry                                    intentry     00004
__Lmaintext                                    maintext     00000
__LnvBANK1                                     nvBANK1      00000
__Lpa_nodes0                                   pa_nodes0    00000
__Lpowerup                                     powerup      00000
__Lram                                         ram          00000
__Lreset_vec                                   reset_vec    00000
__Lsfr0                                        sfr0         00000
__Lsfr1                                        sfr1         00000
__Lsfr10                                       sfr10        00000
__Lsfr11                                       sfr11        00000
__Lsfr12                                       sfr12        00000
__Lsfr13                                       sfr13        00000
__Lsfr14                                       sfr14        00000
__Lsfr15                                       sfr15        00000
__Lsfr16                                       sfr16        00000
__Lsfr17                                       sfr17        00000
__Lsfr18                                       sfr18        00000
__Lsfr19                                       sfr19        00000
__Lsfr2                                        sfr2         00000
__Lsfr20                                       sfr20        00000
__Lsfr21                                       sfr21        00000
__Lsfr22                                       sfr22        00000
__Lsfr23                                       sfr23        00000
__Lsfr24                                       sfr24        00000
__Lsfr25                                       sfr25        00000
__Lsfr26                                       sfr26        00000
__Lsfr27                                       sfr27        00000
__Lsfr28                                       sfr28        00000
__Lsfr29                                       sfr29        00000
__Lsfr3                                        sfr3         00000
__Lsfr30                                       sfr30        00000
__Lsfr31                                       sfr31        00000
__Lsfr4                                        sfr4         00000
__Lsfr5                                        sfr5         00000
__Lsfr6                                        sfr6         00000
__Lsfr7                                        sfr7         00000
__Lsfr8                                        sfr8         00000
__Lsfr9                                        sfr9         00000
__Lsivt                                        sivt         0003F
__Lspace_0                                     (abs)        00000
__Lspace_1                                     (abs)        00000
__Lspace_2                                     (abs)        00000
__Lspace_3                                     (abs)        00000
__Lspace_4                                     (abs)        00000
__Lstack                                       stack        00000
__Lstrings                                     strings      00000
__Lstringtext1                                 stringtext1  00000
__Lstringtext2                                 stringtext2  00000
__Lstringtext3                                 stringtext3  00000
__Lstringtext4                                 stringtext4  00000
__Lstringtext5                                 stringtext5  00000
__Ltext                                        text         00000
__S0                                           (abs)        01000
__S1                                           (abs)        00138
__S3                                           (abs)        00000
___awdiv                                       text3        00EF6
___awdiv@counter                               cstackBANK0  0003F
___awdiv@dividend                              cstackCOMMON 00079
___awdiv@divisor                               cstackCOMMON 00077
___awdiv@quotient                              cstackBANK0  00041
___awdiv@sign                                  cstackBANK0  00040
___awmod                                       cinit        00206
___awmod@counter                               cstackBANK1  000C4
___awmod@dividend                              cstackBANK1  000C2
___awmod@divisor                               cstackBANK1  000C0
___awmod@sign                                  cstackBANK1  000C5
___bmul                                        cinit        001A7
___bmul@multiplicand                           cstackBANK1  000C0
___bmul@multiplier                             cstackBANK1  000C2
___bmul@product                                cstackBANK1  000C1
___heap_hi                                     (abs)        00000
___heap_lo                                     (abs)        00000
___int_sp                                      stack        00000
___int_stack_hi                                stack        00000
___int_stack_lo                                stack        00000
___latbits                                     (abs)        00001
___lbdiv                                       text3        00F43
___lbdiv@counter                               cstackCOMMON 00072
___lbdiv@dividend                              cstackCOMMON 00071
___lbdiv@divisor                               cstackCOMMON 00070
___lbdiv@quotient                              cstackCOMMON 00073
___lbmod                                       text3        00EBF
___lbmod@counter                               cstackCOMMON 00077
___lbmod@dividend                              cstackCOMMON 00076
___lbmod@divisor                               cstackCOMMON 00074
___lbmod@rem                                   cstackCOMMON 00078
___lwdiv                                       text3        00E89
___lwdiv@counter                               cstackCOMMON 0007D
___lwdiv@dividend                              cstackCOMMON 00079
___lwdiv@divisor                               cstackCOMMON 00077
___lwdiv@quotient                              cstackCOMMON 0007B
___lwmod                                       text3        00E5F
___lwmod@counter                               cstackBANK0  00043
___lwmod@dividend                              cstackBANK0  00041
___lwmod@divisor                               cstackBANK0  0003F
___sp                                          stack        00000
___stack_hi                                    stack        00000
___stack_lo                                    stack        00000
___stackhi                                     (abs)        00000
___stacklo                                     (abs)        00000
___wmul                                        text3        00EDA
___wmul@multiplicand                           cstackCOMMON 00073
___wmul@multiplier                             cstackCOMMON 00071
___wmul@product                                cstackCOMMON 00075
__end_ofPL10                                   text3        00F92
__end_ofPL12                                   text3        00F99
__end_ofPL14                                   text3        00FA3
__end_ofPL16                                   text3        00FAC
__end_ofPL18                                   text3        00FB4
__end_ofPL2                                    text3        00F70
__end_ofPL20                                   cinit        003E0
__end_ofPL22                                   text3        00FBC
__end_ofPL24                                   text3        00FC0
__end_ofPL26                                   text3        00FC8
__end_ofPL28                                   text3        00FD0
__end_ofPL30                                   text3        00FD6
__end_ofPL32                                   cinit        003E6
__end_ofPL34                                   text3        00FDD
__end_ofPL36                                   text3        00FE3
__end_ofPL38                                   cinit        003ED
__end_ofPL4                                    cinit        003D8
__end_ofPL40                                   cinit        003F2
__end_ofPL42                                   text3        00FE8
__end_ofPL44                                   text3        00FED
__end_ofPL46                                   cinit        003F7
__end_ofPL48                                   text3        00FF2
__end_ofPL50                                   text3        00FF6
__end_ofPL52                                   text3        00FFB
__end_ofPL54                                   text3        01000
__end_ofPL6                                    text3        00F78
__end_ofPL8                                    text3        00F85
__end_of_ADC_DefaultInterruptHandler           text83       0050A
__end_of_ADC_ISR                               text82       004DA
__end_of_ADC_Initialize                        cinit        00301
__end_of_ADC_SetInterruptHandler               cinit        003BA
__end_of_CMP1_ISR                              text3        00A76
__end_of_CMP1_Initialize                       cinit        0030D
__end_of_CMP2_ISR                              text3        00A6E
__end_of_CMP2_Initialize                       cinit        00318
__end_of_EUSART_DefaultErrorHandler            text3        00A66
__end_of_EUSART_DefaultFramingErrorHandler     text63       00507
__end_of_EUSART_DefaultOverrunErrorHandler     text62       00505
__end_of_EUSART_Initialize                     text18       0043D
__end_of_EUSART_Read                           text3        00AE1
__end_of_EUSART_Receive_ISR                    text3        00B0A
__end_of_EUSART_RxDataHandler                  text3        00D14
__end_of_EUSART_SetErrorHandler                text18       0044C
__end_of_EUSART_SetFramingErrorHandler         text18       00442
__end_of_EUSART_SetOverrunErrorHandler         text18       00447
__end_of_EUSART_SetRxInterruptHandler          cinit        002CB
__end_of_EUSART_Write                          text3        00D3C
__end_of_EUSART_is_tx_ready                    text3        00D43
__end_of_FLOORS                                stringtext4  004F1
__end_of_FVR_Initialize                        cinit        0031C
__end_of_INTERRUPT_InterruptManager            intentry     0003F
__end_of_IOCBF0_DefaultInterruptHandler        text72       00509
__end_of_IOCBF0_ISR                            text67       00490
__end_of_IOCBF0_SetInterruptHandler            cinit        002D0
__end_of_IOCBF3_DefaultInterruptHandler        text69       00508
__end_of_IOCBF3_ISR                            text67       0049D
__end_of_IOCBF3_SetInterruptHandler            cinit        002D5
__end_of_ISR_Floor1                            text3        00B22
__end_of_ISR_Floor2                            text3        00A88
__end_of_ISR_Floor3                            text3        00A7D
__end_of_ISR_Floor4                            text3        00B14
__end_of_Idle                                  cinit        001D1
__end_of_Ini_matrix                            cinit        00131
__end_of_MATRIX_CONFIG                         stringtext2  004CE
__end_of_MATRIX_DIR                            stringtext3  004E3
__end_of_MATRIX_FLOOR                          stringtext1  004C2
__end_of_Matrix_update_dir                     cinit        00198
__end_of_Matrix_update_floor                   text3        00A65
__end_of_Motor_Turn_Off                        cinit        000FB
__end_of_Motor_Turn_On                         cinit        001C1
__end_of_New_request                           text3        00C32
__end_of_Next_floor                            cinit        00206
__end_of_Next_index                            cinit        00273
__end_of_OSCILLATOR_Initialize                 cinit        00322
__end_of_PIN_MANAGER_IOC                       text67       00483
__end_of_PIN_MANAGER_Initialize                cinit        0034F
__end_of_PWM3_Initialize                       cinit        0035C
__end_of_Read_UART                             text3        00AC3
__end_of_Route_empty                           cinit        0028E
__end_of_SPI1_ExchangeBlock                    cinit        0040E
__end_of_SPI1_Initialize                       cinit        00368
__end_of_SPI1_Open                             cinit        002C6
__end_of_SYSTEM_Initialize                     cinit        002F5
__end_of_Start                                 cinit        003B5
__end_of_TMR0_Initialize                       cinit        00372
__end_of_TMR0_ReadTimer                        text3        00EBF
__end_of_TMR0_Reload                           cinit        00410
__end_of_TMR1_CallBack                         text41       0047B
__end_of_TMR1_DefaultInterruptHandler          text44       00506
__end_of_TMR1_ISR                              text41       00462
__end_of_TMR1_Initialize                       cinit        003D0
__end_of_TMR1_SetInterruptHandler              cinit        002DA
__end_of_TMR1_WriteTimer                       text41       00470
__end_of_TMR2_Initialize                       cinit        0037A
__end_of_TMR6_Initialize                       cinit        00384
__end_of_Tx_spi                                cinit        001A7
__end_of_Update_tx_buffer                      text3        00E5F
__end_of_WDT_Initialize                        cinit        00388
__end_of_Write_UART                            text3        00D35
__end_of___awdiv                               text3        00F43
__end_of___awmod                               cinit        00249
__end_of___bmul                                cinit        001B6
__end_of___lbdiv                               text3        00F62
__end_of___lbmod                               text3        00EDA
__end_of___lwdiv                               text3        00EBB
__end_of___lwmod                               text3        00E89
__end_of___wmul                                text3        00EF5
__end_of__initialization                       cinit        00069
__end_of_main                                  cinit        000F3
__end_of_spi1_configuration                    stringtext5  00501
__end_ofi1_Matrix_update_dir                   text3        00CD3
__end_ofi1_Matrix_update_floor                 text3        00B42
__end_ofi1_SPI1_ExchangeBlock                  text3        00D02
__end_ofi1_TMR0_Reload                         text3        00EF6
__end_ofi1_Tx_spi                              text3        00CE1
__end_ofi1___awmod                             text3        00C75
__end_ofi1___bmul                              text3        00CEF
__initialization                               cinit        00041
__pbssBANK0                                    bssBANK0     00020
__pbssBANK1                                    bssBANK1     000A0
__pcstackBANK0                                 cstackBANK0  0003F
__pcstackBANK1                                 cstackBANK1  000C0
__pcstackBANK2                                 cstackBANK2  00135
__pcstackCOMMON                                cstackCOMMON 00070
__pdataBANK1                                   dataBANK1    000E7
__pdataBANK2                                   dataBANK2    00120
__pidataBANK1                                  idataBANK1   004E3
__pidataBANK2                                  idataBANK2   0049D
__pintentry                                    intentry     00004
__pmaintext                                    cinit        0006C
__pnvBANK1                                     nvBANK1      000D7
__pstringtext1                                 stringtext1  004B2
__pstringtext2                                 stringtext2  004C2
__pstringtext3                                 stringtext3  004DA
__pstringtext4                                 stringtext4  004EB
__pstringtext5                                 stringtext5  004FD
__ptext1                                       cinit        00388
__ptext10                                      cinit        00368
__ptext11                                      cinit        0035C
__ptext12                                      cinit        0034F
__ptext13                                      cinit        00322
__ptext14                                      cinit        002D0
__ptext15                                      cinit        002CB
__ptext16                                      cinit        0031C
__ptext17                                      cinit        00318
__ptext18                                      text18       00410
__ptext19                                      cinit        002C6
__ptext2                                       cinit        0040E
__ptext20                                      text18       00442
__ptext21                                      text18       0043D
__ptext22                                      text18       00447
__ptext23                                      cinit        0030D
__ptext24                                      cinit        00301
__ptext25                                      cinit        002F5
__ptext26                                      cinit        003B5
__ptext27                                      cinit        0028E
__ptext28                                      cinit        00273
__ptext29                                      cinit        00249
__ptext3                                       text3        00A44
__ptext30                                      cinit        001D1
__ptext31                                      cinit        00206
__ptext32                                      cinit        000FB
__ptext33                                      cinit        001C1
__ptext34                                      cinit        001B6
__ptext35                                      cinit        000F3
__ptext36                                      cinit        00131
__ptext37                                      cinit        001A7
__ptext38                                      cinit        00198
__ptext39                                      cinit        003F7
__ptext4                                       cinit        002DA
__ptext41                                      text41       0044C
__ptext42                                      text41       00462
__ptext43                                      text41       00470
__ptext44                                      text44       00505
__ptext45                                      text3        00D14
__ptext46                                      text3        00D43
__ptext47                                      text3        00EDA
__ptext48                                      text3        00E5F
__ptext49                                      text3        00E89
__ptext5                                       cinit        00384
__ptext50                                      text3        00EBF
__ptext51                                      text3        00F43
__ptext52                                      text3        00EF6
__ptext53                                      text3        00EBB
__ptext54                                      text3        00D3C
__ptext55                                      text3        00D35
__ptext56                                      text3        00AE1
__ptext57                                      text3        00A88
__ptext58                                      text3        00B42
__ptext59                                      text3        00C32
__ptext6                                       cinit        0037A
__ptext60                                      text3        00C75
__ptext61                                      text3        00CE1
__ptext62                                      text62       00501
__ptext63                                      text63       00506
__ptext64                                      text3        00A65
__ptext65                                      text3        00D02
__ptext66                                      text3        00AC3
__ptext67                                      text67       0047B
__ptext68                                      text67       00490
__ptext69                                      text69       00507
__ptext7                                       cinit        00372
__ptext70                                      text3        00A7D
__ptext71                                      text67       00483
__ptext72                                      text72       00508
__ptext73                                      text3        00B14
__ptext74                                      text3        00A66
__ptext75                                      text3        00B0A
__ptext76                                      text3        00EF5
__ptext77                                      text3        00A6E
__ptext78                                      text3        00A76
__ptext79                                      text3        00B22
__ptext8                                       cinit        003BA
__ptext80                                      text3        00CD3
__ptext81                                      text3        00CEF
__ptext82                                      text82       004CE
__ptext83                                      text83       00509
__ptext9                                       cinit        002D5
_current_floor                                 bssBANK0     0003D
_eusartRxBuffer                                bssBANK1     000B2
_eusartRxCount                                 bssBANK0     00037
_eusartRxHead                                  bssBANK0     00039
_eusartRxLastError                             bssBANK0     00036
_eusartRxStatusBuffer                          bssBANK1     000AA
_eusartRxTail                                  bssBANK0     00038
_idle                                          bssBANK0     0003A
_index                                         bssBANK0     0003E
_main                                          cinit        0006C
_next_floor                                    bssBANK0     0003C
_position                                      bssBANK1     000BE
_position0                                     bssBANK0     00031
_route                                         bssBANK0     00027
_spi1_configuration                            stringtext5  004FD
_timer0ReloadVal                               bssBANK0     00035
_timer1ReloadVal                               bssBANK0     0002F
_uart_read_buffer                              bssBANK1     000A0
_uart_read_buffer_count                        bssBANK0     00033
_uart_write_buffer                             dataBANK2    00120
_var                                           bssBANK0     00020
btemp                                          (abs)        0007E
clear_ram0                                     clrtext      004F7
end_of_initialization                          cinit        00069
i1Matrix_update_dir@data                       cstackBANK0  00044
i1Matrix_update_dir@display_dir                cstackBANK0  00046
i1Matrix_update_dir@i                          cstackBANK0  00048
i1Matrix_update_dir@i_1802                     cstackBANK0  00047
i1Matrix_update_dir@mask                       cstackBANK0  00043
i1Matrix_update_dir@route_                     cstackBANK0  0003F
i1Matrix_update_floor@data                     cstackCOMMON 00078
i1Matrix_update_floor@display_floor            cstackCOMMON 0007A
i1Matrix_update_floor@i                        cstackCOMMON 0007B
i1SPI1_ExchangeBlock@block                     cstackCOMMON 00070
i1SPI1_ExchangeBlock@blockSize                 cstackCOMMON 00071
i1SPI1_ExchangeBlock@data                      cstackCOMMON 00073
i1Tx_spi@data                                  cstackCOMMON 00074
i1Tx_spi@dataSize                              cstackCOMMON 00075
i1_Matrix_update_dir                           text3        00C75
i1_Matrix_update_floor                         text3        00B22
i1_SPI1_ExchangeBlock                          text3        00CEF
i1_TMR0_Reload                                 text3        00EF5
i1_Tx_spi                                      text3        00CD3
i1___awmod                                     text3        00C32
i1___awmod@counter                             cstackCOMMON 00074
i1___awmod@dividend                            cstackCOMMON 00072
i1___awmod@divisor                             cstackCOMMON 00070
i1___awmod@sign                                cstackCOMMON 00075
i1___bmul                                      text3        00CE1
i1___bmul@multiplicand                         cstackCOMMON 00070
i1___bmul@multiplier                           cstackCOMMON 00072
i1___bmul@product                              cstackCOMMON 00071
init_ram                                       inittext     004F1
int$flags                                      (abs)        0007E
intlevel0                                      functab      00000
intlevel1                                      functab      00000
intlevel2                                      functab      00000
intlevel3                                      functab      00000
intlevel4                                      functab      00000
intlevel5                                      functab      00000
main@is_empty                                  cstackBANK2  00137
main@next_index                                cstackBANK2  00135
reset_vec                                      reset_vec    00000
start                                          init         0003F
start_initialization                           cinit        00041
wtemp0                                         (abs)        0007E
