Microchip MPLAB XC8 Compiler V3.00

Linker command line:

-W-3 \
  --edf=C:/Users/pedro/.mchp_packs/Microchip/PIC12-16F1xxx_DFP/1.8.254/xc8\pic\dat\20250327143623_en.msgs \
  -cn -h+dist/Config_2/debug\projeto_final2_Copia_3.X.debug.sym \
  --cmf=dist/Config_2/debug\projeto_final2_Copia_3.X.debug.cmf -z -Q16F1827 \
  -oC:\Users\pedro\AppData\Local\Temp\xcAs10fk.\driver_tmp_3.o \
  --defsym=__MPLAB_BUILD=1 --fixupoverflow=error \
  -Mdist/Config_2/debug/projeto_final2_Copia_3.X.debug.map \
  --md=C:\Users\pedro\AppData\Local\Temp\xcAs10fk.\driver_tmp_0.dat -E1 \
  -ver=XC8 Compiler -ACODE=00h-07FFhx2 -ASTRCODE=00h-0FFFh \
  -ASTRING=00h-0FFhx16 -ACONST=00h-0FFhx16 -AENTRY=00h-0FFhx16 \
  -ACOMMON=070h-07Fh -ABANK0=020h-06Fh -ABANK1=0A0h-0EFh \
  -ABANK2=0120h-016Fh -ABANK3=01A0h-01EFh -ABANK4=0220h-023Fh \
  -ABIGRAM=02000h-0215Fh \
  -ARAM=020h-06Fh,0A0h-0EFh,0120h-016Fh,01A0h-01EFh,0220h-023Fh \
  -AABS1=020h-07Fh,0A0h-0EFh,0120h-016Fh,01A0h-01EFh,0220h-024Fh \
  -ASFR0=00h-01Fh -ASFR1=080h-09Fh -ASFR2=0100h-011Fh -ASFR3=0180h-019Fh \
  -ASFR4=0200h-021Fh -ASFR5=0280h-02EFh -ASFR6=0300h-036Fh \
  -ASFR7=0380h-03EFh -ASFR8=0400h-046Fh -ASFR9=0480h-04EFh \
  -ASFR10=0500h-056Fh -ASFR11=0580h-05EFh -ASFR12=0600h-066Fh \
  -ASFR13=0680h-06EFh -ASFR14=0700h-076Fh -ASFR15=0780h-07EFh \
  -ASFR16=0800h-086Fh -ASFR17=0880h-08EFh -ASFR18=0900h-096Fh \
  -ASFR19=0980h-09EFh -ASFR20=0A00h-0A6Fh -ASFR21=0A80h-0AEFh \
  -ASFR22=0B00h-0B6Fh -ASFR23=0B80h-0BEFh -ASFR24=0C00h-0C6Fh \
  -ASFR25=0C80h-0CEFh -ASFR26=0D00h-0D6Fh -ASFR27=0D80h-0DEFh \
  -ASFR28=0E00h-0E6Fh -ASFR29=0E80h-0EEFh -ASFR30=0F00h-0F6Fh \
  -ASFR31=0F80h-0FEFh -ACONFIG=08007h-08008h -DCONFIG=2 \
  -AIDLOC=08000h-08003h -DIDLOC=2 -AEEDATA=00h-0FFh/0F000h \
  -peeprom_data=EEDATA -DEEDATA=2 -DCODE=2 -DSTRCODE=2 -DSTRING=2 -DCONST=2 \
  -DENTRY=2 -preset_vec=00h,intentry=04h,sivt,init,end_init -ppowerup=CODE \
  -pcinit=CODE -pfunctab=ENTRY -k \
  C:\Users\pedro\AppData\Local\Temp\xcAs10fk.\driver_tmp_15.o \
  dist/Config_2/debug\projeto_final2_Copia_3.X.debug.o 

Object code version is 3.11

Machine type is 16F1827



                Name                               Link     Load   Length Selector   Space Scale
C:\Users\pedro\AppData\Local\Temp\xcAs10fk.\driver_tmp_15.o
                end_init                             3F       3F        2        8       0
                reset_vec                             0        0        3        0       0
                config                             8007     8007        2        0       4
dist/Config_2/debug\projeto_final2_Copia_3.X.debug.o
                cinit                                41       41       2B        8       0
                intentry                              4        4       3B        8       0
                config                             8007     8007        2        0       4
                text82                              F4D      F4D       21     1E9A       0
                text81                              DCF      DCF        F     1B9E       0
                text80                              FD8      FD8       28     1FB0       0
                text79                              CA9      CA9        5     1952       0
                text78                              DDE      DDE        F     1BBC       0
                text77                              D0C      D0C        9     1A18       0
                text76                              DED      DED        F     1BDA       0
                text75                              D15      D15        9     1A2A       0
                text74                              C96      C96        1     192C       0
                text73                              D80      D80        D     1B00       0
                text72                              E2B      E2B       12     1C56       0
                text71                              C97      C97        1     192E       0
                text70                              D8D      D8D        D     1B1A       0
                text69                              E61      E61       15     1CC2       0
                text68                              C98      C98        1     1930       0
                text67                              D9A      D9A        D     1B34       0
                text66                              D3C      D3C        B     1A78       0
                text65                              F0F      F0F       1F     1E1E       0
                text64                              E3D      E3D       12     1C7A       0
                text63                              C9A      C9A        3     1934       0
                text62                              C99      C99        1     1932       0
                text61                              C9D      C9D        4     193A       0
                text60                              DFC      DFC        F     1BF8       0
                text59                              424      424       79        8       0
                text58                              5C6      5C6       43        8       0
                text57                               6C       6C      16D        8       0
                text56                              583      583       43        8       0
                text55                              686      686       36        8       0
                text54                              CEE      CEE        7     19DC       0
                text53                              CF5      CF5        7     19EA       0
                text52                              CAE      CAE        5     195C       0
                text51                              4F3      4F3       4D        8       0
                text50                              F2E      F2E       1F     1E5C       0
                text49                              EBB      EBB       1B     1D76       0
                text48                              6EF      6EF       32        8       0
                text47                              7D4      7D4       2A        8       0
                text46                              ED6      ED6       1B     1DAC       0
                text45                              1D9      1D9      132        8       0
                text44                              FB4      FB4       24     1F68       0
                text43                                3        3        1        0       0
                text42                              D47      D47        B     1A8E       0
                text41                              DC1      DC1        E     1B82       0
                text40                              EA2      EA2       19     1D44       0
                text38                              F6E      F6E       23     1EDC       0
                text37                              E0B      E0B       10     1C16       0
                text36                              E1B      E1B       10     1C36       0
                text35                              3A3      3A3       81        8       0
                text34                              D52      D52        B     1AA4       0
                text33                              DA7      DA7        D     1B4E       0
                text32                              E4F      E4F       12     1C9E       0
                text31                              648      648       3E        8       0
                text30                              540      540       43        8       0
                text29                              609      609       3F        8       0
                text28                              6BC      6BC       33        8       0
                text27                              EF1      EF1       1E     1DE2       0
                text26                              49D      49D       56        8       0
                text25                              D68      D68        C     1AD0       0
                text24                              D5D      D5D        B     1ABA       0
                text23                              D1E      D1E        A     1A3C       0
                text22                              CB3      CB3        5     1966       0
                text21                              CB8      CB8        5     1970       0
                text20                              CBD      CBD        5     197A       0
                text19                              CC2      CC2        5     1984       0
                text18                              721      721       30        8       0
                text17                              CA1      CA1        4     1942       0
                text16                              CD6      CD6        6     19AC       0
                text15                              CC7      CC7        5     198E       0
                text14                              CCC      CCC        5     1998       0
                text13                              751      751       2F        8       0
                text12                              DB4      DB4        D     1B68       0
                text11                              D74      D74        C     1AE8       0
                text10                              D28      D28        A     1A50       0
                text9                               CD1      CD1        5     19A2       0
                text8                               E8B      E8B       17     1D16       0
                text7                               CFC      CFC        8     19F8       0
                text6                               D32      D32        A     1A64       0
                text5                               CA5      CA5        4     194A       0
                text4                               7AA      7AA       2A        8       0
                text3                               780      780       2A        8       0
                text2                               CDC      CDC        6     19B8       0
                text1                               F91      F91       23     1F22       0
                maintext                            30B      30B       98        8       0
                cstackBANK0                          3E       3E       1E       20       1
                cstackCOMMON                         70       70        E       70       1
                cstackBANK1                          C5       C5       15       A0       1
                cstackBANK2                         135      135        5      120       1
                clrtext                             CE2      CE2        6     19C4       0
                inittext                            CE8      CE8        6     19D0       0
                dataBANK2                           120      120       15      120       1
                dataBANK1                            E8       E8        8       A0       1
                bssBANK1                             A0       A0       25       A0       1
                bssBANK0                             20       20       1E       20       1
                nvBANK1                              DA       DA        E       A0       1
                stringtext5                         829      829        4      FFC       0
                stringtext4                         823      823        6      FFC       0
                stringtext3                         81A      81A        9      FFC       0
                stringtext2                         80E      80E        C      FFC       0
                stringtext1                         7FE      7FE       10      FFC       0
                idataBANK2                          E76      E76       15     1CEC       0
                idataBANK1                          D04      D04        8     1A08       0

TOTAL           Name                               Link     Load   Length     Space
        CLASS   CODE           
                end_init                             3F       3F        2         0
                cinit                                41       41       2B         0
                intentry                              4        4       3B         0
                reset_vec                             0        0        3         0
                text82                              F4D      F4D       21         0
                text81                              DCF      DCF        F         0
                text80                              FD8      FD8       28         0
                text79                              CA9      CA9        5         0
                text78                              DDE      DDE        F         0
                text77                              D0C      D0C        9         0
                text76                              DED      DED        F         0
                text75                              D15      D15        9         0
                text74                              C96      C96        1         0
                text73                              D80      D80        D         0
                text72                              E2B      E2B       12         0
                text71                              C97      C97        1         0
                text70                              D8D      D8D        D         0
                text69                              E61      E61       15         0
                text68                              C98      C98        1         0
                text67                              D9A      D9A        D         0
                text66                              D3C      D3C        B         0
                text65                              F0F      F0F       1F         0
                text64                              E3D      E3D       12         0
                text63                              C9A      C9A        3         0
                text62                              C99      C99        1         0
                text61                              C9D      C9D        4         0
                text60                              DFC      DFC        F         0
                text59                              424      424       79         0
                text58                              5C6      5C6       43         0
                text57                               6C       6C      16D         0
                text56                              583      583       43         0
                text55                              686      686       36         0
                text54                              CEE      CEE        7         0
                text53                              CF5      CF5        7         0
                text52                              CAE      CAE        5         0
                text51                              4F3      4F3       4D         0
                text50                              F2E      F2E       1F         0
                text49                              EBB      EBB       1B         0
                text48                              6EF      6EF       32         0
                text47                              7D4      7D4       2A         0
                text46                              ED6      ED6       1B         0
                text45                              1D9      1D9      132         0
                text44                              FB4      FB4       24         0
                text43                                3        3        1         0
                text42                              D47      D47        B         0
                text41                              DC1      DC1        E         0
                text40                              EA2      EA2       19         0
                text38                              F6E      F6E       23         0
                text37                              E0B      E0B       10         0
                text36                              E1B      E1B       10         0
                text35                              3A3      3A3       81         0
                text34                              D52      D52        B         0
                text33                              DA7      DA7        D         0
                text32                              E4F      E4F       12         0
                text31                              648      648       3E         0
                text30                              540      540       43         0
                text29                              609      609       3F         0
                text28                              6BC      6BC       33         0
                text27                              EF1      EF1       1E         0
                text26                              49D      49D       56         0
                text25                              D68      D68        C         0
                text24                              D5D      D5D        B         0
                text23                              D1E      D1E        A         0
                text22                              CB3      CB3        5         0
                text21                              CB8      CB8        5         0
                text20                              CBD      CBD        5         0
                text19                              CC2      CC2        5         0
                text18                              721      721       30         0
                text17                              CA1      CA1        4         0
                text16                              CD6      CD6        6         0
                text15                              CC7      CC7        5         0
                text14                              CCC      CCC        5         0
                text13                              751      751       2F         0
                text12                              DB4      DB4        D         0
                text11                              D74      D74        C         0
                text10                              D28      D28        A         0
                text9                               CD1      CD1        5         0
                text8                               E8B      E8B       17         0
                text7                               CFC      CFC        8         0
                text6                               D32      D32        A         0
                text5                               CA5      CA5        4         0
                text4                               7AA      7AA       2A         0
                text3                               780      780       2A         0
                text2                               CDC      CDC        6         0
                text1                               F91      F91       23         0
                maintext                            30B      30B       98         0
                clrtext                             CE2      CE2        6         0
                inittext                            CE8      CE8        6         0
                idataBANK2                          E76      E76       15         0
                idataBANK1                          D04      D04        8         0

        CLASS   STRCODE        
                stringtext5                         829      829        4         0
                stringtext4                         823      823        6         0
                stringtext3                         81A      81A        9         0
                stringtext2                         80E      80E        C         0
                stringtext1                         7FE      7FE       10         0

        CLASS   STRING         

        CLASS   CONST          

        CLASS   ENTRY          

        CLASS   COMMON         
                cstackCOMMON                         70       70        E         1

        CLASS   BANK0          
                cstackBANK0                          3E       3E       1E         1
                bssBANK0                             20       20       1E         1

        CLASS   BANK1          
                cstackBANK1                          C5       C5       15         1
                dataBANK1                            E8       E8        8         1
                bssBANK1                             A0       A0       25         1
                nvBANK1                              DA       DA        E         1

        CLASS   BANK2          
                cstackBANK2                         135      135        5         1
                dataBANK2                           120      120       15         1

        CLASS   BANK3          

        CLASS   BANK4          

        CLASS   BIGRAM         

        CLASS   RAM            

        CLASS   ABS1           
                abs_s1                               7E       7E        2         1

        CLASS   SFR0           

        CLASS   SFR1           

        CLASS   SFR2           

        CLASS   SFR3           

        CLASS   SFR4           

        CLASS   SFR5           

        CLASS   SFR6           

        CLASS   SFR7           

        CLASS   SFR8           

        CLASS   SFR9           

        CLASS   SFR10          

        CLASS   SFR11          

        CLASS   SFR12          

        CLASS   SFR13          

        CLASS   SFR14          

        CLASS   SFR15          

        CLASS   SFR16          

        CLASS   SFR17          

        CLASS   SFR18          

        CLASS   SFR19          

        CLASS   SFR20          

        CLASS   SFR21          

        CLASS   SFR22          

        CLASS   SFR23          

        CLASS   SFR24          

        CLASS   SFR25          

        CLASS   SFR26          

        CLASS   SFR27          

        CLASS   SFR28          

        CLASS   SFR29          

        CLASS   SFR30          

        CLASS   SFR31          

        CLASS   CONFIG         
                config                             8007     8007        2         4

        CLASS   IDLOC          

        CLASS   EEDATA         

        CLASS   BANK31         

        CLASS   BANK30         

        CLASS   BANK29         

        CLASS   BANK28         

        CLASS   BANK27         

        CLASS   BANK26         

        CLASS   BANK25         

        CLASS   BANK24         

        CLASS   BANK23         

        CLASS   BANK22         

        CLASS   BANK21         

        CLASS   BANK20         

        CLASS   BANK19         

        CLASS   BANK18         

        CLASS   BANK17         

        CLASS   BANK16         

        CLASS   BANK15         

        CLASS   BANK14         

        CLASS   BANK13         

        CLASS   BANK12         

        CLASS   BANK11         

        CLASS   BANK10         

        CLASS   BANK9          

        CLASS   BANK8          

        CLASS   BANK7          

        CLASS   BANK6          

        CLASS   BANK5          

        CLASS   HEAP           

        CLASS   STACK          



SEGMENTS        Name                           Load    Length   Top    Selector   Space  Class     Delta

                reset_vec                      000000  000004  000004         0       0  CODE        2
                intentry                       000004  0007FA  0007FE         8       0  CODE        2
                bssBANK0                       000020  00003C  00005C        20       1  BANK0       1
                cstackCOMMON                   000070  00000E  00007E        70       1  COMMON      1
                bssBANK1                       0000A0  000050  0000F0        A0       1  BANK1       1
                dataBANK2                      000120  00001A  00013A       120       1  BANK2       1
                stringtext1                    0007FE  00002F  00082D       FFC       0  STRCODE     2
                text74                         000C96  000001  000C97      192C       0  CODE        2
                text71                         000C97  000001  000C98      192E       0  CODE        2
                text68                         000C98  000001  000C99      1930       0  CODE        2
                text62                         000C99  000001  000C9A      1932       0  CODE        2
                text63                         000C9A  000003  000C9D      1934       0  CODE        2
                text61                         000C9D  000004  000CA1      193A       0  CODE        2
                text17                         000CA1  000004  000CA5      1942       0  CODE        2
                text5                          000CA5  000004  000CA9      194A       0  CODE        2
                text79                         000CA9  000005  000CAE      1952       0  CODE        2
                text52                         000CAE  000005  000CB3      195C       0  CODE        2
                text22                         000CB3  000005  000CB8      1966       0  CODE        2
                text21                         000CB8  000005  000CBD      1970       0  CODE        2
                text20                         000CBD  000005  000CC2      197A       0  CODE        2
                text19                         000CC2  000005  000CC7      1984       0  CODE        2
                text15                         000CC7  000005  000CCC      198E       0  CODE        2
                text14                         000CCC  000005  000CD1      1998       0  CODE        2
                text9                          000CD1  000005  000CD6      19A2       0  CODE        2
                text16                         000CD6  000006  000CDC      19AC       0  CODE        2
                text2                          000CDC  000006  000CE2      19B8       0  CODE        2
                clrtext                        000CE2  000006  000CE8      19C4       0  CODE        2
                inittext                       000CE8  000006  000CEE      19D0       0  CODE        2
                text54                         000CEE  000007  000CF5      19DC       0  CODE        2
                text53                         000CF5  000007  000CFC      19EA       0  CODE        2
                text7                          000CFC  000008  000D04      19F8       0  CODE        2
                idataBANK1                     000D04  000008  000D0C      1A08       0  CODE        2
                text77                         000D0C  000009  000D15      1A18       0  CODE        2
                text75                         000D15  000009  000D1E      1A2A       0  CODE        2
                text23                         000D1E  00000A  000D28      1A3C       0  CODE        2
                text10                         000D28  00000A  000D32      1A50       0  CODE        2
                text6                          000D32  00000A  000D3C      1A64       0  CODE        2
                text66                         000D3C  00000B  000D47      1A78       0  CODE        2
                text42                         000D47  00000B  000D52      1A8E       0  CODE        2
                text34                         000D52  00000B  000D5D      1AA4       0  CODE        2
                text24                         000D5D  00000B  000D68      1ABA       0  CODE        2
                text25                         000D68  00000C  000D74      1AD0       0  CODE        2
                text11                         000D74  00000C  000D80      1AE8       0  CODE        2
                text73                         000D80  00000D  000D8D      1B00       0  CODE        2
                text70                         000D8D  00000D  000D9A      1B1A       0  CODE        2
                text67                         000D9A  00000D  000DA7      1B34       0  CODE        2
                text33                         000DA7  00000D  000DB4      1B4E       0  CODE        2
                text12                         000DB4  00000D  000DC1      1B68       0  CODE        2
                text41                         000DC1  00000E  000DCF      1B82       0  CODE        2
                text81                         000DCF  00000F  000DDE      1B9E       0  CODE        2
                text78                         000DDE  00000F  000DED      1BBC       0  CODE        2
                text76                         000DED  00000F  000DFC      1BDA       0  CODE        2
                text60                         000DFC  00000F  000E0B      1BF8       0  CODE        2
                text37                         000E0B  000010  000E1B      1C16       0  CODE        2
                text36                         000E1B  000010  000E2B      1C36       0  CODE        2
                text72                         000E2B  000012  000E3D      1C56       0  CODE        2
                text64                         000E3D  000012  000E4F      1C7A       0  CODE        2
                text32                         000E4F  000012  000E61      1C9E       0  CODE        2
                text69                         000E61  000015  000E76      1CC2       0  CODE        2
                idataBANK2                     000E76  000015  000E8B      1CEC       0  CODE        2
                text8                          000E8B  000017  000EA2      1D16       0  CODE        2
                text40                         000EA2  000019  000EBB      1D44       0  CODE        2
                text49                         000EBB  00001B  000ED6      1D76       0  CODE        2
                text46                         000ED6  00001B  000EF1      1DAC       0  CODE        2
                text27                         000EF1  00001E  000F0F      1DE2       0  CODE        2
                text65                         000F0F  00001F  000F2E      1E1E       0  CODE        2
                text50                         000F2E  00001F  000F4D      1E5C       0  CODE        2
                text82                         000F4D  000021  000F6E      1E9A       0  CODE        2
                text38                         000F6E  000023  000F91      1EDC       0  CODE        2
                text1                          000F91  000023  000FB4      1F22       0  CODE        2
                text44                         000FB4  000024  000FD8      1F68       0  CODE        2
                text80                         000FD8  000028  001000      1FB0       0  CODE        2


UNUSED ADDRESS RANGES

        Name                Unused          Largest block    Delta
        BANK0            0005C-0006F              14           1
        BANK2            0013A-0016F              36           1
        BANK3            001A0-001EF              50           1
        BANK4            00220-0023F              20           1
        BIGRAM           02000-0215F             160           1
        CODE             0082D-00C95             469           2
        CONST            0082D-00C95             100           2
        EEDATA           0F000-0F0FF             100           2
        ENTRY            0082D-00C95             100           2
        IDLOC            08000-08003               4           2
        RAM              0005C-0006F              14           1
                         0013A-0016F              36
                         001A0-001EF              50
                         00220-0023F              20
        SFR0             00000-0001F              20           1
        SFR1             00080-0009F              20           1
        SFR10            00500-0056F              70           1
        SFR11            00580-005EF              70           1
        SFR12            00600-0066F              70           1
        SFR13            00680-006EF              70           1
        SFR14            00700-0076F              70           1
        SFR15            00780-007EF              70           1
        SFR16            00800-0086F              70           1
        SFR17            00880-008EF              70           1
        SFR18            00900-0096F              70           1
        SFR19            00980-009EF              70           1
        SFR2             00100-0011F              20           1
        SFR20            00A00-00A6F              70           1
        SFR21            00A80-00AEF              70           1
        SFR22            00B00-00B6F              70           1
        SFR23            00B80-00BEF              70           1
        SFR24            00C00-00C6F              70           1
        SFR25            00C80-00CEF              70           1
        SFR26            00D00-00D6F              70           1
        SFR27            00D80-00DEF              70           1
        SFR28            00E00-00E6F              70           1
        SFR29            00E80-00EEF              70           1
        SFR3             00180-0019F              20           1
        SFR30            00F00-00F6F              70           1
        SFR31            00F80-00FEF              70           1
        SFR4             00200-0021F              20           1
        SFR5             00280-002EF              70           1
        SFR6             00300-0036F              70           1
        SFR7             00380-003EF              70           1
        SFR8             00400-0046F              70           1
        SFR9             00480-004EF              70           1
        STRCODE          0082D-00C95             469           2
        STRING           0082D-00C95             100           2

                                  Symbol Table

?___awdiv                                      cstackCOMMON 00077
?___awmod                                      cstackBANK1  000C5
?___lwdiv                                      cstackCOMMON 00077
?___lwmod                                      cstackBANK0  0003E
?___wmul                                       cstackCOMMON 00071
?i1___awmod                                    cstackCOMMON 00070
ECCP2_CallBack@capturedValue                   cstackCOMMON 00070
ECCP2_CaptureISR@module                        cstackCOMMON 00072
EUSART_Read@readValue                          cstackCOMMON 00070
EUSART_SetErrorHandler@interruptHandler        cstackBANK1  000C5
EUSART_SetFramingErrorHandler@interruptHandler cstackBANK1  000C5
EUSART_SetOverrunErrorHandler@interruptHandler cstackBANK1  000C5
EUSART_SetRxInterruptHandler@interruptHandler  cstackBANK1  000C5
EUSART_Write@txData                            cstackCOMMON 00070
IOCBF0_SetInterruptHandler@InterruptHandler    cstackBANK1  000C5
IOCBF3_SetInterruptHandler@InterruptHandler    cstackBANK1  000C5
Ini_matrix@data                                cstackBANK1  000CD
Ini_matrix@i                                   cstackBANK1  000CC
Ini_matrix@i_1697                              cstackBANK1  000D0
Ini_matrix@k                                   cstackBANK1  000CF
Matrix_update_dir@data                         cstackBANK1  000D3
Matrix_update_dir@display_dir                  cstackBANK1  000D2
Matrix_update_dir@i                            cstackBANK1  000D6
Matrix_update_dir@i_1708                       cstackBANK1  000D5
Matrix_update_dir@mask                         cstackBANK1  000D1
Matrix_update_dir@route_                       cstackBANK1  000CD
Matrix_update_floor@data                       cstackBANK1  000CD
Matrix_update_floor@display_floor              cstackBANK1  000CF
Matrix_update_floor@i                          cstackBANK1  000D0
New_request@dest                               cstackCOMMON 0007A
New_request@i                                  cstackBANK0  0004E
New_request@i_1650                             cstackBANK0  00050
New_request@i_1651                             cstackBANK0  00052
New_request@i_1652                             cstackBANK0  00054
New_request@index_                             cstackBANK0  00056
New_request@index_ori                          cstackBANK0  0004C
New_request@origin                             cstackCOMMON 00078
Next_floor@i                                   cstackBANK1  000CE
Next_floor@index_                              cstackBANK1  000CC
Next_index@i                                   cstackBANK1  000CE
Next_index@index_                              cstackBANK1  000CC
Read_UART@dest                                 cstackBANK0  0005A
Read_UART@ori                                  cstackBANK0  00058
Route_empty@i                                  cstackBANK1  000C6
SPI1_ExchangeBlock@block                       cstackBANK1  000C5
SPI1_ExchangeBlock@blockSize                   cstackBANK1  000C6
SPI1_ExchangeBlock@data                        cstackBANK1  000C8
SPI1_Open@spi1UniqueConfiguration              cstackBANK1  000C8
TMR0_ReadTimer@readVal                         cstackCOMMON 00070
TMR0_WriteTimer@timerVal                       cstackBANK1  000C5
TMR1_ISR@CountCallBack                         bssBANK0     00028
TMR1_SetInterruptHandler@InterruptHandler      cstackBANK1  000C5
TMR1_WriteTimer@timerVal                       cstackCOMMON 00070
Tx_spi@data                                    cstackBANK1  000C9
Tx_spi@dataSize                                cstackBANK1  000CA
Write_UART@i                                   cstackBANK0  00046
_ANSELA                                        (abs)        0018C
_ANSELB                                        (abs)        0018D
_APFCON0                                       (abs)        0011D
_APFCON1                                       (abs)        0011E
_BAUDCON                                       (abs)        0019F
_BORCON                                        (abs)        00116
_CCP2CON                                       (abs)        0029A
_CCP3CON                                       (abs)        00313
_CCP3CONbits                                   (abs)        00313
_CCPR2H                                        (abs)        00299
_CCPR2L                                        (abs)        00298
_CCPR3H                                        (abs)        00312
_CCPR3L                                        (abs)        00311
_CCPTMRS0bits                                  (abs)        0029E
_CM1CON0                                       (abs)        00111
_CM1CON1                                       (abs)        00112
_CM2CON0                                       (abs)        00113
_CM2CON1                                       (abs)        00114
_CMP1_ISR                                      text77       00D0C
_CMP1_Initialize                               text25       00D68
_CMP2_ISR                                      text75       00D15
_CMP2_Initialize                               text24       00D5D
_ECCP2_CallBack                                text74       00C96
_ECCP2_CaptureISR                              text73       00D80
_ECCP2_Initialize                              text23       00D1E
_EUSART_DefaultErrorHandler                    text63       00C9A
_EUSART_DefaultFramingErrorHandler             text62       00C99
_EUSART_DefaultOverrunErrorHandler             text61       00C9D
_EUSART_ErrorHandler                           nvBANK1      000DC
_EUSART_FramingErrorHandler                    nvBANK1      000E0
_EUSART_Initialize                             text18       00721
_EUSART_OverrunErrorHandler                    nvBANK1      000DE
_EUSART_Read                                   text65       00F0F
_EUSART_Receive_ISR                            text55       00686
_EUSART_RxDataHandler                          text64       00E3D
_EUSART_RxDefaultInterruptHandler              nvBANK1      000E2
_EUSART_SetErrorHandler                        text22       00CB3
_EUSART_SetFramingErrorHandler                 text21       00CB8
_EUSART_SetOverrunErrorHandler                 text20       00CBD
_EUSART_SetRxInterruptHandler                  text19       00CC2
_EUSART_Write                                  text54       00CEE
_EUSART_is_tx_ready                            text53       00CF5
_FLOORS                                        stringtext4  00823
_FVRCON                                        (abs)        00117
_FVR_Initialize                                text17       00CA1
_INTCONbits                                    (abs)        0000B
_INTERRUPT_InterruptManager                    intentry     00004
_IOCBF0_DefaultInterruptHandler                text71       00C97
_IOCBF0_ISR                                    text70       00D8D
_IOCBF0_InterruptHandler                       nvBANK1      000E6
_IOCBF0_SetInterruptHandler                    text15       00CC7
_IOCBF3_DefaultInterruptHandler                text68       00C98
_IOCBF3_ISR                                    text67       00D9A
_IOCBF3_InterruptHandler                       nvBANK1      000E4
_IOCBF3_SetInterruptHandler                    text14       00CCC
_IOCBFbits                                     (abs)        00396
_IOCBNbits                                     (abs)        00395
_IOCBPbits                                     (abs)        00394
_ISR_Floor1                                    text72       00E2B
_ISR_Floor2                                    text69       00E61
_ISR_Floor3                                    text78       00DDE
_ISR_Floor4                                    text76       00DED
_Idle                                          text32       00E4F
_Ini_matrix                                    text31       00648
_LATA                                          (abs)        0010C
_LATAbits                                      (abs)        0010C
_LATB                                          (abs)        0010D
_LATBbits                                      (abs)        0010D
_MATRIX_CONFIG                                 stringtext2  0080E
_MATRIX_DIR                                    stringtext3  0081A
_MATRIX_FLOOR                                  stringtext1  007FE
_Matrix_update_dir                             text35       003A3
_Matrix_update_floor                           text3        00780
_Motor_Turn_Off                                text34       00D52
_Motor_Turn_On                                 text33       00DA7
_New_request                                   text57       0006C
_Next_floor                                    text29       00609
_Next_index                                    text28       006BC
_OPTION_REG                                    (abs)        00095
_OPTION_REGbits                                (abs)        00095
_OSCCON                                        (abs)        00099
_OSCILLATOR_Initialize                         text16       00CD6
_OSCTUNE                                       (abs)        00098
_PIE1bits                                      (abs)        00091
_PIE2bits                                      (abs)        00092
_PIN_MANAGER_IOC                               text66       00D3C
_PIN_MANAGER_Initialize                        text13       00751
_PIR1bits                                      (abs)        00011
_PIR2bits                                      (abs)        00012
_PIR3bits                                      (abs)        00013
_PR2                                           (abs)        0001B
_PR6                                           (abs)        0041D
_PWM3_Initialize                               text12       00DB4
_RCREG                                         (abs)        00199
_RCSTA                                         (abs)        0019D
_RCSTAbits                                     (abs)        0019D
_Read_UART                                     text56       00583
_Route_empty                                   text27       00EF1
_SPBRGH                                        (abs)        0019C
_SPBRGL                                        (abs)        0019B
_SPI1_ExchangeBlock                            text38       00F6E
_SPI1_Initialize                               text11       00D74
_SPI1_Open                                     text26       0049D
_SSP1ADD                                       (abs)        00212
_SSP1BUF                                       (abs)        00211
_SSP1CON1                                      (abs)        00215
_SSP1CON1bits                                  (abs)        00215
_SSP1CON2                                      (abs)        00216
_SSP1STAT                                      (abs)        00214
_SYSTEM_Initialize                             text4        007AA
_Start                                         text1        00F91
_T1CON                                         (abs)        00018
_T1CONbits                                     (abs)        00018
_T1GCON                                        (abs)        00019
_T2CON                                         (abs)        0001C
_T6CON                                         (abs)        0041E
_TMR0                                          (abs)        00015
_TMR0_Initialize                               text10       00D28
_TMR0_ReadTimer                                text52       00CAE
_TMR0_WriteTimer                               text2        00CDC
_TMR1H                                         (abs)        00017
_TMR1L                                         (abs)        00016
_TMR1_CallBack                                 text42       00D47
_TMR1_DefaultInterruptHandler                  text43       00003
_TMR1_ISR                                      text40       00EA2
_TMR1_Initialize                               text8        00E8B
_TMR1_InterruptHandler                         nvBANK1      000DA
_TMR1_SetInterruptHandler                      text9        00CD1
_TMR1_WriteTimer                               text41       00DC1
_TMR2                                          (abs)        0001A
_TMR2_Initialize                               text7        00CFC
_TMR6                                          (abs)        0041C
_TMR6_Initialize                               text6        00D32
_TRISA                                         (abs)        0008C
_TRISB                                         (abs)        0008D
_TRISBbits                                     (abs)        0008D
_TXREG                                         (abs)        0019A
_TXSTA                                         (abs)        0019E
_TXSTAbits                                     (abs)        0019E
_Tx_spi                                        text37       00E0B
_Update_tx_buffer                              text45       001D9
_WDTCON                                        (abs)        00097
_WDT_Initialize                                text5        00CA5
_WPUA                                          (abs)        0020C
_WPUB                                          (abs)        0020D
_Write_UART                                    text44       00FB4
__H__absolute__                                __absolute__ 00000
__Habs1                                        abs1         00000
__Hbank0                                       bank0        00000
__Hbank1                                       bank1        00000
__Hbank10                                      bank10       00000
__Hbank11                                      bank11       00000
__Hbank12                                      bank12       00000
__Hbank13                                      bank13       00000
__Hbank14                                      bank14       00000
__Hbank15                                      bank15       00000
__Hbank16                                      bank16       00000
__Hbank17                                      bank17       00000
__Hbank18                                      bank18       00000
__Hbank19                                      bank19       00000
__Hbank2                                       bank2        00000
__Hbank20                                      bank20       00000
__Hbank21                                      bank21       00000
__Hbank22                                      bank22       00000
__Hbank23                                      bank23       00000
__Hbank24                                      bank24       00000
__Hbank25                                      bank25       00000
__Hbank26                                      bank26       00000
__Hbank27                                      bank27       00000
__Hbank28                                      bank28       00000
__Hbank29                                      bank29       00000
__Hbank3                                       bank3        00000
__Hbank30                                      bank30       00000
__Hbank31                                      bank31       00000
__Hbank4                                       bank4        00000
__Hbank5                                       bank5        00000
__Hbank6                                       bank6        00000
__Hbank7                                       bank7        00000
__Hbank8                                       bank8        00000
__Hbank9                                       bank9        00000
__Hbigram                                      bigram       00000
__HbssBANK0                                    bssBANK0     00000
__HbssBANK1                                    bssBANK1     00000
__Hcinit                                       cinit        0006C
__Hclrtext                                     clrtext      00000
__Hcode                                        code         00000
__Hcommon                                      common       00000
__Hconfig                                      config       08009
__HcstackBANK0                                 cstackBANK0  00000
__HcstackBANK1                                 cstackBANK1  00000
__HcstackBANK2                                 cstackBANK2  00000
__HcstackCOMMON                                cstackCOMMON 00000
__HdataBANK1                                   dataBANK1    00000
__HdataBANK2                                   dataBANK2    00000
__Heeprom_data                                 eeprom_data  00000
__Hend_init                                    end_init     00041
__Hfunctab                                     functab      00000
__Hheap                                        heap         00000
__HidataBANK1                                  idataBANK1   00000
__HidataBANK2                                  idataBANK2   00000
__Hinit                                        init         0003F
__Hinittext                                    inittext     00000
__Hintentry                                    intentry     0003F
__Hmaintext                                    maintext     00000
__HnvBANK1                                     nvBANK1      00000
__Hpowerup                                     powerup      00000
__Hram                                         ram          00000
__Hreset_vec                                   reset_vec    00003
__Hsfr0                                        sfr0         00000
__Hsfr1                                        sfr1         00000
__Hsfr10                                       sfr10        00000
__Hsfr11                                       sfr11        00000
__Hsfr12                                       sfr12        00000
__Hsfr13                                       sfr13        00000
__Hsfr14                                       sfr14        00000
__Hsfr15                                       sfr15        00000
__Hsfr16                                       sfr16        00000
__Hsfr17                                       sfr17        00000
__Hsfr18                                       sfr18        00000
__Hsfr19                                       sfr19        00000
__Hsfr2                                        sfr2         00000
__Hsfr20                                       sfr20        00000
__Hsfr21                                       sfr21        00000
__Hsfr22                                       sfr22        00000
__Hsfr23                                       sfr23        00000
__Hsfr24                                       sfr24        00000
__Hsfr25                                       sfr25        00000
__Hsfr26                                       sfr26        00000
__Hsfr27                                       sfr27        00000
__Hsfr28                                       sfr28        00000
__Hsfr29                                       sfr29        00000
__Hsfr3                                        sfr3         00000
__Hsfr30                                       sfr30        00000
__Hsfr31                                       sfr31        00000
__Hsfr4                                        sfr4         00000
__Hsfr5                                        sfr5         00000
__Hsfr6                                        sfr6         00000
__Hsfr7                                        sfr7         00000
__Hsfr8                                        sfr8         00000
__Hsfr9                                        sfr9         00000
__Hsivt                                        sivt         0003F
__Hspace_0                                     (abs)        01000
__Hspace_1                                     (abs)        0013A
__Hspace_2                                     (abs)        00000
__Hspace_3                                     (abs)        00000
__Hspace_4                                     (abs)        10010
__Hstack                                       stack        00000
__Hstrings                                     strings      00000
__Hstringtext1                                 stringtext1  00000
__Hstringtext2                                 stringtext2  00000
__Hstringtext3                                 stringtext3  00000
__Hstringtext4                                 stringtext4  00000
__Hstringtext5                                 stringtext5  00000
__Htext                                        text         00000
__L__absolute__                                __absolute__ 00000
__Labs1                                        abs1         00000
__Lbank0                                       bank0        00000
__Lbank1                                       bank1        00000
__Lbank10                                      bank10       00000
__Lbank11                                      bank11       00000
__Lbank12                                      bank12       00000
__Lbank13                                      bank13       00000
__Lbank14                                      bank14       00000
__Lbank15                                      bank15       00000
__Lbank16                                      bank16       00000
__Lbank17                                      bank17       00000
__Lbank18                                      bank18       00000
__Lbank19                                      bank19       00000
__Lbank2                                       bank2        00000
__Lbank20                                      bank20       00000
__Lbank21                                      bank21       00000
__Lbank22                                      bank22       00000
__Lbank23                                      bank23       00000
__Lbank24                                      bank24       00000
__Lbank25                                      bank25       00000
__Lbank26                                      bank26       00000
__Lbank27                                      bank27       00000
__Lbank28                                      bank28       00000
__Lbank29                                      bank29       00000
__Lbank3                                       bank3        00000
__Lbank30                                      bank30       00000
__Lbank31                                      bank31       00000
__Lbank4                                       bank4        00000
__Lbank5                                       bank5        00000
__Lbank6                                       bank6        00000
__Lbank7                                       bank7        00000
__Lbank8                                       bank8        00000
__Lbank9                                       bank9        00000
__Lbigram                                      bigram       00000
__LbssBANK0                                    bssBANK0     00000
__LbssBANK1                                    bssBANK1     00000
__Lcinit                                       cinit        00041
__Lclrtext                                     clrtext      00000
__Lcode                                        code         00000
__Lcommon                                      common       00000
__Lconfig                                      config       00000
__LcstackBANK0                                 cstackBANK0  00000
__LcstackBANK1                                 cstackBANK1  00000
__LcstackBANK2                                 cstackBANK2  00000
__LcstackCOMMON                                cstackCOMMON 00000
__LdataBANK1                                   dataBANK1    00000
__LdataBANK2                                   dataBANK2    00000
__Leeprom_data                                 eeprom_data  00000
__Lend_init                                    end_init     0003F
__Lfunctab                                     functab      00000
__Lheap                                        heap         00000
__LidataBANK1                                  idataBANK1   00000
__LidataBANK2                                  idataBANK2   00000
__Linit                                        init         0003F
__Linittext                                    inittext     00000
__Lintentry                                    intentry     00004
__Lmaintext                                    maintext     00000
__LnvBANK1                                     nvBANK1      00000
__Lpowerup                                     powerup      00000
__Lram                                         ram          00000
__Lreset_vec                                   reset_vec    00000
__Lsfr0                                        sfr0         00000
__Lsfr1                                        sfr1         00000
__Lsfr10                                       sfr10        00000
__Lsfr11                                       sfr11        00000
__Lsfr12                                       sfr12        00000
__Lsfr13                                       sfr13        00000
__Lsfr14                                       sfr14        00000
__Lsfr15                                       sfr15        00000
__Lsfr16                                       sfr16        00000
__Lsfr17                                       sfr17        00000
__Lsfr18                                       sfr18        00000
__Lsfr19                                       sfr19        00000
__Lsfr2                                        sfr2         00000
__Lsfr20                                       sfr20        00000
__Lsfr21                                       sfr21        00000
__Lsfr22                                       sfr22        00000
__Lsfr23                                       sfr23        00000
__Lsfr24                                       sfr24        00000
__Lsfr25                                       sfr25        00000
__Lsfr26                                       sfr26        00000
__Lsfr27                                       sfr27        00000
__Lsfr28                                       sfr28        00000
__Lsfr29                                       sfr29        00000
__Lsfr3                                        sfr3         00000
__Lsfr30                                       sfr30        00000
__Lsfr31                                       sfr31        00000
__Lsfr4                                        sfr4         00000
__Lsfr5                                        sfr5         00000
__Lsfr6                                        sfr6         00000
__Lsfr7                                        sfr7         00000
__Lsfr8                                        sfr8         00000
__Lsfr9                                        sfr9         00000
__Lsivt                                        sivt         0003F
__Lspace_0                                     (abs)        00000
__Lspace_1                                     (abs)        00000
__Lspace_2                                     (abs)        00000
__Lspace_3                                     (abs)        00000
__Lspace_4                                     (abs)        00000
__Lstack                                       stack        00000
__Lstrings                                     strings      00000
__Lstringtext1                                 stringtext1  00000
__Lstringtext2                                 stringtext2  00000
__Lstringtext3                                 stringtext3  00000
__Lstringtext4                                 stringtext4  00000
__Lstringtext5                                 stringtext5  00000
__Ltext                                        text         00000
__S0                                           (abs)        01000
__S1                                           (abs)        0013A
__S3                                           (abs)        00000
___awdiv                                       text51       004F3
___awdiv@counter                               cstackBANK0  0003E
___awdiv@dividend                              cstackCOMMON 00079
___awdiv@divisor                               cstackCOMMON 00077
___awdiv@quotient                              cstackBANK0  00040
___awdiv@sign                                  cstackBANK0  0003F
___awmod                                       text30       00540
___awmod@counter                               cstackBANK1  000C9
___awmod@dividend                              cstackBANK1  000C7
___awmod@divisor                               cstackBANK1  000C5
___awmod@sign                                  cstackBANK1  000CA
___bmul                                        text36       00E1B
___bmul@multiplicand                           cstackBANK1  000C5
___bmul@multiplier                             cstackBANK1  000C7
___bmul@product                                cstackBANK1  000C6
___heap_hi                                     (abs)        00000
___heap_lo                                     (abs)        00000
___int_sp                                      stack        00000
___int_stack_hi                                stack        00000
___int_stack_lo                                stack        00000
___latbits                                     (abs)        00001
___lbdiv                                       text50       00F2E
___lbdiv@counter                               cstackCOMMON 00072
___lbdiv@dividend                              cstackCOMMON 00071
___lbdiv@divisor                               cstackCOMMON 00070
___lbdiv@quotient                              cstackCOMMON 00073
___lbmod                                       text49       00EBB
___lbmod@counter                               cstackCOMMON 00077
___lbmod@dividend                              cstackCOMMON 00076
___lbmod@divisor                               cstackCOMMON 00074
___lbmod@rem                                   cstackCOMMON 00078
___lwdiv                                       text48       006EF
___lwdiv@counter                               cstackCOMMON 0007D
___lwdiv@dividend                              cstackCOMMON 00079
___lwdiv@divisor                               cstackCOMMON 00077
___lwdiv@quotient                              cstackCOMMON 0007B
___lwmod                                       text47       007D4
___lwmod@counter                               cstackBANK0  00042
___lwmod@dividend                              cstackBANK0  00040
___lwmod@divisor                               cstackBANK0  0003E
___sp                                          stack        00000
___stack_hi                                    stack        00000
___stack_lo                                    stack        00000
___stackhi                                     (abs)        00000
___stacklo                                     (abs)        00000
___wmul                                        text46       00ED6
___wmul@multiplicand                           cstackCOMMON 00073
___wmul@multiplier                             cstackCOMMON 00071
___wmul@product                                cstackCOMMON 00075
__end_of_CMP1_ISR                              text77       00D15
__end_of_CMP1_Initialize                       text25       00D74
__end_of_CMP2_ISR                              text75       00D1E
__end_of_CMP2_Initialize                       text24       00D68
__end_of_ECCP2_CallBack                        text74       00C97
__end_of_ECCP2_CaptureISR                      text73       00D8D
__end_of_ECCP2_Initialize                      text23       00D28
__end_of_EUSART_DefaultErrorHandler            text63       00C9D
__end_of_EUSART_DefaultFramingErrorHandler     text62       00C9A
__end_of_EUSART_DefaultOverrunErrorHandler     text61       00CA1
__end_of_EUSART_Initialize                     text18       00751
__end_of_EUSART_Read                           text65       00F2E
__end_of_EUSART_Receive_ISR                    text55       006BC
__end_of_EUSART_RxDataHandler                  text64       00E4F
__end_of_EUSART_SetErrorHandler                text22       00CB8
__end_of_EUSART_SetFramingErrorHandler         text21       00CBD
__end_of_EUSART_SetOverrunErrorHandler         text20       00CC2
__end_of_EUSART_SetRxInterruptHandler          text19       00CC7
__end_of_EUSART_Write                          text54       00CF5
__end_of_EUSART_is_tx_ready                    text53       00CFC
__end_of_FLOORS                                stringtext4  00829
__end_of_FVR_Initialize                        text17       00CA5
__end_of_INTERRUPT_InterruptManager            intentry     0003F
__end_of_IOCBF0_DefaultInterruptHandler        text71       00C98
__end_of_IOCBF0_ISR                            text70       00D9A
__end_of_IOCBF0_SetInterruptHandler            text15       00CCC
__end_of_IOCBF3_DefaultInterruptHandler        text68       00C99
__end_of_IOCBF3_ISR                            text67       00DA7
__end_of_IOCBF3_SetInterruptHandler            text14       00CD1
__end_of_ISR_Floor1                            text72       00E3D
__end_of_ISR_Floor2                            text69       00E76
__end_of_ISR_Floor3                            text78       00DED
__end_of_ISR_Floor4                            text76       00DFC
__end_of_Idle                                  text32       00E61
__end_of_Ini_matrix                            text31       00686
__end_of_MATRIX_CONFIG                         stringtext2  0081A
__end_of_MATRIX_DIR                            stringtext3  00823
__end_of_MATRIX_FLOOR                          stringtext1  0080E
__end_of_Matrix_update_dir                     text35       00424
__end_of_Matrix_update_floor                   text3        007AA
__end_of_Motor_Turn_Off                        text34       00D5D
__end_of_Motor_Turn_On                         text33       00DB4
__end_of_New_request                           text57       001D9
__end_of_Next_floor                            text29       00648
__end_of_Next_index                            text28       006EF
__end_of_OSCILLATOR_Initialize                 text16       00CDC
__end_of_PIN_MANAGER_IOC                       text66       00D47
__end_of_PIN_MANAGER_Initialize                text13       00780
__end_of_PWM3_Initialize                       text12       00DC1
__end_of_Read_UART                             text56       005C6
__end_of_Route_empty                           text27       00F0F
__end_of_SPI1_ExchangeBlock                    text38       00F91
__end_of_SPI1_Initialize                       text11       00D80
__end_of_SPI1_Open                             text26       004F3
__end_of_SYSTEM_Initialize                     text4        007D4
__end_of_Start                                 text1        00FB4
__end_of_TMR0_Initialize                       text10       00D32
__end_of_TMR0_ReadTimer                        text52       00CB3
__end_of_TMR0_WriteTimer                       text2        00CE2
__end_of_TMR1_CallBack                         text42       00D52
__end_of_TMR1_DefaultInterruptHandler          text43       00004
__end_of_TMR1_ISR                              text40       00EBB
__end_of_TMR1_Initialize                       text8        00EA2
__end_of_TMR1_SetInterruptHandler              text9        00CD6
__end_of_TMR1_WriteTimer                       text41       00DCF
__end_of_TMR2_Initialize                       text7        00D04
__end_of_TMR6_Initialize                       text6        00D3C
__end_of_Tx_spi                                text37       00E1B
__end_of_Update_tx_buffer                      text45       0030B
__end_of_WDT_Initialize                        text5        00CA9
__end_of_Write_UART                            text44       00FD8
__end_of___awdiv                               text51       00540
__end_of___awmod                               text30       00583
__end_of___bmul                                text36       00E2B
__end_of___lbdiv                               text50       00F4D
__end_of___lbmod                               text49       00ED6
__end_of___lwdiv                               text48       00721
__end_of___lwmod                               text47       007FE
__end_of___wmul                                text46       00EF1
__end_of__initialization                       cinit        00068
__end_of_main                                  maintext     003A3
__end_of_spi1_configuration                    stringtext5  0082D
__end_ofi1_Matrix_update_dir                   text59       0049D
__end_ofi1_Matrix_update_floor                 text80       01000
__end_ofi1_SPI1_ExchangeBlock                  text82       00F6E
__end_ofi1_TMR0_WriteTimer                     text79       00CAE
__end_ofi1_Tx_spi                              text81       00DDE
__end_ofi1___awmod                             text58       00609
__end_ofi1___bmul                              text60       00E0B
__initialization                               cinit        00041
__pbssBANK0                                    bssBANK0     00020
__pbssBANK1                                    bssBANK1     000A0
__pcstackBANK0                                 cstackBANK0  0003E
__pcstackBANK1                                 cstackBANK1  000C5
__pcstackBANK2                                 cstackBANK2  00135
__pcstackCOMMON                                cstackCOMMON 00070
__pdataBANK1                                   dataBANK1    000E8
__pdataBANK2                                   dataBANK2    00120
__pidataBANK1                                  idataBANK1   00D04
__pidataBANK2                                  idataBANK2   00E76
__pintentry                                    intentry     00004
__pmaintext                                    maintext     0030B
__pnvBANK1                                     nvBANK1      000DA
__pstringtext1                                 stringtext1  007FE
__pstringtext2                                 stringtext2  0080E
__pstringtext3                                 stringtext3  0081A
__pstringtext4                                 stringtext4  00823
__pstringtext5                                 stringtext5  00829
__ptext1                                       text1        00F91
__ptext10                                      text10       00D28
__ptext11                                      text11       00D74
__ptext12                                      text12       00DB4
__ptext13                                      text13       00751
__ptext14                                      text14       00CCC
__ptext15                                      text15       00CC7
__ptext16                                      text16       00CD6
__ptext17                                      text17       00CA1
__ptext18                                      text18       00721
__ptext19                                      text19       00CC2
__ptext2                                       text2        00CDC
__ptext20                                      text20       00CBD
__ptext21                                      text21       00CB8
__ptext22                                      text22       00CB3
__ptext23                                      text23       00D1E
__ptext24                                      text24       00D5D
__ptext25                                      text25       00D68
__ptext26                                      text26       0049D
__ptext27                                      text27       00EF1
__ptext28                                      text28       006BC
__ptext29                                      text29       00609
__ptext3                                       text3        00780
__ptext30                                      text30       00540
__ptext31                                      text31       00648
__ptext32                                      text32       00E4F
__ptext33                                      text33       00DA7
__ptext34                                      text34       00D52
__ptext35                                      text35       003A3
__ptext36                                      text36       00E1B
__ptext37                                      text37       00E0B
__ptext38                                      text38       00F6E
__ptext4                                       text4        007AA
__ptext40                                      text40       00EA2
__ptext41                                      text41       00DC1
__ptext42                                      text42       00D47
__ptext43                                      text43       00003
__ptext44                                      text44       00FB4
__ptext45                                      text45       001D9
__ptext46                                      text46       00ED6
__ptext47                                      text47       007D4
__ptext48                                      text48       006EF
__ptext49                                      text49       00EBB
__ptext5                                       text5        00CA5
__ptext50                                      text50       00F2E
__ptext51                                      text51       004F3
__ptext52                                      text52       00CAE
__ptext53                                      text53       00CF5
__ptext54                                      text54       00CEE
__ptext55                                      text55       00686
__ptext56                                      text56       00583
__ptext57                                      text57       0006C
__ptext58                                      text58       005C6
__ptext59                                      text59       00424
__ptext6                                       text6        00D32
__ptext60                                      text60       00DFC
__ptext61                                      text61       00C9D
__ptext62                                      text62       00C99
__ptext63                                      text63       00C9A
__ptext64                                      text64       00E3D
__ptext65                                      text65       00F0F
__ptext66                                      text66       00D3C
__ptext67                                      text67       00D9A
__ptext68                                      text68       00C98
__ptext69                                      text69       00E61
__ptext7                                       text7        00CFC
__ptext70                                      text70       00D8D
__ptext71                                      text71       00C97
__ptext72                                      text72       00E2B
__ptext73                                      text73       00D80
__ptext74                                      text74       00C96
__ptext75                                      text75       00D15
__ptext76                                      text76       00DED
__ptext77                                      text77       00D0C
__ptext78                                      text78       00DDE
__ptext79                                      text79       00CA9
__ptext8                                       text8        00E8B
__ptext80                                      text80       00FD8
__ptext81                                      text81       00DCF
__ptext82                                      text82       00F4D
__ptext9                                       text9        00CD1
_current_floor                                 bssBANK0     0003C
_eusartRxBuffer                                bssBANK1     000B2
_eusartRxCount                                 bssBANK0     00036
_eusartRxHead                                  bssBANK0     00038
_eusartRxLastError                             bssBANK0     00035
_eusartRxStatusBuffer                          bssBANK1     000AA
_eusartRxTail                                  bssBANK0     00037
_idle                                          bssBANK0     00039
_index                                         bssBANK0     0003D
_main                                          maintext     0030B
_next_floor                                    bssBANK0     0003B
_position                                      bssBANK0     00032
_position0                                     bssBANK0     00030
_route                                         bssBANK0     00020
_spi1_configuration                            stringtext5  00829
_timer0ReloadVal                               bssBANK0     00034
_timer1ReloadVal                               bssBANK0     0002A
_uart_read_buffer                              bssBANK1     000A0
_uart_read_buffer_count                        bssBANK0     00026
_uart_write_buffer                             dataBANK2    00120
_var                                           bssBANK1     000BA
_velocidade                                    bssBANK0     0002C
btemp                                          (abs)        0007E
clear_ram0                                     clrtext      00CE2
end_of_initialization                          cinit        00068
i1Matrix_update_dir@data                       cstackBANK0  00043
i1Matrix_update_dir@display_dir                cstackBANK0  00045
i1Matrix_update_dir@i                          cstackBANK0  00047
i1Matrix_update_dir@i_1708                     cstackBANK0  00046
i1Matrix_update_dir@mask                       cstackBANK0  00042
i1Matrix_update_dir@route_                     cstackBANK0  0003E
i1Matrix_update_floor@data                     cstackCOMMON 00078
i1Matrix_update_floor@display_floor            cstackCOMMON 0007A
i1Matrix_update_floor@i                        cstackCOMMON 0007B
i1SPI1_ExchangeBlock@block                     cstackCOMMON 00070
i1SPI1_ExchangeBlock@blockSize                 cstackCOMMON 00071
i1SPI1_ExchangeBlock@data                      cstackCOMMON 00073
i1TMR0_WriteTimer@timerVal                     cstackCOMMON 00070
i1Tx_spi@data                                  cstackCOMMON 00074
i1Tx_spi@dataSize                              cstackCOMMON 00075
i1_Matrix_update_dir                           text59       00424
i1_Matrix_update_floor                         text80       00FD8
i1_SPI1_ExchangeBlock                          text82       00F4D
i1_TMR0_WriteTimer                             text79       00CA9
i1_Tx_spi                                      text81       00DCF
i1___awmod                                     text58       005C6
i1___awmod@counter                             cstackCOMMON 00074
i1___awmod@dividend                            cstackCOMMON 00072
i1___awmod@divisor                             cstackCOMMON 00070
i1___awmod@sign                                cstackCOMMON 00075
i1___bmul                                      text60       00DFC
i1___bmul@multiplicand                         cstackCOMMON 00070
i1___bmul@multiplier                           cstackCOMMON 00072
i1___bmul@product                              cstackCOMMON 00071
init_ram                                       inittext     00CE8
int$flags                                      (abs)        0007E
intlevel0                                      functab      00000
intlevel1                                      functab      00000
intlevel2                                      functab      00000
intlevel3                                      functab      00000
intlevel4                                      functab      00000
intlevel5                                      functab      00000
main@is_empty                                  cstackBANK2  00139
main@next_index                                cstackBANK2  00137
reset_vec                                      reset_vec    00000
start                                          init         0003F
start_initialization                           cinit        00041
wtemp0                                         (abs)        0007E


MODULE INFORMATION

Module		Function		Class		Link	Load	Size
mcc_generated_files/cmp1.c
		_CMP1_ISR      		CODE           	0D0C	0000	9
		_CMP1_Initialize		CODE           	0D68	0000	12

mcc_generated_files/cmp1.c estimated size: 21

D:\Microchip\MPLABX\v6.25\xc8\v3.00\pic\sources\c99\common\lwmod.c
		___lwmod       		CODE           	07D4	0000	42

D:\Microchip\MPLABX\v6.25\xc8\v3.00\pic\sources\c99\common\lwmod.c estimated size: 42

D:\Microchip\MPLABX\v6.25\xc8\v3.00\pic\sources\c99\common\awmod.c
		___awmod       		CODE           	0540	0000	67

D:\Microchip\MPLABX\v6.25\xc8\v3.00\pic\sources\c99\common\awmod.c estimated size: 67

mcc_generated_files/tmr6.c
		_TMR6_Initialize		CODE           	0D32	0000	10

mcc_generated_files/tmr6.c estimated size: 10

mcc_generated_files/fvr.c
		_FVR_Initialize		CODE           	0CA1	0000	4

mcc_generated_files/fvr.c estimated size: 4

D:\Microchip\MPLABX\v6.25\xc8\v3.00\pic\sources\c99\common\Umul16.c
		___wmul        		CODE           	0ED6	0000	27

D:\Microchip\MPLABX\v6.25\xc8\v3.00\pic\sources\c99\common\Umul16.c estimated size: 27

mcc_generated_files/tmr2.c
		_TMR2_Initialize		CODE           	0CFC	0000	8

mcc_generated_files/tmr2.c estimated size: 8

mcc_generated_files/interrupt_manager.c
		_INTERRUPT_InterruptManager		CODE           	0004	0000	59

mcc_generated_files/interrupt_manager.c estimated size: 59

mcc_generated_files/tmr0.c
		_TMR0_WriteTimer		CODE           	0CDC	0000	6
		_TMR0_ReadTimer		CODE           	0CAE	0000	5
		_TMR0_Initialize		CODE           	0D28	0000	10

mcc_generated_files/tmr0.c estimated size: 21

mcc_generated_files/pin_manager.c
		_IOCBF3_DefaultInterruptHandler		CODE           	0C98	0000	1
		_IOCBF0_ISR    		CODE           	0D8D	0000	13
		_PIN_MANAGER_Initialize		CODE           	0751	0000	47
		_IOCBF3_ISR    		CODE           	0D9A	0000	13
		_IOCBF0_SetInterruptHandler		CODE           	0CC7	0000	5
		_IOCBF3_SetInterruptHandler		CODE           	0CCC	0000	5
		_PIN_MANAGER_IOC		CODE           	0D3C	0000	11
		_IOCBF0_DefaultInterruptHandler		CODE           	0C97	0000	1

mcc_generated_files/pin_manager.c estimated size: 96

mcc_generated_files/spi1.c
		_SPI1_ExchangeBlock		CODE           	0F6E	0000	35
		_SPI1_Open     		CODE           	049D	0000	86
		_SPI1_Initialize		CODE           	0D74	0000	12

mcc_generated_files/spi1.c estimated size: 133

D:\Microchip\MPLABX\v6.25\xc8\v3.00\pic\sources\c99\common\lwdiv.c
		___lwdiv       		CODE           	06EF	0000	50

D:\Microchip\MPLABX\v6.25\xc8\v3.00\pic\sources\c99\common\lwdiv.c estimated size: 50

D:\Microchip\MPLABX\v6.25\xc8\v3.00\pic\sources\c99\common\awdiv.c
		___awdiv       		CODE           	04F3	0000	77

D:\Microchip\MPLABX\v6.25\xc8\v3.00\pic\sources\c99\common\awdiv.c estimated size: 77

D:\Microchip\MPLABX\v6.25\xc8\v3.00\pic\sources\c99\common\lbmod.c
		___lbmod       		CODE           	0EBB	0000	27

D:\Microchip\MPLABX\v6.25\xc8\v3.00\pic\sources\c99\common\lbmod.c estimated size: 27

mcc_generated_files/eccp2.c
		_ECCP2_CaptureISR		CODE           	0D80	0000	13
		_ECCP2_CallBack		CODE           	0C96	0000	1
		_ECCP2_Initialize		CODE           	0D1E	0000	10

mcc_generated_files/eccp2.c estimated size: 24

mcc_generated_files/cmp2.c
		_CMP2_ISR      		CODE           	0D15	0000	9
		_CMP2_Initialize		CODE           	0D5D	0000	11

mcc_generated_files/cmp2.c estimated size: 20

D:\Microchip\MPLABX\v6.25\xc8\v3.00\pic\sources\c99\common\Umul8.c
		___bmul        		CODE           	0E1B	0000	16

D:\Microchip\MPLABX\v6.25\xc8\v3.00\pic\sources\c99\common\Umul8.c estimated size: 16

shared
		i1_Matrix_update_dir		CODE           	0424	0000	121
		_MATRIX_DIR    		STRCODE        	081A	0000	9
		i1_Matrix_update_floor		CODE           	0FD8	0000	40
		_MATRIX_FLOOR  		STRCODE        	07FE	0000	16
		i1_TMR0_WriteTimer		CODE           	0CA9	0000	5
		_MATRIX_CONFIG 		STRCODE        	080E	0000	12
		_FLOORS        		STRCODE        	0823	0000	6
		__initialization		CODE           	0041	0000	39
		i1___awmod     		CODE           	05C6	0000	67
		i1_Tx_spi      		CODE           	0DCF	0000	15
		i1___bmul      		CODE           	0DFC	0000	15
		i1_SPI1_ExchangeBlock		CODE           	0F4D	0000	33
		_spi1_configuration		STRCODE        	0829	0000	4

shared estimated size: 382

mcc_generated_files/mcc.c
		_WDT_Initialize		CODE           	0CA5	0000	4
		_OSCILLATOR_Initialize		CODE           	0CD6	0000	6
		_SYSTEM_Initialize		CODE           	07AA	0000	42

mcc_generated_files/mcc.c estimated size: 52

mcc_generated_files/pwm3.c
		_PWM3_Initialize		CODE           	0DB4	0000	13

mcc_generated_files/pwm3.c estimated size: 13

mcc_generated_files/tmr1.c
		_TMR1_Initialize		CODE           	0E8B	0000	23
		_TMR1_SetInterruptHandler		CODE           	0CD1	0000	5
		_TMR1_DefaultInterruptHandler		CODE           	0003	0000	1
		_TMR1_CallBack 		CODE           	0D47	0000	11
		_TMR1_WriteTimer		CODE           	0DC1	0000	14
		_TMR1_ISR      		CODE           	0EA2	0000	25

mcc_generated_files/tmr1.c estimated size: 79

D:\Microchip\MPLABX\v6.25\xc8\v3.00\pic\sources\c99\common\lbdiv.c
		___lbdiv       		CODE           	0F2E	0000	31

D:\Microchip\MPLABX\v6.25\xc8\v3.00\pic\sources\c99\common\lbdiv.c estimated size: 31

mcc_generated_files/eusart.c
		_EUSART_SetRxInterruptHandler		CODE           	0CC2	0000	5
		_EUSART_Read   		CODE           	0F0F	0000	31
		_EUSART_DefaultOverrunErrorHandler		CODE           	0C9D	0000	4
		_EUSART_Write  		CODE           	0CEE	0000	7
		_EUSART_DefaultErrorHandler		CODE           	0C9A	0000	3
		_EUSART_Initialize		CODE           	0721	0000	48
		_EUSART_SetFramingErrorHandler		CODE           	0CB8	0000	5
		_EUSART_SetErrorHandler		CODE           	0CB3	0000	5
		_EUSART_SetOverrunErrorHandler		CODE           	0CBD	0000	5
		_EUSART_Receive_ISR		CODE           	0686	0000	54
		_EUSART_RxDataHandler		CODE           	0E3D	0000	18
		_EUSART_DefaultFramingErrorHandler		CODE           	0C99	0000	1
		_EUSART_is_tx_ready		CODE           	0CF5	0000	7

mcc_generated_files/eusart.c estimated size: 193

main.c
		_Motor_Turn_On 		CODE           	0DA7	0000	13
		_Matrix_update_floor		CODE           	0780	0000	42
		_Motor_Turn_Off		CODE           	0D52	0000	11
		_Read_UART     		CODE           	0583	0000	67
		_Update_tx_buffer		CODE           	01D9	0000	306
		_main          		CODE           	030B	0000	152
		_Idle          		CODE           	0E4F	0000	18
		_Next_index    		CODE           	06BC	0000	51
		_Start         		CODE           	0F91	0000	35
		_Write_UART    		CODE           	0FB4	0000	36
		_New_request   		CODE           	006C	0000	365
		_Matrix_update_dir		CODE           	03A3	0000	129
		_Ini_matrix    		CODE           	0648	0000	62
		_ISR_Floor1    		CODE           	0E2B	0000	18
		_ISR_Floor2    		CODE           	0E61	0000	21
		_ISR_Floor3    		CODE           	0DDE	0000	15
		_ISR_Floor4    		CODE           	0DED	0000	15
		_Tx_spi        		CODE           	0E0B	0000	16
		_Route_empty   		CODE           	0EF1	0000	30
		_Next_floor    		CODE           	0609	0000	63

main.c estimated size: 1465

