Microchip MPLAB XC8 Compiler V3.00

Linker command line:

-W-3 \
  --edf=C:/Users/pedro/.mchp_packs/Microchip/PIC12-16F1xxx_DFP/1.8.254/xc8\pic\dat\20250327143623_en.msgs \
  -cn -h+dist/Config_2/debug\projeto_final2.X.debug.sym \
  --cmf=dist/Config_2/debug\projeto_final2.X.debug.cmf -z -Q16F1827 \
  -oC:\Users\pedro\AppData\Local\Temp\xcAs1p98.\driver_tmp_3.o \
  --defsym=__MPLAB_BUILD=1 --fixupoverflow=error \
  -Mdist/Config_2/debug/projeto_final2.X.debug.map \
  --md=C:\Users\pedro\AppData\Local\Temp\xcAs1p98.\driver_tmp_0.dat -E1 \
  -ver=XC8 Compiler -ACODE=00h-07FFhx2 -ASTRCODE=00h-0FFFh \
  -ASTRING=00h-0FFhx16 -ACONST=00h-0FFhx16 -AENTRY=00h-0FFhx16 \
  -ACOMMON=070h-07Fh -ABANK0=020h-06Fh -ABANK1=0A0h-0EFh \
  -ABANK2=0120h-016Fh -ABANK3=01A0h-01EFh -ABANK4=0220h-023Fh \
  -ABIGRAM=02000h-0215Fh \
  -ARAM=020h-06Fh,0A0h-0EFh,0120h-016Fh,01A0h-01EFh,0220h-023Fh \
  -AABS1=020h-07Fh,0A0h-0EFh,0120h-016Fh,01A0h-01EFh,0220h-024Fh \
  -ASFR0=00h-01Fh -ASFR1=080h-09Fh -ASFR2=0100h-011Fh -ASFR3=0180h-019Fh \
  -ASFR4=0200h-021Fh -ASFR5=0280h-02EFh -ASFR6=0300h-036Fh \
  -ASFR7=0380h-03EFh -ASFR8=0400h-046Fh -ASFR9=0480h-04EFh \
  -ASFR10=0500h-056Fh -ASFR11=0580h-05EFh -ASFR12=0600h-066Fh \
  -ASFR13=0680h-06EFh -ASFR14=0700h-076Fh -ASFR15=0780h-07EFh \
  -ASFR16=0800h-086Fh -ASFR17=0880h-08EFh -ASFR18=0900h-096Fh \
  -ASFR19=0980h-09EFh -ASFR20=0A00h-0A6Fh -ASFR21=0A80h-0AEFh \
  -ASFR22=0B00h-0B6Fh -ASFR23=0B80h-0BEFh -ASFR24=0C00h-0C6Fh \
  -ASFR25=0C80h-0CEFh -ASFR26=0D00h-0D6Fh -ASFR27=0D80h-0DEFh \
  -ASFR28=0E00h-0E6Fh -ASFR29=0E80h-0EEFh -ASFR30=0F00h-0F6Fh \
  -ASFR31=0F80h-0FEFh -ACONFIG=08007h-08008h -DCONFIG=2 \
  -AIDLOC=08000h-08003h -DIDLOC=2 -AEEDATA=00h-0FFh/0F000h \
  -peeprom_data=EEDATA -DEEDATA=2 -DCODE=2 -DSTRCODE=2 -DSTRING=2 -DCONST=2 \
  -DENTRY=2 -preset_vec=00h,intentry=04h,sivt,init,end_init -ppowerup=CODE \
  -pcinit=CODE -pfunctab=ENTRY -k \
  C:\Users\pedro\AppData\Local\Temp\xcAs1p98.\driver_tmp_20.o \
  dist/Config_2/debug\projeto_final2.X.debug.o 

Object code version is 3.11

Machine type is 16F1827



                Name                               Link     Load   Length Selector   Space Scale
C:\Users\pedro\AppData\Local\Temp\xcAs1p98.\driver_tmp_20.o
                end_init                             3F       3F        2        8       0
                reset_vec                             0        0        3        0       0
                config                             8007     8007        2        0       4
dist/Config_2/debug\projeto_final2.X.debug.o
                cinit                                41       41       27        8       0
                intentry                              4        4       3B        8       0
                config                             8007     8007        2        0       4
                text82                              70F      70F       43        8       0
                text81                              F8A      F8A       3B     1F14       0
                text80                              E22      E22       21     1C44       0
                text79                              CD2      CD2        F     19A4       0
                text78                              EA9      EA9       28     1D52       0
                text77                              790      790       3D        8       0
                text76                              BF7      BF7        9     17EE       0
                text75                              DC4      DC4       1F     1B88       0
                text74                              C00      C00        9     1800       0
                text73                              B8B      B8B        1     1716       0
                text72                              C75      C75        D     18EA       0
                text71                              E43      E43       21     1C86       0
                text70                              B8C      B8C        1     1718       0
                text69                              C82      C82        D     1904       0
                text68                              682      682       48        8       0
                text67                              B8D      B8D        1     171A       0
                text66                              C8F      C8F        D     191E       0
                text65                              C30      C30        B     1860       0
                text64                              DE3      DE3       1F     1BC6       0
                text63                              D10      D10       12     1A20       0
                text62                              B90      B90        3     1720       0
                text61                              B8E      B8E        1     171C       0
                text60                              B93      B93        4     1726       0
                text59                              1E9      1E9      133        8       0
                text58                              6CA      6CA       45        8       0
                text57                              F54      F54       36     1EA8       0
                text56                              BDF      BDF        8     17BE       0
                text55                              B9F      B9F        5     173E       0
                text54                              635      635       4D        8       0
                text53                              CB6      CB6        E     196C       0
                text52                              B8F      B8F        1     171E       0
                text51                              5E7      5E7       4E        8       0
                text50                              E02      E02       20     1C04       0
                text49                              FC5      FC5       3B     1F8A       0
                text48                              3D1      3D1       96        8       0
                text47                              D55      D55       1B     1AAA       0
                text46                              591      591       56        8       0
                text45                              31C      31C       B5        8       0
                text44                              D3B      D3B       1A     1A76       0
                text43                              D70      D70       1B     1AE0       0
                text42                               68       68      181        8       0
                text41                                3        3        1        0       0
                text40                              C12      C12        A     1824       0
                text39                              CE1      CE1        F     19C2       0
                text38                              D8B      D8B       1B     1B16       0
                text36                              E86      E86       23     1D0C       0
                text35                              CF0      CF0       10     19E0       0
                text34                              D00      D00       10     1A00       0
                text33                              467      467       7A        8       0
                text32                              C3B      C3B        B     1876       0
                text31                              C9C      C9C        D     1938       0
                text30                              CC4      CC4        E     1988       0
                text29                              752      752       3E        8       0
                text28                              C09      C09        9     1812       0
                text27                              DA6      DA6       1E     1B4C       0
                text26                              53B      53B       56        8       0
                text25                              C51      C51        C     18A2       0
                text24                              C5D      C5D        C     18BA       0
                text23                              C1C      C1C        A     1838       0
                text22                              BA4      BA4        5     1748       0
                text21                              BA9      BA9        5     1752       0
                text20                              BAE      BAE        5     175C       0
                text19                              BB3      BB3        5     1766       0
                text18                              7CD      7CD       30        8       0
                text17                              B97      B97        4     172E       0
                text16                              BC7      BC7        6     178E       0
                text15                              BB8      BB8        5     1770       0
                text14                              BBD      BBD        5     177A       0
                text13                              F25      F25       2F     1E4A       0
                text12                              CA9      CA9        D     1952       0
                text11                              C69      C69        C     18D2       0
                text10                              C46      C46        B     188C       0
                text9                               BC2      BC2        5     1784       0
                text8                               D22      D22       19     1A44       0
                text7                               BE7      BE7        8     17CE       0
                text6                               C26      C26        A     184C       0
                text5                               B9B      B9B        4     1736       0
                text4                               ED1      ED1       2A     1DA2       0
                text3                               EFB      EFB       2A     1DF6       0
                text2                               BCD      BCD        6     179A       0
                text1                               E64      E64       22     1CC8       0
                maintext                            4E1      4E1       5A        8       0
                cstackBANK0                          20       20       42       20       1
                cstackCOMMON                         70       70        E       70       1
                cstackBANK1                          C1       C1       18       A0       1
                clrtext                             BD3      BD3        6     17A6       0
                inittext                            BD9      BD9        6     17B2       0
                bssBANK2                            120      120       40      120       1
                dataBANK1                            E7       E7        8       A0       1
                bssBANK1                             A0       A0       21       A0       1
                bssBANK0                             62       62        E       20       1
                stringtext6                         828      828        5      FFA       0
                nvBANK1                              D9       D9        E       A0       1
                stringtext5                         82D      82D        4      FFA       0
                stringtext4                         822      822        6      FFA       0
                stringtext3                         819      819        9      FFA       0
                stringtext2                         80D      80D        C      FFA       0
                stringtext1                         7FD      7FD       10      FFA       0
                idataBANK1                          BEF      BEF        8     17DE       0

TOTAL           Name                               Link     Load   Length     Space
        CLASS   CODE           
                end_init                             3F       3F        2         0
                cinit                                41       41       27         0
                intentry                              4        4       3B         0
                reset_vec                             0        0        3         0
                text82                              70F      70F       43         0
                text81                              F8A      F8A       3B         0
                text80                              E22      E22       21         0
                text79                              CD2      CD2        F         0
                text78                              EA9      EA9       28         0
                text77                              790      790       3D         0
                text76                              BF7      BF7        9         0
                text75                              DC4      DC4       1F         0
                text74                              C00      C00        9         0
                text73                              B8B      B8B        1         0
                text72                              C75      C75        D         0
                text71                              E43      E43       21         0
                text70                              B8C      B8C        1         0
                text69                              C82      C82        D         0
                text68                              682      682       48         0
                text67                              B8D      B8D        1         0
                text66                              C8F      C8F        D         0
                text65                              C30      C30        B         0
                text64                              DE3      DE3       1F         0
                text63                              D10      D10       12         0
                text62                              B90      B90        3         0
                text61                              B8E      B8E        1         0
                text60                              B93      B93        4         0
                text59                              1E9      1E9      133         0
                text58                              6CA      6CA       45         0
                text57                              F54      F54       36         0
                text56                              BDF      BDF        8         0
                text55                              B9F      B9F        5         0
                text54                              635      635       4D         0
                text53                              CB6      CB6        E         0
                text52                              B8F      B8F        1         0
                text51                              5E7      5E7       4E         0
                text50                              E02      E02       20         0
                text49                              FC5      FC5       3B         0
                text48                              3D1      3D1       96         0
                text47                              D55      D55       1B         0
                text46                              591      591       56         0
                text45                              31C      31C       B5         0
                text44                              D3B      D3B       1A         0
                text43                              D70      D70       1B         0
                text42                               68       68      181         0
                text41                                3        3        1         0
                text40                              C12      C12        A         0
                text39                              CE1      CE1        F         0
                text38                              D8B      D8B       1B         0
                text36                              E86      E86       23         0
                text35                              CF0      CF0       10         0
                text34                              D00      D00       10         0
                text33                              467      467       7A         0
                text32                              C3B      C3B        B         0
                text31                              C9C      C9C        D         0
                text30                              CC4      CC4        E         0
                text29                              752      752       3E         0
                text28                              C09      C09        9         0
                text27                              DA6      DA6       1E         0
                text26                              53B      53B       56         0
                text25                              C51      C51        C         0
                text24                              C5D      C5D        C         0
                text23                              C1C      C1C        A         0
                text22                              BA4      BA4        5         0
                text21                              BA9      BA9        5         0
                text20                              BAE      BAE        5         0
                text19                              BB3      BB3        5         0
                text18                              7CD      7CD       30         0
                text17                              B97      B97        4         0
                text16                              BC7      BC7        6         0
                text15                              BB8      BB8        5         0
                text14                              BBD      BBD        5         0
                text13                              F25      F25       2F         0
                text12                              CA9      CA9        D         0
                text11                              C69      C69        C         0
                text10                              C46      C46        B         0
                text9                               BC2      BC2        5         0
                text8                               D22      D22       19         0
                text7                               BE7      BE7        8         0
                text6                               C26      C26        A         0
                text5                               B9B      B9B        4         0
                text4                               ED1      ED1       2A         0
                text3                               EFB      EFB       2A         0
                text2                               BCD      BCD        6         0
                text1                               E64      E64       22         0
                maintext                            4E1      4E1       5A         0
                clrtext                             BD3      BD3        6         0
                inittext                            BD9      BD9        6         0
                idataBANK1                          BEF      BEF        8         0

        CLASS   STRCODE        
                stringtext6                         828      828        5         0
                stringtext5                         82D      82D        4         0
                stringtext4                         822      822        6         0
                stringtext3                         819      819        9         0
                stringtext2                         80D      80D        C         0
                stringtext1                         7FD      7FD       10         0

        CLASS   STRING         

        CLASS   CONST          

        CLASS   ENTRY          

        CLASS   COMMON         
                cstackCOMMON                         70       70        E         1

        CLASS   BANK0          
                cstackBANK0                          20       20       42         1
                bssBANK0                             62       62        E         1

        CLASS   BANK1          
                cstackBANK1                          C1       C1       18         1
                dataBANK1                            E7       E7        8         1
                bssBANK1                             A0       A0       21         1
                nvBANK1                              D9       D9        E         1

        CLASS   BANK2          
                bssBANK2                            120      120       40         1

        CLASS   BANK3          

        CLASS   BANK4          

        CLASS   BIGRAM         

        CLASS   RAM            

        CLASS   ABS1           
                abs_s1                               7E       7E        2         1

        CLASS   SFR0           

        CLASS   SFR1           

        CLASS   SFR2           

        CLASS   SFR3           

        CLASS   SFR4           

        CLASS   SFR5           

        CLASS   SFR6           

        CLASS   SFR7           

        CLASS   SFR8           

        CLASS   SFR9           

        CLASS   SFR10          

        CLASS   SFR11          

        CLASS   SFR12          

        CLASS   SFR13          

        CLASS   SFR14          

        CLASS   SFR15          

        CLASS   SFR16          

        CLASS   SFR17          

        CLASS   SFR18          

        CLASS   SFR19          

        CLASS   SFR20          

        CLASS   SFR21          

        CLASS   SFR22          

        CLASS   SFR23          

        CLASS   SFR24          

        CLASS   SFR25          

        CLASS   SFR26          

        CLASS   SFR27          

        CLASS   SFR28          

        CLASS   SFR29          

        CLASS   SFR30          

        CLASS   SFR31          

        CLASS   CONFIG         
                config                             8007     8007        2         4

        CLASS   IDLOC          

        CLASS   EEDATA         

        CLASS   BANK31         

        CLASS   BANK30         

        CLASS   BANK29         

        CLASS   BANK28         

        CLASS   BANK27         

        CLASS   BANK26         

        CLASS   BANK25         

        CLASS   BANK24         

        CLASS   BANK23         

        CLASS   BANK22         

        CLASS   BANK21         

        CLASS   BANK20         

        CLASS   BANK19         

        CLASS   BANK18         

        CLASS   BANK17         

        CLASS   BANK16         

        CLASS   BANK15         

        CLASS   BANK14         

        CLASS   BANK13         

        CLASS   BANK12         

        CLASS   BANK11         

        CLASS   BANK10         

        CLASS   BANK9          

        CLASS   BANK8          

        CLASS   BANK7          

        CLASS   BANK6          

        CLASS   BANK5          

        CLASS   HEAP           

        CLASS   STACK          



SEGMENTS        Name                           Load    Length   Top    Selector   Space  Class     Delta

                reset_vec                      000000  000004  000004         0       0  CODE        2
                intentry                       000004  0007F9  0007FD         8       0  CODE        2
                cstackBANK0                    000020  000050  000070        20       1  BANK0       1
                cstackCOMMON                   000070  00000E  00007E        70       1  COMMON      1
                bssBANK1                       0000A0  00004F  0000EF        A0       1  BANK1       1
                bssBANK2                       000120  000040  000160       120       1  BANK2       1
                stringtext1                    0007FD  000034  000831       FFA       0  STRCODE     2
                text73                         000B8B  000001  000B8C      1716       0  CODE        2
                text70                         000B8C  000001  000B8D      1718       0  CODE        2
                text67                         000B8D  000001  000B8E      171A       0  CODE        2
                text61                         000B8E  000001  000B8F      171C       0  CODE        2
                text52                         000B8F  000001  000B90      171E       0  CODE        2
                text62                         000B90  000003  000B93      1720       0  CODE        2
                text60                         000B93  000004  000B97      1726       0  CODE        2
                text17                         000B97  000004  000B9B      172E       0  CODE        2
                text5                          000B9B  000004  000B9F      1736       0  CODE        2
                text55                         000B9F  000005  000BA4      173E       0  CODE        2
                text22                         000BA4  000005  000BA9      1748       0  CODE        2
                text21                         000BA9  000005  000BAE      1752       0  CODE        2
                text20                         000BAE  000005  000BB3      175C       0  CODE        2
                text19                         000BB3  000005  000BB8      1766       0  CODE        2
                text15                         000BB8  000005  000BBD      1770       0  CODE        2
                text14                         000BBD  000005  000BC2      177A       0  CODE        2
                text9                          000BC2  000005  000BC7      1784       0  CODE        2
                text16                         000BC7  000006  000BCD      178E       0  CODE        2
                text2                          000BCD  000006  000BD3      179A       0  CODE        2
                clrtext                        000BD3  000006  000BD9      17A6       0  CODE        2
                inittext                       000BD9  000006  000BDF      17B2       0  CODE        2
                text56                         000BDF  000008  000BE7      17BE       0  CODE        2
                text7                          000BE7  000008  000BEF      17CE       0  CODE        2
                idataBANK1                     000BEF  000008  000BF7      17DE       0  CODE        2
                text76                         000BF7  000009  000C00      17EE       0  CODE        2
                text74                         000C00  000009  000C09      1800       0  CODE        2
                text28                         000C09  000009  000C12      1812       0  CODE        2
                text40                         000C12  00000A  000C1C      1824       0  CODE        2
                text23                         000C1C  00000A  000C26      1838       0  CODE        2
                text6                          000C26  00000A  000C30      184C       0  CODE        2
                text65                         000C30  00000B  000C3B      1860       0  CODE        2
                text32                         000C3B  00000B  000C46      1876       0  CODE        2
                text10                         000C46  00000B  000C51      188C       0  CODE        2
                text25                         000C51  00000C  000C5D      18A2       0  CODE        2
                text24                         000C5D  00000C  000C69      18BA       0  CODE        2
                text11                         000C69  00000C  000C75      18D2       0  CODE        2
                text72                         000C75  00000D  000C82      18EA       0  CODE        2
                text69                         000C82  00000D  000C8F      1904       0  CODE        2
                text66                         000C8F  00000D  000C9C      191E       0  CODE        2
                text31                         000C9C  00000D  000CA9      1938       0  CODE        2
                text12                         000CA9  00000D  000CB6      1952       0  CODE        2
                text53                         000CB6  00000E  000CC4      196C       0  CODE        2
                text30                         000CC4  00000E  000CD2      1988       0  CODE        2
                text79                         000CD2  00000F  000CE1      19A4       0  CODE        2
                text39                         000CE1  00000F  000CF0      19C2       0  CODE        2
                text35                         000CF0  000010  000D00      19E0       0  CODE        2
                text34                         000D00  000010  000D10      1A00       0  CODE        2
                text63                         000D10  000012  000D22      1A20       0  CODE        2
                text8                          000D22  000019  000D3B      1A44       0  CODE        2
                text44                         000D3B  00001A  000D55      1A76       0  CODE        2
                text47                         000D55  00001B  000D70      1AAA       0  CODE        2
                text43                         000D70  00001B  000D8B      1AE0       0  CODE        2
                text38                         000D8B  00001B  000DA6      1B16       0  CODE        2
                text27                         000DA6  00001E  000DC4      1B4C       0  CODE        2
                text75                         000DC4  00001F  000DE3      1B88       0  CODE        2
                text64                         000DE3  00001F  000E02      1BC6       0  CODE        2
                text50                         000E02  000020  000E22      1C04       0  CODE        2
                text80                         000E22  000021  000E43      1C44       0  CODE        2
                text71                         000E43  000021  000E64      1C86       0  CODE        2
                text1                          000E64  000022  000E86      1CC8       0  CODE        2
                text36                         000E86  000023  000EA9      1D0C       0  CODE        2
                text78                         000EA9  000028  000ED1      1D52       0  CODE        2
                text4                          000ED1  00002A  000EFB      1DA2       0  CODE        2
                text3                          000EFB  00002A  000F25      1DF6       0  CODE        2
                text13                         000F25  00002F  000F54      1E4A       0  CODE        2
                text57                         000F54  000036  000F8A      1EA8       0  CODE        2
                text81                         000F8A  00003B  000FC5      1F14       0  CODE        2
                text49                         000FC5  00003B  001000      1F8A       0  CODE        2


UNUSED ADDRESS RANGES

        Name                Unused          Largest block    Delta
        BANK1            000EF-000EF               1           1
        BANK2            00160-0016F              10           1
        BANK3            001A0-001EF              50           1
        BANK4            00220-0023F              20           1
        BIGRAM           02000-0215F             160           1
        CODE             00831-00B8A             35A           2
        CONST            00831-00B8A             100           2
        EEDATA           0F000-0F0FF             100           2
        ENTRY            00831-00B8A             100           2
        IDLOC            08000-08003               4           2
        RAM              000EF-000EF               1           1
                         00160-0016F              10
                         001A0-001EF              50
                         00220-0023F              20
        SFR0             00000-0001F              20           1
        SFR1             00080-0009F              20           1
        SFR10            00500-0056F              70           1
        SFR11            00580-005EF              70           1
        SFR12            00600-0066F              70           1
        SFR13            00680-006EF              70           1
        SFR14            00700-0076F              70           1
        SFR15            00780-007EF              70           1
        SFR16            00800-0086F              70           1
        SFR17            00880-008EF              70           1
        SFR18            00900-0096F              70           1
        SFR19            00980-009EF              70           1
        SFR2             00100-0011F              20           1
        SFR20            00A00-00A6F              70           1
        SFR21            00A80-00AEF              70           1
        SFR22            00B00-00B6F              70           1
        SFR23            00B80-00BEF              70           1
        SFR24            00C00-00C6F              70           1
        SFR25            00C80-00CEF              70           1
        SFR26            00D00-00D6F              70           1
        SFR27            00D80-00DEF              70           1
        SFR28            00E00-00E6F              70           1
        SFR29            00E80-00EEF              70           1
        SFR3             00180-0019F              20           1
        SFR30            00F00-00F6F              70           1
        SFR31            00F80-00FEF              70           1
        SFR4             00200-0021F              20           1
        SFR5             00280-002EF              70           1
        SFR6             00300-0036F              70           1
        SFR7             00380-003EF              70           1
        SFR8             00400-0046F              70           1
        SFR9             00480-004EF              70           1
        STRCODE          00831-00B8A             35A           2
        STRING           00831-00B8A             100           2

                                  Symbol Table

?___awdiv                                      cstackCOMMON 00077
?___awmod                                      cstackCOMMON 00070
?___wmul                                       cstackCOMMON 00071
?_abs                                          cstackCOMMON 00076
?_read_prec_or_width                           cstackCOMMON 00077
?_sprintf                                      cstackBANK0  0004F
?_vfprintf                                     cstackBANK0  00047
ECCP2_CallBack@capturedValue                   cstackCOMMON 00070
ECCP2_CaptureISR@module                        cstackCOMMON 00072
EUSART_Read@readValue                          cstackCOMMON 00070
EUSART_SetErrorHandler@interruptHandler        cstackBANK1  000C1
EUSART_SetFramingErrorHandler@interruptHandler cstackBANK1  000C1
EUSART_SetOverrunErrorHandler@interruptHandler cstackBANK1  000C1
EUSART_SetRxInterruptHandler@interruptHandler  cstackBANK1  000C1
EUSART_Write@txData                            cstackCOMMON 00070
IOCBF0_SetInterruptHandler@InterruptHandler    cstackBANK1  000C1
IOCBF3_SetInterruptHandler@InterruptHandler    cstackBANK1  000C1
Ini_matrix@data                                cstackBANK1  000C9
Ini_matrix@i                                   cstackBANK1  000C8
Ini_matrix@i_1605                              cstackBANK1  000CC
Ini_matrix@k                                   cstackBANK1  000CB
Initialize_list@list                           cstackBANK1  000C1
Matrix_update_dir@data                         cstackBANK1  000CF
Matrix_update_dir@display_dir                  cstackBANK1  000CE
Matrix_update_dir@i                            cstackBANK1  000D2
Matrix_update_dir@i_1616                       cstackBANK1  000D1
Matrix_update_dir@mask                         cstackBANK1  000CD
Matrix_update_dir@route_                       cstackBANK1  000C9
Matrix_update_floor@data                       cstackBANK1  000C9
Matrix_update_floor@display_floor              cstackBANK1  000CB
Matrix_update_floor@i                          cstackBANK1  000CC
New_request@dest                               cstackCOMMON 00078
New_request@i                                  cstackBANK0  00020
New_request@i_1562                             cstackBANK0  00022
New_request@i_1563                             cstackBANK0  00024
New_request@i_1564                             cstackBANK0  00026
New_request@index_                             cstackBANK0  00028
New_request@origin                             cstackCOMMON 00076
Next_floor@i                                   cstackCOMMON 00079
Next_floor@index_                              cstackCOMMON 00077
Read_UART@dest                                 cstackBANK0  0002C
Read_UART@ori                                  cstackBANK0  0002A
Route_empty@i                                  cstackBANK1  000C2
SPI1_ExchangeBlock@block                       cstackBANK1  000C1
SPI1_ExchangeBlock@blockSize                   cstackBANK1  000C2
SPI1_ExchangeBlock@data                        cstackBANK1  000C4
SPI1_Open@spi1UniqueConfiguration              cstackBANK1  000C4
TMR0_ReadTimer@readVal                         cstackCOMMON 00070
TMR0_WriteTimer@timerVal                       cstackBANK1  000C1
TMR1_ISR@CountCallBack                         bssBANK1     000BA
TMR1_SetInterruptHandler@InterruptHandler      cstackBANK1  000C1
TMR1_WriteTimer@timerVal                       cstackCOMMON 00070
Tx_spi@data                                    cstackBANK1  000C5
Tx_spi@dataSize                                cstackBANK1  000C6
_ANSELA                                        (abs)        0018C
_ANSELB                                        (abs)        0018D
_APFCON0                                       (abs)        0011D
_APFCON1                                       (abs)        0011E
_BAUDCON                                       (abs)        0019F
_BORCON                                        (abs)        00116
_CCP2CON                                       (abs)        0029A
_CCP3CON                                       (abs)        00313
_CCP3CONbits                                   (abs)        00313
_CCPR2H                                        (abs)        00299
_CCPR2L                                        (abs)        00298
_CCPR3H                                        (abs)        00312
_CCPR3L                                        (abs)        00311
_CCPTMRS0bits                                  (abs)        0029E
_CM1CON0                                       (abs)        00111
_CM1CON1                                       (abs)        00112
_CM2CON0                                       (abs)        00113
_CM2CON1                                       (abs)        00114
_CMP1_ISR                                      text76       00BF7
_CMP1_Initialize                               text25       00C51
_CMP2_ISR                                      text74       00C00
_CMP2_Initialize                               text24       00C5D
_ECCP2_CallBack                                text73       00B8B
_ECCP2_CaptureISR                              text72       00C75
_ECCP2_Initialize                              text23       00C1C
_EUSART_DefaultErrorHandler                    text62       00B90
_EUSART_DefaultFramingErrorHandler             text61       00B8E
_EUSART_DefaultOverrunErrorHandler             text60       00B93
_EUSART_ErrorHandler                           nvBANK1      000DB
_EUSART_FramingErrorHandler                    nvBANK1      000DF
_EUSART_Initialize                             text18       007CD
_EUSART_OverrunErrorHandler                    nvBANK1      000DD
_EUSART_Read                                   text64       00DE3
_EUSART_Receive_ISR                            text57       00F54
_EUSART_RxDataHandler                          text63       00D10
_EUSART_RxDefaultInterruptHandler              nvBANK1      000E1
_EUSART_SetErrorHandler                        text22       00BA4
_EUSART_SetFramingErrorHandler                 text21       00BA9
_EUSART_SetOverrunErrorHandler                 text20       00BAE
_EUSART_SetRxInterruptHandler                  text19       00BB3
_EUSART_Write                                  text56       00BDF
_FLOORS                                        stringtext4  00822
_FVRCON                                        (abs)        00117
_FVR_Initialize                                text17       00B97
_INTCONbits                                    (abs)        0000B
_INTERRUPT_InterruptManager                    intentry     00004
_IOCBF0_DefaultInterruptHandler                text70       00B8C
_IOCBF0_ISR                                    text69       00C82
_IOCBF0_InterruptHandler                       nvBANK1      000E5
_IOCBF0_SetInterruptHandler                    text15       00BB8
_IOCBF3_DefaultInterruptHandler                text67       00B8D
_IOCBF3_ISR                                    text66       00C8F
_IOCBF3_InterruptHandler                       nvBANK1      000E3
_IOCBF3_SetInterruptHandler                    text14       00BBD
_IOCBFbits                                     (abs)        00396
_IOCBNbits                                     (abs)        00395
_IOCBPbits                                     (abs)        00394
_ISR_Floor1                                    text71       00E43
_ISR_Floor2                                    text68       00682
_ISR_Floor3                                    text77       00790
_ISR_Floor4                                    text75       00DC4
_Idle                                          text30       00CC4
_Ini_matrix                                    text29       00752
_Initialize_list                               text28       00C09
_LATA                                          (abs)        0010C
_LATAbits                                      (abs)        0010C
_LATB                                          (abs)        0010D
_LATBbits                                      (abs)        0010D
_MATRIX_CONFIG                                 stringtext2  0080D
_MATRIX_DIR                                    stringtext3  00819
_MATRIX_FLOOR                                  stringtext1  007FD
_Matrix_update_dir                             text33       00467
_Matrix_update_floor                           text3        00EFB
_Motor_Turn_Off                                text32       00C3B
_Motor_Turn_On                                 text31       00C9C
_New_request                                   text59       001E9
_Next_floor                                    text81       00F8A
_OPTION_REG                                    (abs)        00095
_OPTION_REGbits                                (abs)        00095
_OSCCON                                        (abs)        00099
_OSCILLATOR_Initialize                         text16       00BC7
_OSCTUNE                                       (abs)        00098
_PIE1bits                                      (abs)        00091
_PIE2bits                                      (abs)        00092
_PIN_MANAGER_IOC                               text65       00C30
_PIN_MANAGER_Initialize                        text13       00F25
_PIR1bits                                      (abs)        00011
_PIR2bits                                      (abs)        00012
_PIR3bits                                      (abs)        00013
_PR2                                           (abs)        0001B
_PR6                                           (abs)        0041D
_PWM3_Initialize                               text12       00CA9
_RCREG                                         (abs)        00199
_RCSTA                                         (abs)        0019D
_RCSTAbits                                     (abs)        0019D
_Read_UART                                     text58       006CA
_Route_empty                                   text27       00DA6
_SPBRGH                                        (abs)        0019C
_SPBRGL                                        (abs)        0019B
_SPI1_ExchangeBlock                            text36       00E86
_SPI1_Initialize                               text11       00C69
_SPI1_Open                                     text26       0053B
_SSP1ADD                                       (abs)        00212
_SSP1BUF                                       (abs)        00211
_SSP1CON1                                      (abs)        00215
_SSP1CON1bits                                  (abs)        00215
_SSP1CON2                                      (abs)        00216
_SSP1STAT                                      (abs)        00214
_SYSTEM_Initialize                             text4        00ED1
_Start                                         text1        00E64
_T1CON                                         (abs)        00018
_T1CONbits                                     (abs)        00018
_T1GCON                                        (abs)        00019
_T2CON                                         (abs)        0001C
_T6CON                                         (abs)        0041E
_TMR0                                          (abs)        00015
_TMR0_Initialize                               text10       00C46
_TMR0_ReadTimer                                text55       00B9F
_TMR0_WriteTimer                               text2        00BCD
_TMR1H                                         (abs)        00017
_TMR1L                                         (abs)        00016
_TMR1_CallBack                                 text40       00C12
_TMR1_DefaultInterruptHandler                  text41       00003
_TMR1_ISR                                      text38       00D8B
_TMR1_Initialize                               text8        00D22
_TMR1_InterruptHandler                         nvBANK1      000D9
_TMR1_SetInterruptHandler                      text9        00BC2
_TMR1_WriteTimer                               text39       00CE1
_TMR2                                          (abs)        0001A
_TMR2_Initialize                               text7        00BE7
_TMR6                                          (abs)        0041C
_TMR6_Initialize                               text6        00C26
_TRISA                                         (abs)        0008C
_TRISB                                         (abs)        0008D
_TRISBbits                                     (abs)        0008D
_TXREG                                         (abs)        0019A
_TXSTA                                         (abs)        0019E
_Tx_spi                                        text35       00CF0
_WDTCON                                        (abs)        00097
_WDT_Initialize                                text5        00B9B
_WPUA                                          (abs)        0020C
_WPUB                                          (abs)        0020D
_Write_UART                                    text42       00068
__H__absolute__                                __absolute__ 00000
__Habs1                                        abs1         00000
__Hbank0                                       bank0        00000
__Hbank1                                       bank1        00000
__Hbank10                                      bank10       00000
__Hbank11                                      bank11       00000
__Hbank12                                      bank12       00000
__Hbank13                                      bank13       00000
__Hbank14                                      bank14       00000
__Hbank15                                      bank15       00000
__Hbank16                                      bank16       00000
__Hbank17                                      bank17       00000
__Hbank18                                      bank18       00000
__Hbank19                                      bank19       00000
__Hbank2                                       bank2        00000
__Hbank20                                      bank20       00000
__Hbank21                                      bank21       00000
__Hbank22                                      bank22       00000
__Hbank23                                      bank23       00000
__Hbank24                                      bank24       00000
__Hbank25                                      bank25       00000
__Hbank26                                      bank26       00000
__Hbank27                                      bank27       00000
__Hbank28                                      bank28       00000
__Hbank29                                      bank29       00000
__Hbank3                                       bank3        00000
__Hbank30                                      bank30       00000
__Hbank31                                      bank31       00000
__Hbank4                                       bank4        00000
__Hbank5                                       bank5        00000
__Hbank6                                       bank6        00000
__Hbank7                                       bank7        00000
__Hbank8                                       bank8        00000
__Hbank9                                       bank9        00000
__Hbigram                                      bigram       00000
__HbssBANK0                                    bssBANK0     00000
__HbssBANK1                                    bssBANK1     00000
__HbssBANK2                                    bssBANK2     00000
__Hcinit                                       cinit        00068
__Hclrtext                                     clrtext      00000
__Hcode                                        code         00000
__Hcommon                                      common       00000
__Hconfig                                      config       08009
__HcstackBANK0                                 cstackBANK0  00000
__HcstackBANK1                                 cstackBANK1  00000
__HcstackCOMMON                                cstackCOMMON 00000
__HdataBANK1                                   dataBANK1    00000
__Heeprom_data                                 eeprom_data  00000
__Hend_init                                    end_init     00041
__Hfunctab                                     functab      00000
__Hheap                                        heap         00000
__HidataBANK1                                  idataBANK1   00000
__Hinit                                        init         0003F
__Hinittext                                    inittext     00000
__Hintentry                                    intentry     0003F
__Hmaintext                                    maintext     00000
__HnvBANK1                                     nvBANK1      00000
__Hpowerup                                     powerup      00000
__Hram                                         ram          00000
__Hreset_vec                                   reset_vec    00003
__Hsfr0                                        sfr0         00000
__Hsfr1                                        sfr1         00000
__Hsfr10                                       sfr10        00000
__Hsfr11                                       sfr11        00000
__Hsfr12                                       sfr12        00000
__Hsfr13                                       sfr13        00000
__Hsfr14                                       sfr14        00000
__Hsfr15                                       sfr15        00000
__Hsfr16                                       sfr16        00000
__Hsfr17                                       sfr17        00000
__Hsfr18                                       sfr18        00000
__Hsfr19                                       sfr19        00000
__Hsfr2                                        sfr2         00000
__Hsfr20                                       sfr20        00000
__Hsfr21                                       sfr21        00000
__Hsfr22                                       sfr22        00000
__Hsfr23                                       sfr23        00000
__Hsfr24                                       sfr24        00000
__Hsfr25                                       sfr25        00000
__Hsfr26                                       sfr26        00000
__Hsfr27                                       sfr27        00000
__Hsfr28                                       sfr28        00000
__Hsfr29                                       sfr29        00000
__Hsfr3                                        sfr3         00000
__Hsfr30                                       sfr30        00000
__Hsfr31                                       sfr31        00000
__Hsfr4                                        sfr4         00000
__Hsfr5                                        sfr5         00000
__Hsfr6                                        sfr6         00000
__Hsfr7                                        sfr7         00000
__Hsfr8                                        sfr8         00000
__Hsfr9                                        sfr9         00000
__Hsivt                                        sivt         0003F
__Hspace_0                                     (abs)        01000
__Hspace_1                                     (abs)        00160
__Hspace_2                                     (abs)        00000
__Hspace_3                                     (abs)        00000
__Hspace_4                                     (abs)        10010
__Hstack                                       stack        00000
__Hstrings                                     strings      00000
__Hstringtext1                                 stringtext1  00000
__Hstringtext2                                 stringtext2  00000
__Hstringtext3                                 stringtext3  00000
__Hstringtext4                                 stringtext4  00000
__Hstringtext5                                 stringtext5  00000
__Hstringtext6                                 stringtext6  00000
__Hstringtext7                                 stringtext7  00000
__Htext                                        text         00000
__L__absolute__                                __absolute__ 00000
__Labs1                                        abs1         00000
__Lbank0                                       bank0        00000
__Lbank1                                       bank1        00000
__Lbank10                                      bank10       00000
__Lbank11                                      bank11       00000
__Lbank12                                      bank12       00000
__Lbank13                                      bank13       00000
__Lbank14                                      bank14       00000
__Lbank15                                      bank15       00000
__Lbank16                                      bank16       00000
__Lbank17                                      bank17       00000
__Lbank18                                      bank18       00000
__Lbank19                                      bank19       00000
__Lbank2                                       bank2        00000
__Lbank20                                      bank20       00000
__Lbank21                                      bank21       00000
__Lbank22                                      bank22       00000
__Lbank23                                      bank23       00000
__Lbank24                                      bank24       00000
__Lbank25                                      bank25       00000
__Lbank26                                      bank26       00000
__Lbank27                                      bank27       00000
__Lbank28                                      bank28       00000
__Lbank29                                      bank29       00000
__Lbank3                                       bank3        00000
__Lbank30                                      bank30       00000
__Lbank31                                      bank31       00000
__Lbank4                                       bank4        00000
__Lbank5                                       bank5        00000
__Lbank6                                       bank6        00000
__Lbank7                                       bank7        00000
__Lbank8                                       bank8        00000
__Lbank9                                       bank9        00000
__Lbigram                                      bigram       00000
__LbssBANK0                                    bssBANK0     00000
__LbssBANK1                                    bssBANK1     00000
__LbssBANK2                                    bssBANK2     00000
__Lcinit                                       cinit        00041
__Lclrtext                                     clrtext      00000
__Lcode                                        code         00000
__Lcommon                                      common       00000
__Lconfig                                      config       00000
__LcstackBANK0                                 cstackBANK0  00000
__LcstackBANK1                                 cstackBANK1  00000
__LcstackCOMMON                                cstackCOMMON 00000
__LdataBANK1                                   dataBANK1    00000
__Leeprom_data                                 eeprom_data  00000
__Lend_init                                    end_init     0003F
__Lfunctab                                     functab      00000
__Lheap                                        heap         00000
__LidataBANK1                                  idataBANK1   00000
__Linit                                        init         0003F
__Linittext                                    inittext     00000
__Lintentry                                    intentry     00004
__Lmaintext                                    maintext     00000
__LnvBANK1                                     nvBANK1      00000
__Lpowerup                                     powerup      00000
__Lram                                         ram          00000
__Lreset_vec                                   reset_vec    00000
__Lsfr0                                        sfr0         00000
__Lsfr1                                        sfr1         00000
__Lsfr10                                       sfr10        00000
__Lsfr11                                       sfr11        00000
__Lsfr12                                       sfr12        00000
__Lsfr13                                       sfr13        00000
__Lsfr14                                       sfr14        00000
__Lsfr15                                       sfr15        00000
__Lsfr16                                       sfr16        00000
__Lsfr17                                       sfr17        00000
__Lsfr18                                       sfr18        00000
__Lsfr19                                       sfr19        00000
__Lsfr2                                        sfr2         00000
__Lsfr20                                       sfr20        00000
__Lsfr21                                       sfr21        00000
__Lsfr22                                       sfr22        00000
__Lsfr23                                       sfr23        00000
__Lsfr24                                       sfr24        00000
__Lsfr25                                       sfr25        00000
__Lsfr26                                       sfr26        00000
__Lsfr27                                       sfr27        00000
__Lsfr28                                       sfr28        00000
__Lsfr29                                       sfr29        00000
__Lsfr3                                        sfr3         00000
__Lsfr30                                       sfr30        00000
__Lsfr31                                       sfr31        00000
__Lsfr4                                        sfr4         00000
__Lsfr5                                        sfr5         00000
__Lsfr6                                        sfr6         00000
__Lsfr7                                        sfr7         00000
__Lsfr8                                        sfr8         00000
__Lsfr9                                        sfr9         00000
__Lsivt                                        sivt         0003F
__Lspace_0                                     (abs)        00000
__Lspace_1                                     (abs)        00000
__Lspace_2                                     (abs)        00000
__Lspace_3                                     (abs)        00000
__Lspace_4                                     (abs)        00000
__Lstack                                       stack        00000
__Lstrings                                     strings      00000
__Lstringtext1                                 stringtext1  00000
__Lstringtext2                                 stringtext2  00000
__Lstringtext3                                 stringtext3  00000
__Lstringtext4                                 stringtext4  00000
__Lstringtext5                                 stringtext5  00000
__Lstringtext6                                 stringtext6  00000
__Lstringtext7                                 stringtext7  00000
__Ltext                                        text         00000
__S0                                           (abs)        01000
__S1                                           (abs)        00160
__S3                                           (abs)        00000
___awdiv                                       text54       00635
___awdiv@counter                               cstackBANK0  00020
___awdiv@dividend                              cstackCOMMON 00079
___awdiv@divisor                               cstackCOMMON 00077
___awdiv@quotient                              cstackBANK0  00022
___awdiv@sign                                  cstackBANK0  00021
___awmod                                       text82       0070F
___awmod@counter                               cstackCOMMON 00074
___awmod@dividend                              cstackCOMMON 00072
___awmod@divisor                               cstackCOMMON 00070
___awmod@sign                                  cstackCOMMON 00075
___bmul                                        text34       00D00
___bmul@multiplicand                           cstackBANK1  000C1
___bmul@multiplier                             cstackBANK1  000C3
___bmul@product                                cstackBANK1  000C2
___heap_hi                                     (abs)        00000
___heap_lo                                     (abs)        00000
___int_sp                                      stack        00000
___int_stack_hi                                stack        00000
___int_stack_lo                                stack        00000
___latbits                                     (abs)        00001
___sp                                          stack        00000
___stack_hi                                    stack        00000
___stack_lo                                    stack        00000
___stackhi                                     (abs)        00000
___stacklo                                     (abs)        00000
___wmul                                        text47       00D55
___wmul@multiplicand                           cstackCOMMON 00073
___wmul@multiplier                             cstackCOMMON 00071
___wmul@product                                cstackCOMMON 00075
__end_of_CMP1_ISR                              text76       00C00
__end_of_CMP1_Initialize                       text25       00C5D
__end_of_CMP2_ISR                              text74       00C09
__end_of_CMP2_Initialize                       text24       00C69
__end_of_ECCP2_CallBack                        text73       00B8C
__end_of_ECCP2_CaptureISR                      text72       00C82
__end_of_ECCP2_Initialize                      text23       00C26
__end_of_EUSART_DefaultErrorHandler            text62       00B93
__end_of_EUSART_DefaultFramingErrorHandler     text61       00B8F
__end_of_EUSART_DefaultOverrunErrorHandler     text60       00B97
__end_of_EUSART_Initialize                     text18       007FD
__end_of_EUSART_Read                           text64       00E02
__end_of_EUSART_Receive_ISR                    text57       00F8A
__end_of_EUSART_RxDataHandler                  text63       00D22
__end_of_EUSART_SetErrorHandler                text22       00BA9
__end_of_EUSART_SetFramingErrorHandler         text21       00BAE
__end_of_EUSART_SetOverrunErrorHandler         text20       00BB3
__end_of_EUSART_SetRxInterruptHandler          text19       00BB8
__end_of_EUSART_Write                          text56       00BE7
__end_of_FLOORS                                stringtext4  00828
__end_of_FVR_Initialize                        text17       00B9B
__end_of_INTERRUPT_InterruptManager            intentry     0003F
__end_of_IOCBF0_DefaultInterruptHandler        text70       00B8D
__end_of_IOCBF0_ISR                            text69       00C8F
__end_of_IOCBF0_SetInterruptHandler            text15       00BBD
__end_of_IOCBF3_DefaultInterruptHandler        text67       00B8E
__end_of_IOCBF3_ISR                            text66       00C9C
__end_of_IOCBF3_SetInterruptHandler            text14       00BC2
__end_of_ISR_Floor1                            text71       00E64
__end_of_ISR_Floor2                            text68       006CA
__end_of_ISR_Floor3                            text77       007CD
__end_of_ISR_Floor4                            text75       00DE3
__end_of_Idle                                  text30       00CD2
__end_of_Ini_matrix                            text29       00790
__end_of_Initialize_list                       text28       00C12
__end_of_MATRIX_CONFIG                         stringtext2  00819
__end_of_MATRIX_DIR                            stringtext3  00822
__end_of_MATRIX_FLOOR                          stringtext1  0080D
__end_of_Matrix_update_dir                     text33       004E1
__end_of_Matrix_update_floor                   text3        00F25
__end_of_Motor_Turn_Off                        text32       00C46
__end_of_Motor_Turn_On                         text31       00CA9
__end_of_New_request                           text59       0031C
__end_of_Next_floor                            text81       00FC5
__end_of_OSCILLATOR_Initialize                 text16       00BCD
__end_of_PIN_MANAGER_IOC                       text65       00C3B
__end_of_PIN_MANAGER_Initialize                text13       00F54
__end_of_PWM3_Initialize                       text12       00CB6
__end_of_Read_UART                             text58       0070F
__end_of_Route_empty                           text27       00DC4
__end_of_SPI1_ExchangeBlock                    text36       00EA9
__end_of_SPI1_Initialize                       text11       00C75
__end_of_SPI1_Open                             text26       00591
__end_of_SYSTEM_Initialize                     text4        00EFB
__end_of_Start                                 text1        00E86
__end_of_TMR0_Initialize                       text10       00C51
__end_of_TMR0_ReadTimer                        text55       00BA4
__end_of_TMR0_WriteTimer                       text2        00BD3
__end_of_TMR1_CallBack                         text40       00C1C
__end_of_TMR1_DefaultInterruptHandler          text41       00004
__end_of_TMR1_ISR                              text38       00DA6
__end_of_TMR1_Initialize                       text8        00D3B
__end_of_TMR1_SetInterruptHandler              text9        00BC7
__end_of_TMR1_WriteTimer                       text39       00CF0
__end_of_TMR2_Initialize                       text7        00BEF
__end_of_TMR6_Initialize                       text6        00C30
__end_of_Tx_spi                                text35       00D00
__end_of_WDT_Initialize                        text5        00B9F
__end_of_Write_UART                            text42       001E9
__end_of___awdiv                               text54       00682
__end_of___awmod                               text82       00752
__end_of___bmul                                text34       00D10
__end_of___wmul                                text47       00D70
__end_of__initialization                       cinit        00064
__end_of_abs                                   text53       00CC4
__end_of_dtoa                                  text48       00467
__end_of_fputc                                 text51       00635
__end_of_fputs                                 text50       00E22
__end_of_main                                  maintext     0053B
__end_of_pad                                   text49       01000
__end_of_putch                                 text52       00B90
__end_of_read_prec_or_width                    text46       005E7
__end_of_spi1_configuration                    stringtext5  00831
__end_of_sprintf                               text43       00D8B
__end_of_vfpfcnvrt                             text45       003D1
__end_of_vfprintf                              text44       00D55
__end_ofi1_Matrix_update_floor                 text78       00ED1
__end_ofi1_SPI1_ExchangeBlock                  text80       00E43
__end_ofi1_Tx_spi                              text79       00CE1
__initialization                               cinit        00041
__pbssBANK0                                    bssBANK0     00062
__pbssBANK1                                    bssBANK1     000A0
__pbssBANK2                                    bssBANK2     00120
__pcstackBANK0                                 cstackBANK0  00020
__pcstackBANK1                                 cstackBANK1  000C1
__pcstackCOMMON                                cstackCOMMON 00070
__pdataBANK1                                   dataBANK1    000E7
__pidataBANK1                                  idataBANK1   00BEF
__pintentry                                    intentry     00004
__pmaintext                                    maintext     004E1
__pnvBANK1                                     nvBANK1      000D9
__pstringtext1                                 stringtext1  007FD
__pstringtext2                                 stringtext2  0080D
__pstringtext3                                 stringtext3  00819
__pstringtext4                                 stringtext4  00822
__pstringtext5                                 stringtext5  0082D
__pstringtext6                                 stringtext6  00828
__pstringtext7                                 stringtext7  00000
__ptext1                                       text1        00E64
__ptext10                                      text10       00C46
__ptext11                                      text11       00C69
__ptext12                                      text12       00CA9
__ptext13                                      text13       00F25
__ptext14                                      text14       00BBD
__ptext15                                      text15       00BB8
__ptext16                                      text16       00BC7
__ptext17                                      text17       00B97
__ptext18                                      text18       007CD
__ptext19                                      text19       00BB3
__ptext2                                       text2        00BCD
__ptext20                                      text20       00BAE
__ptext21                                      text21       00BA9
__ptext22                                      text22       00BA4
__ptext23                                      text23       00C1C
__ptext24                                      text24       00C5D
__ptext25                                      text25       00C51
__ptext26                                      text26       0053B
__ptext27                                      text27       00DA6
__ptext28                                      text28       00C09
__ptext29                                      text29       00752
__ptext3                                       text3        00EFB
__ptext30                                      text30       00CC4
__ptext31                                      text31       00C9C
__ptext32                                      text32       00C3B
__ptext33                                      text33       00467
__ptext34                                      text34       00D00
__ptext35                                      text35       00CF0
__ptext36                                      text36       00E86
__ptext38                                      text38       00D8B
__ptext39                                      text39       00CE1
__ptext4                                       text4        00ED1
__ptext40                                      text40       00C12
__ptext41                                      text41       00003
__ptext42                                      text42       00068
__ptext43                                      text43       00D70
__ptext44                                      text44       00D3B
__ptext45                                      text45       0031C
__ptext46                                      text46       00591
__ptext47                                      text47       00D55
__ptext48                                      text48       003D1
__ptext49                                      text49       00FC5
__ptext5                                       text5        00B9B
__ptext50                                      text50       00E02
__ptext51                                      text51       005E7
__ptext52                                      text52       00B8F
__ptext53                                      text53       00CB6
__ptext54                                      text54       00635
__ptext55                                      text55       00B9F
__ptext56                                      text56       00BDF
__ptext57                                      text57       00F54
__ptext58                                      text58       006CA
__ptext59                                      text59       001E9
__ptext6                                       text6        00C26
__ptext60                                      text60       00B93
__ptext61                                      text61       00B8E
__ptext62                                      text62       00B90
__ptext63                                      text63       00D10
__ptext64                                      text64       00DE3
__ptext65                                      text65       00C30
__ptext66                                      text66       00C8F
__ptext67                                      text67       00B8D
__ptext68                                      text68       00682
__ptext69                                      text69       00C82
__ptext7                                       text7        00BE7
__ptext70                                      text70       00B8C
__ptext71                                      text71       00E43
__ptext72                                      text72       00C75
__ptext73                                      text73       00B8B
__ptext74                                      text74       00C00
__ptext75                                      text75       00DC4
__ptext76                                      text76       00BF7
__ptext77                                      text77       00790
__ptext78                                      text78       00EA9
__ptext79                                      text79       00CD2
__ptext8                                       text8        00D22
__ptext80                                      text80       00E22
__ptext81                                      text81       00F8A
__ptext82                                      text82       0070F
__ptext9                                       text9        00BC2
_abs                                           text53       00CB6
_buffer                                        bssBANK2     00120
_buffer_count                                  bssBANK1     000B8
_current_floor                                 bssBANK0     0006E
_dbuf                                          bssBANK2     0012A
_dtoa                                          text48       003D1
_dtoa$2209                                     cstackBANK0  00030
_eusartRxBuffer                                bssBANK1     000A8
_eusartRxCount                                 bssBANK0     00066
_eusartRxHead                                  bssBANK0     00068
_eusartRxLastError                             bssBANK0     00065
_eusartRxStatusBuffer                          bssBANK1     000A0
_eusartRxTail                                  bssBANK0     00067
_flags                                         bssBANK0     00064
_fputc                                         text51       005E7
_fputs                                         text50       00E02
_index                                         bssBANK0     0006F
_main                                          maintext     004E1
_next_floor                                    bssBANK0     0006D
_pad                                           text49       00FC5
_position                                      bssBANK0     0006C
_position0                                     bssBANK0     0006B
_position_string                               dataBANK1    000EB
_prec                                          bssBANK1     000B6
_putch                                         text52       00B8F
_read_prec_or_width                            text46       00591
_route                                         bssBANK1     000B0
_route_list                                    bssBANK2     0014A
_spi1_configuration                            stringtext5  0082D
_sprintf                                       text43       00D70
_stop_2s                                       bssBANK0     00069
_timer0ReloadVal                               bssBANK1     000C0
_timer1ReloadVal                               bssBANK1     000BC
_velocidade                                    bssBANK1     000BE
_velocidade_string                             dataBANK1    000E7
_vfpfcnvrt                                     text45       0031C
_vfprintf                                      text44       00D3B
_width                                         bssBANK0     00062
abs@a                                          cstackCOMMON 00076
btemp                                          (abs)        0007E
clear_ram0                                     clrtext      00BD3
dtoa@d                                         cstackBANK0  0002D
dtoa@fp                                        cstackBANK0  0002B
dtoa@i                                         cstackBANK0  00036
dtoa@p                                         cstackBANK0  00032
dtoa@s                                         cstackBANK0  00035
dtoa@w                                         cstackBANK0  00033
end_of_initialization                          cinit        00064
fputc@c                                        cstackCOMMON 00070
fputc@fp                                       cstackCOMMON 00072
fputs@c                                        cstackBANK0  00020
fputs@fp                                       cstackCOMMON 0007A
fputs@i                                        cstackBANK0  00021
fputs@s                                        cstackCOMMON 00079
i1Matrix_update_floor@data                     cstackCOMMON 00078
i1Matrix_update_floor@display_floor            cstackCOMMON 0007A
i1Matrix_update_floor@i                        cstackCOMMON 0007B
i1SPI1_ExchangeBlock@block                     cstackCOMMON 00070
i1SPI1_ExchangeBlock@blockSize                 cstackCOMMON 00071
i1SPI1_ExchangeBlock@data                      cstackCOMMON 00073
i1Tx_spi@data                                  cstackCOMMON 00074
i1Tx_spi@dataSize                              cstackCOMMON 00075
i1_Matrix_update_floor                         text78       00EA9
i1_SPI1_ExchangeBlock                          text80       00E22
i1_Tx_spi                                      text79       00CD2
init_ram                                       inittext     00BD9
int$flags                                      (abs)        0007E
intlevel0                                      functab      00000
intlevel1                                      functab      00000
intlevel2                                      functab      00000
intlevel3                                      functab      00000
intlevel4                                      functab      00000
intlevel5                                      functab      00000
main@is_empty                                  cstackBANK1  000D8
pad@buf                                        cstackBANK0  00025
pad@fp                                         cstackBANK0  00023
pad@i                                          cstackBANK0  00029
pad@p                                          cstackBANK0  00026
read_prec_or_width@ap                          cstackCOMMON 00078
read_prec_or_width@c                           cstackBANK0  00020
read_prec_or_width@fmt                         cstackCOMMON 00077
read_prec_or_width@n                           cstackBANK0  00021
reset_vec                                      reset_vec    00000
sprintf@ap                                     cstackBANK0  00054
sprintf@f                                      cstackBANK0  00055
sprintf@fmt                                    cstackBANK0  00050
sprintf@s                                      cstackBANK0  0004F
start                                          init         0003F
start_initialization                           cinit        00041
vfpfcnvrt@ap                                   cstackBANK0  0003B
vfpfcnvrt@convarg                              cstackBANK0  00040
vfpfcnvrt@cp                                   cstackBANK0  00045
vfpfcnvrt@done                                 cstackBANK0  00044
vfpfcnvrt@fmt                                  cstackBANK0  0003A
vfpfcnvrt@fp                                   cstackBANK0  00038
vfprintf@ap                                    cstackBANK0  0004B
vfprintf@cfmt                                  cstackBANK0  0004D
vfprintf@fmt                                   cstackBANK0  00049
vfprintf@fp                                    cstackBANK0  00047
wtemp0                                         (abs)        0007E


MODULE INFORMATION

Module		Function		Class		Link	Load	Size
mcc_generated_files/cmp1.c
		_CMP1_ISR      		CODE           	0BF7	0000	9
		_CMP1_Initialize		CODE           	0C51	0000	12

mcc_generated_files/cmp1.c estimated size: 21

D:\Microchip\MPLABX\v6.25\xc8\v3.00\pic\sources\c99\common\doprnt.c
		_read_prec_or_width		CODE           	0591	0000	86
		_vfpfcnvrt     		CODE           	031C	0000	181
		_pad           		CODE           	0FC5	0000	59
		_dtoa          		CODE           	03D1	0000	150
		_vfprintf      		CODE           	0D3B	0000	26

D:\Microchip\MPLABX\v6.25\xc8\v3.00\pic\sources\c99\common\doprnt.c estimated size: 502

D:\Microchip\MPLABX\v6.25\xc8\v3.00\pic\sources\c99\common\awmod.c
		___awmod       		CODE           	070F	0000	67

D:\Microchip\MPLABX\v6.25\xc8\v3.00\pic\sources\c99\common\awmod.c estimated size: 67

D:\Microchip\MPLABX\v6.25\xc8\v3.00\pic\sources\c99\common\nf_sprintf.c
		_sprintf       		CODE           	0D70	0000	27

D:\Microchip\MPLABX\v6.25\xc8\v3.00\pic\sources\c99\common\nf_sprintf.c estimated size: 27

mcc_generated_files/tmr6.c
		_TMR6_Initialize		CODE           	0C26	0000	10

mcc_generated_files/tmr6.c estimated size: 10

D:\Microchip\MPLABX\v6.25\xc8\v3.00\pic\sources\c99\common\abs.c
		_abs           		CODE           	0CB6	0000	14

D:\Microchip\MPLABX\v6.25\xc8\v3.00\pic\sources\c99\common\abs.c estimated size: 14

mcc_generated_files/fvr.c
		_FVR_Initialize		CODE           	0B97	0000	4

mcc_generated_files/fvr.c estimated size: 4

D:\Microchip\MPLABX\v6.25\xc8\v3.00\pic\sources\c99\common\Umul16.c
		___wmul        		CODE           	0D55	0000	27

D:\Microchip\MPLABX\v6.25\xc8\v3.00\pic\sources\c99\common\Umul16.c estimated size: 27

mcc_generated_files/tmr2.c
		_TMR2_Initialize		CODE           	0BE7	0000	8

mcc_generated_files/tmr2.c estimated size: 8

mcc_generated_files/interrupt_manager.c
		_INTERRUPT_InterruptManager		CODE           	0004	0000	59

mcc_generated_files/interrupt_manager.c estimated size: 59

mcc_generated_files/tmr0.c
		_TMR0_WriteTimer		CODE           	0BCD	0000	6
		_TMR0_ReadTimer		CODE           	0B9F	0000	5
		_TMR0_Initialize		CODE           	0C46	0000	11

mcc_generated_files/tmr0.c estimated size: 22

D:\Microchip\MPLABX\v6.25\xc8\v3.00\pic\sources\c99\common\nf_fputc.c
		_fputc         		CODE           	05E7	0000	78

D:\Microchip\MPLABX\v6.25\xc8\v3.00\pic\sources\c99\common\nf_fputc.c estimated size: 78

mcc_generated_files/pin_manager.c
		_IOCBF3_DefaultInterruptHandler		CODE           	0B8D	0000	1
		_IOCBF0_ISR    		CODE           	0C82	0000	13
		_PIN_MANAGER_Initialize		CODE           	0F25	0000	47
		_IOCBF3_ISR    		CODE           	0C8F	0000	13
		_IOCBF0_SetInterruptHandler		CODE           	0BB8	0000	5
		_IOCBF3_SetInterruptHandler		CODE           	0BBD	0000	5
		_PIN_MANAGER_IOC		CODE           	0C30	0000	11
		_IOCBF0_DefaultInterruptHandler		CODE           	0B8C	0000	1

mcc_generated_files/pin_manager.c estimated size: 96

mcc_generated_files/spi1.c
		_SPI1_ExchangeBlock		CODE           	0E86	0000	35
		_SPI1_Open     		CODE           	053B	0000	86
		_SPI1_Initialize		CODE           	0C69	0000	12

mcc_generated_files/spi1.c estimated size: 133

D:\Microchip\MPLABX\v6.25\xc8\v3.00\pic\sources\c99\common\awdiv.c
		___awdiv       		CODE           	0635	0000	77

D:\Microchip\MPLABX\v6.25\xc8\v3.00\pic\sources\c99\common\awdiv.c estimated size: 77

mcc_generated_files/eccp2.c
		_ECCP2_CaptureISR		CODE           	0C75	0000	13
		_ECCP2_CallBack		CODE           	0B8B	0000	1
		_ECCP2_Initialize		CODE           	0C1C	0000	10

mcc_generated_files/eccp2.c estimated size: 24

mcc_generated_files/cmp2.c
		_CMP2_ISR      		CODE           	0C00	0000	9
		_CMP2_Initialize		CODE           	0C5D	0000	12

mcc_generated_files/cmp2.c estimated size: 21

D:\Microchip\MPLABX\v6.25\xc8\v3.00\pic\sources\c99\common\Umul8.c
		___bmul        		CODE           	0D00	0000	16

D:\Microchip\MPLABX\v6.25\xc8\v3.00\pic\sources\c99\common\Umul8.c estimated size: 16

shared
		_MATRIX_DIR    		STRCODE        	0819	0000	9
		i1_Matrix_update_floor		CODE           	0EA9	0000	40
		_MATRIX_FLOOR  		STRCODE        	07FD	0000	16
		_MATRIX_CONFIG 		STRCODE        	080D	0000	12
		_FLOORS        		STRCODE        	0822	0000	6
		__initialization		CODE           	0041	0000	35
		i1_Tx_spi      		CODE           	0CD2	0000	15
		i1_SPI1_ExchangeBlock		CODE           	0E22	0000	33
		_spi1_configuration		STRCODE        	082D	0000	4

shared estimated size: 170

mcc_generated_files/mcc.c
		_WDT_Initialize		CODE           	0B9B	0000	4
		_OSCILLATOR_Initialize		CODE           	0BC7	0000	6
		_SYSTEM_Initialize		CODE           	0ED1	0000	42

mcc_generated_files/mcc.c estimated size: 52

mcc_generated_files/pwm3.c
		_PWM3_Initialize		CODE           	0CA9	0000	13

mcc_generated_files/pwm3.c estimated size: 13

mcc_generated_files/tmr1.c
		_TMR1_Initialize		CODE           	0D22	0000	25
		_TMR1_SetInterruptHandler		CODE           	0BC2	0000	5
		_TMR1_DefaultInterruptHandler		CODE           	0003	0000	1
		_TMR1_CallBack 		CODE           	0C12	0000	10
		_TMR1_WriteTimer		CODE           	0CE1	0000	15
		_TMR1_ISR      		CODE           	0D8B	0000	27

mcc_generated_files/tmr1.c estimated size: 83

D:\Microchip\MPLABX\v6.25\xc8\v3.00\pic\sources\c99\common\nf_fputs.c
		_fputs         		CODE           	0E02	0000	32

D:\Microchip\MPLABX\v6.25\xc8\v3.00\pic\sources\c99\common\nf_fputs.c estimated size: 32

D:\Microchip\MPLABX\v6.25\xc8\v3.00\pic\sources\c99\common\putch.c
		_putch         		CODE           	0B8F	0000	1

D:\Microchip\MPLABX\v6.25\xc8\v3.00\pic\sources\c99\common\putch.c estimated size: 1

mcc_generated_files/eusart.c
		_EUSART_SetRxInterruptHandler		CODE           	0BB3	0000	5
		_EUSART_Read   		CODE           	0DE3	0000	31
		_EUSART_DefaultOverrunErrorHandler		CODE           	0B93	0000	4
		_EUSART_Write  		CODE           	0BDF	0000	8
		_EUSART_DefaultErrorHandler		CODE           	0B90	0000	3
		_EUSART_Initialize		CODE           	07CD	0000	48
		_EUSART_SetFramingErrorHandler		CODE           	0BA9	0000	5
		_EUSART_SetErrorHandler		CODE           	0BA4	0000	5
		_EUSART_SetOverrunErrorHandler		CODE           	0BAE	0000	5
		_EUSART_Receive_ISR		CODE           	0F54	0000	54
		_EUSART_RxDataHandler		CODE           	0D10	0000	18
		_EUSART_DefaultFramingErrorHandler		CODE           	0B8E	0000	1

mcc_generated_files/eusart.c estimated size: 187

main.c
		_Motor_Turn_On 		CODE           	0C9C	0000	13
		_Initialize_list		CODE           	0C09	0000	9
		_Matrix_update_floor		CODE           	0EFB	0000	42
		_Motor_Turn_Off		CODE           	0C3B	0000	11
		_Read_UART     		CODE           	06CA	0000	69
		_main          		CODE           	04E1	0000	90
		_Idle          		CODE           	0CC4	0000	14
		_Start         		CODE           	0E64	0000	34
		_Write_UART    		CODE           	0068	0000	385
		_New_request   		CODE           	01E9	0000	307
		_Matrix_update_dir		CODE           	0467	0000	122
		_Ini_matrix    		CODE           	0752	0000	62
		_ISR_Floor1    		CODE           	0E43	0000	33
		_ISR_Floor2    		CODE           	0682	0000	72
		_ISR_Floor3    		CODE           	0790	0000	61
		_ISR_Floor4    		CODE           	0DC4	0000	31
		_Tx_spi        		CODE           	0CF0	0000	16
		_Route_empty   		CODE           	0DA6	0000	30
		_Next_floor    		CODE           	0F8A	0000	59

main.c estimated size: 1460

