Microchip MPLAB XC8 Compiler V3.00

Linker command line:

-W-3 \
  --edf=C:/Users/pedro/.mchp_packs/Microchip/PIC12-16F1xxx_DFP/1.8.254/xc8\pic\dat\20250327143623_en.msgs \
  -cn -h+dist/Config_3/debug\projeto_final2_Copia_3.X.debug.sym \
  --cmf=dist/Config_3/debug\projeto_final2_Copia_3.X.debug.cmf -z -Q16F1827 \
  -oC:\Users\pedro\AppData\Local\Temp\xcCs135o.2\driver_tmp_3.o \
  --defsym=__MPLAB_BUILD=1 --fixupoverflow=error \
  -Mdist/Config_3/debug/projeto_final2_Copia_3.X.debug.map \
  --md=C:\Users\pedro\AppData\Local\Temp\xcCs135o.2\driver_tmp_0.dat -E1 \
  -ver=XC8 Compiler -ACODE=00h-07FFhx2 -ASTRCODE=00h-0FFFh \
  -ASTRING=00h-0FFhx16 -ACONST=00h-0FFhx16 -AENTRY=00h-0FFhx16 \
  -ACOMMON=070h-07Fh -ABANK0=020h-06Fh -ABANK1=0A0h-0EFh \
  -ABANK2=0120h-016Fh -ABANK3=01A0h-01EFh -ABANK4=0220h-024Fh \
  -ABIGRAM=02000h-0216Fh \
  -ARAM=020h-06Fh,0A0h-0EFh,0120h-016Fh,01A0h-01EFh,0220h-024Fh \
  -AABS1=020h-07Fh,0A0h-0EFh,0120h-016Fh,01A0h-01EFh,0220h-024Fh \
  -ASFR0=00h-01Fh -ASFR1=080h-09Fh -ASFR2=0100h-011Fh -ASFR3=0180h-019Fh \
  -ASFR4=0200h-021Fh -ASFR5=0280h-02EFh -ASFR6=0300h-036Fh \
  -ASFR7=0380h-03EFh -ASFR8=0400h-046Fh -ASFR9=0480h-04EFh \
  -ASFR10=0500h-056Fh -ASFR11=0580h-05EFh -ASFR12=0600h-066Fh \
  -ASFR13=0680h-06EFh -ASFR14=0700h-076Fh -ASFR15=0780h-07EFh \
  -ASFR16=0800h-086Fh -ASFR17=0880h-08EFh -ASFR18=0900h-096Fh \
  -ASFR19=0980h-09EFh -ASFR20=0A00h-0A6Fh -ASFR21=0A80h-0AEFh \
  -ASFR22=0B00h-0B6Fh -ASFR23=0B80h-0BEFh -ASFR24=0C00h-0C6Fh \
  -ASFR25=0C80h-0CEFh -ASFR26=0D00h-0D6Fh -ASFR27=0D80h-0DEFh \
  -ASFR28=0E00h-0E6Fh -ASFR29=0E80h-0EEFh -ASFR30=0F00h-0F6Fh \
  -ASFR31=0F80h-0FEFh -ACONFIG=08007h-08008h -DCONFIG=2 \
  -AIDLOC=08000h-08003h -DIDLOC=2 -AEEDATA=00h-0FFh/0F000h \
  -peeprom_data=EEDATA -DEEDATA=2 -DCODE=2 -DSTRCODE=2 -DSTRING=2 -DCONST=2 \
  -DENTRY=2 -preset_vec=00h,intentry=04h,sivt,init,end_init -ppowerup=CODE \
  -pcinit=CODE -pfunctab=ENTRY -k \
  C:\Users\pedro\AppData\Local\Temp\xcCs135o.2\driver_tmp_15.o \
  dist/Config_3/debug\projeto_final2_Copia_3.X.debug.o 

Object code version is 3.11

Machine type is 16F1827



                Name                               Link     Load   Length Selector   Space Scale
C:\Users\pedro\AppData\Local\Temp\xcCs135o.2\driver_tmp_15.o
                end_init                             3F       3F        2        8       0
                reset_vec                             0        0        2        0       0
                config                             8007     8007        2        0       4
dist/Config_3/debug\projeto_final2_Copia_3.X.debug.o
                cinit                                41       41       2B        8       0
                intentry                              4        4       3B        8       0
                config                             8007     8007        2        0       4
                text83                              C3C      C3C        1     1878       0
                text82                              D0D      D0D        C     1A1A       0
                text81                              EE7      EE7       21     1DCE       0
                text80                              D9C      D9C        F     1B38       0
                text79                              F2B      F2B       28     1E56       0
                text78                              CA3      CA3        8     1946       0
                text77                              CBB      CBB        9     1976       0
                text76                              C42      C42        4     1884       0
                text75                              D31      D31        D     1A62       0
                text74                              CC4      CC4        9     1988       0
                text73                              DBA      DBA       10     1B74       0
                text72                              C3D      C3D        1     187A       0
                text71                              D3E      D3E        D     1A7C       0
                text70                              D72      D72        E     1AE4       0
                text69                              C3E      C3E        1     187C       0
                text68                              D4B      D4B        D     1A96       0
                text67                              CE1      CE1        B     19C2       0
                text66                              EA9      EA9       1F     1D52       0
                text65                              DEA      DEA       12     1BD4       0
                text64                              C3F      C3F        3     187E       0
                text63                                2        2        1        0       0
                text62                              C46      C46        4     188C       0
                text61                              DAB      DAB        F     1B56       0
                text60                              47B      47B       79        8       0
                text59                              5DA      5DA       43        8       0
                text58                              1F2      1F2      16D        8       0
                text57                              61D      61D       42        8       0
                text56                              6DC      6DC       36        8       0
                text55                              C95      C95        7     192A       0
                text54                              C9C      C9C        7     1938       0
                text53                              C56      C56        5     18AC       0
                text52                              54A      54A       4D        8       0
                text51                              EC8      EC8       1F     1D90       0
                text50                              E55      E55       1B     1CAA       0
                text49                              746      746       32        8       0
                text48                              F53      F53       2A     1EA6       0
                text47                              E70      E70       1B     1CE0       0
                text46                               6C       6C      186        8       0
                text45                              7D9      7D9       24        8       0
                text44                                3        3        1        6       0
                text43                              CEC      CEC        B     19D8       0
                text42                              D80      D80        E     1B00       0
                text41                              E3C      E3C       19     1C78       0
                text39                              F08      F08       23     1E10       0
                text38                              DCA      DCA       10     1B94       0
                text37                              DDA      DDA       10     1BB4       0
                text36                              3FA      3FA       81        8       0
                text35                              CF7      CF7        B     19EE       0
                text34                              D58      D58        D     1AB0       0
                text33                              DFC      DFC       14     1BF8       0
                text32                              69E      69E       3E        8       0
                text31                              597      597       43        8       0
                text30                              65F      65F       3F        8       0
                text29                              712      712       34        8       0
                text28                              E8B      E8B       1E     1D16       0
                text27                              4F4      4F4       56        8       0
                text26                              C5B      C5B        5     18B6       0
                text25                              D8E      D8E        E     1B1C       0
                text24                              D19      D19        C     1A32       0
                text23                              D02      D02        B     1A04       0
                text22                              C60      C60        5     18C0       0
                text21                              C65      C65        5     18CA       0
                text20                              C6A      C6A        5     18D4       0
                text19                              C6F      C6F        5     18DE       0
                text18                              7A9      7A9       30        8       0
                text17                              C4A      C4A        4     1894       0
                text16                              C83      C83        6     1906       0
                text15                              C74      C74        5     18E8       0
                text14                              C79      C79        5     18F2       0
                text13                              FD1      FD1       2F     1FA2       0
                text12                              D65      D65        D     1ACA       0
                text11                              D25      D25        C     1A4A       0
                text10                              CCD      CCD        A     199A       0
                text9                               C7E      C7E        5     18FC       0
                text8                               E25      E25       17     1C4A       0
                text7                               CAB      CAB        8     1956       0
                text6                               CD7      CD7        A     19AE       0
                text5                               C4E      C4E        4     189C       0
                text4                               F7D      F7D       2A     1EFA       0
                text3                               FA7      FA7       2A     1F4E       0
                text2                               C52      C52        4     18A4       0
                text1                               778      778       31        8       0
                maintext                            35F      35F       9B        8       0
                cstackBANK0                          3F       3F       1E       20       1
                cstackCOMMON                         70       70        E       70       1
                cstackBANK1                          C0       C0       17       A0       1
                cstackBANK2                         135      135        3      120       1
                clrtext                             C89      C89        6     1912       0
                inittext                            C8F      C8F        6     191E       0
                dataBANK2                           120      120       15      120       1
                dataBANK1                            E7       E7        8       A0       1
                bssBANK1                             A0       A0       20       A0       1
                bssBANK0                             20       20       1F       20       1
                nvBANK1                              D7       D7       10       A0       1
                stringtext5                         828      828        4      FFA       0
                stringtext4                         822      822        6      FFA       0
                stringtext3                         819      819        9      FFA       0
                stringtext2                         80D      80D        C      FFA       0
                stringtext1                         7FD      7FD       10      FFA       0
                idataBANK2                          E10      E10       15     1C20       0
                idataBANK1                          CB3      CB3        8     1966       0

TOTAL           Name                               Link     Load   Length     Space
        CLASS   CODE           
                end_init                             3F       3F        2         0
                cinit                                41       41       2B         0
                intentry                              4        4       3B         0
                reset_vec                             0        0        2         0
                text83                              C3C      C3C        1         0
                text82                              D0D      D0D        C         0
                text81                              EE7      EE7       21         0
                text80                              D9C      D9C        F         0
                text79                              F2B      F2B       28         0
                text78                              CA3      CA3        8         0
                text77                              CBB      CBB        9         0
                text76                              C42      C42        4         0
                text75                              D31      D31        D         0
                text74                              CC4      CC4        9         0
                text73                              DBA      DBA       10         0
                text72                              C3D      C3D        1         0
                text71                              D3E      D3E        D         0
                text70                              D72      D72        E         0
                text69                              C3E      C3E        1         0
                text68                              D4B      D4B        D         0
                text67                              CE1      CE1        B         0
                text66                              EA9      EA9       1F         0
                text65                              DEA      DEA       12         0
                text64                              C3F      C3F        3         0
                text63                                2        2        1         0
                text62                              C46      C46        4         0
                text61                              DAB      DAB        F         0
                text60                              47B      47B       79         0
                text59                              5DA      5DA       43         0
                text58                              1F2      1F2      16D         0
                text57                              61D      61D       42         0
                text56                              6DC      6DC       36         0
                text55                              C95      C95        7         0
                text54                              C9C      C9C        7         0
                text53                              C56      C56        5         0
                text52                              54A      54A       4D         0
                text51                              EC8      EC8       1F         0
                text50                              E55      E55       1B         0
                text49                              746      746       32         0
                text48                              F53      F53       2A         0
                text47                              E70      E70       1B         0
                text46                               6C       6C      186         0
                text45                              7D9      7D9       24         0
                text44                                3        3        1         0
                text43                              CEC      CEC        B         0
                text42                              D80      D80        E         0
                text41                              E3C      E3C       19         0
                text39                              F08      F08       23         0
                text38                              DCA      DCA       10         0
                text37                              DDA      DDA       10         0
                text36                              3FA      3FA       81         0
                text35                              CF7      CF7        B         0
                text34                              D58      D58        D         0
                text33                              DFC      DFC       14         0
                text32                              69E      69E       3E         0
                text31                              597      597       43         0
                text30                              65F      65F       3F         0
                text29                              712      712       34         0
                text28                              E8B      E8B       1E         0
                text27                              4F4      4F4       56         0
                text26                              C5B      C5B        5         0
                text25                              D8E      D8E        E         0
                text24                              D19      D19        C         0
                text23                              D02      D02        B         0
                text22                              C60      C60        5         0
                text21                              C65      C65        5         0
                text20                              C6A      C6A        5         0
                text19                              C6F      C6F        5         0
                text18                              7A9      7A9       30         0
                text17                              C4A      C4A        4         0
                text16                              C83      C83        6         0
                text15                              C74      C74        5         0
                text14                              C79      C79        5         0
                text13                              FD1      FD1       2F         0
                text12                              D65      D65        D         0
                text11                              D25      D25        C         0
                text10                              CCD      CCD        A         0
                text9                               C7E      C7E        5         0
                text8                               E25      E25       17         0
                text7                               CAB      CAB        8         0
                text6                               CD7      CD7        A         0
                text5                               C4E      C4E        4         0
                text4                               F7D      F7D       2A         0
                text3                               FA7      FA7       2A         0
                text2                               C52      C52        4         0
                text1                               778      778       31         0
                maintext                            35F      35F       9B         0
                clrtext                             C89      C89        6         0
                inittext                            C8F      C8F        6         0
                idataBANK2                          E10      E10       15         0
                idataBANK1                          CB3      CB3        8         0

        CLASS   STRCODE        
                stringtext5                         828      828        4         0
                stringtext4                         822      822        6         0
                stringtext3                         819      819        9         0
                stringtext2                         80D      80D        C         0
                stringtext1                         7FD      7FD       10         0

        CLASS   STRING         

        CLASS   CONST          

        CLASS   ENTRY          

        CLASS   COMMON         
                cstackCOMMON                         70       70        E         1

        CLASS   BANK0          
                cstackBANK0                          3F       3F       1E         1
                bssBANK0                             20       20       1F         1

        CLASS   BANK1          
                cstackBANK1                          C0       C0       17         1
                dataBANK1                            E7       E7        8         1
                bssBANK1                             A0       A0       20         1
                nvBANK1                              D7       D7       10         1

        CLASS   BANK2          
                cstackBANK2                         135      135        3         1
                dataBANK2                           120      120       15         1

        CLASS   BANK3          

        CLASS   BANK4          

        CLASS   BIGRAM         

        CLASS   RAM            

        CLASS   ABS1           
                abs_s1                               7E       7E        2         1

        CLASS   SFR0           

        CLASS   SFR1           

        CLASS   SFR2           

        CLASS   SFR3           

        CLASS   SFR4           

        CLASS   SFR5           

        CLASS   SFR6           

        CLASS   SFR7           

        CLASS   SFR8           

        CLASS   SFR9           

        CLASS   SFR10          

        CLASS   SFR11          

        CLASS   SFR12          

        CLASS   SFR13          

        CLASS   SFR14          

        CLASS   SFR15          

        CLASS   SFR16          

        CLASS   SFR17          

        CLASS   SFR18          

        CLASS   SFR19          

        CLASS   SFR20          

        CLASS   SFR21          

        CLASS   SFR22          

        CLASS   SFR23          

        CLASS   SFR24          

        CLASS   SFR25          

        CLASS   SFR26          

        CLASS   SFR27          

        CLASS   SFR28          

        CLASS   SFR29          

        CLASS   SFR30          

        CLASS   SFR31          

        CLASS   CONFIG         
                config                             8007     8007        2         4

        CLASS   IDLOC          

        CLASS   EEDATA         

        CLASS   BANK31         

        CLASS   BANK30         

        CLASS   BANK29         

        CLASS   BANK28         

        CLASS   BANK27         

        CLASS   BANK26         

        CLASS   BANK25         

        CLASS   BANK24         

        CLASS   BANK23         

        CLASS   BANK22         

        CLASS   BANK21         

        CLASS   BANK20         

        CLASS   BANK19         

        CLASS   BANK18         

        CLASS   BANK17         

        CLASS   BANK16         

        CLASS   BANK15         

        CLASS   BANK14         

        CLASS   BANK13         

        CLASS   BANK12         

        CLASS   BANK11         

        CLASS   BANK10         

        CLASS   BANK9          

        CLASS   BANK8          

        CLASS   BANK7          

        CLASS   BANK6          

        CLASS   BANK5          

        CLASS   HEAP           

        CLASS   STACK          



SEGMENTS        Name                           Load    Length   Top    Selector   Space  Class     Delta

                reset_vec                      000000  000003  000003         0       0  CODE        2
                text44                         000003  000001  000004         6       0  CODE        2
                intentry                       000004  0007F9  0007FD         8       0  CODE        2
                bssBANK0                       000020  00003D  00005D        20       1  BANK0       1
                cstackCOMMON                   000070  00000E  00007E        70       1  COMMON      1
                bssBANK1                       0000A0  00004F  0000EF        A0       1  BANK1       1
                dataBANK2                      000120  000018  000138       120       1  BANK2       1
                stringtext1                    0007FD  00002F  00082C       FFA       0  STRCODE     2
                text83                         000C3C  000001  000C3D      1878       0  CODE        2
                text72                         000C3D  000001  000C3E      187A       0  CODE        2
                text69                         000C3E  000001  000C3F      187C       0  CODE        2
                text64                         000C3F  000003  000C42      187E       0  CODE        2
                text76                         000C42  000004  000C46      1884       0  CODE        2
                text62                         000C46  000004  000C4A      188C       0  CODE        2
                text17                         000C4A  000004  000C4E      1894       0  CODE        2
                text5                          000C4E  000004  000C52      189C       0  CODE        2
                text2                          000C52  000004  000C56      18A4       0  CODE        2
                text53                         000C56  000005  000C5B      18AC       0  CODE        2
                text26                         000C5B  000005  000C60      18B6       0  CODE        2
                text22                         000C60  000005  000C65      18C0       0  CODE        2
                text21                         000C65  000005  000C6A      18CA       0  CODE        2
                text20                         000C6A  000005  000C6F      18D4       0  CODE        2
                text19                         000C6F  000005  000C74      18DE       0  CODE        2
                text15                         000C74  000005  000C79      18E8       0  CODE        2
                text14                         000C79  000005  000C7E      18F2       0  CODE        2
                text9                          000C7E  000005  000C83      18FC       0  CODE        2
                text16                         000C83  000006  000C89      1906       0  CODE        2
                clrtext                        000C89  000006  000C8F      1912       0  CODE        2
                inittext                       000C8F  000006  000C95      191E       0  CODE        2
                text55                         000C95  000007  000C9C      192A       0  CODE        2
                text54                         000C9C  000007  000CA3      1938       0  CODE        2
                text78                         000CA3  000008  000CAB      1946       0  CODE        2
                text7                          000CAB  000008  000CB3      1956       0  CODE        2
                idataBANK1                     000CB3  000008  000CBB      1966       0  CODE        2
                text77                         000CBB  000009  000CC4      1976       0  CODE        2
                text74                         000CC4  000009  000CCD      1988       0  CODE        2
                text10                         000CCD  00000A  000CD7      199A       0  CODE        2
                text6                          000CD7  00000A  000CE1      19AE       0  CODE        2
                text67                         000CE1  00000B  000CEC      19C2       0  CODE        2
                text43                         000CEC  00000B  000CF7      19D8       0  CODE        2
                text35                         000CF7  00000B  000D02      19EE       0  CODE        2
                text23                         000D02  00000B  000D0D      1A04       0  CODE        2
                text82                         000D0D  00000C  000D19      1A1A       0  CODE        2
                text24                         000D19  00000C  000D25      1A32       0  CODE        2
                text11                         000D25  00000C  000D31      1A4A       0  CODE        2
                text75                         000D31  00000D  000D3E      1A62       0  CODE        2
                text71                         000D3E  00000D  000D4B      1A7C       0  CODE        2
                text68                         000D4B  00000D  000D58      1A96       0  CODE        2
                text34                         000D58  00000D  000D65      1AB0       0  CODE        2
                text12                         000D65  00000D  000D72      1ACA       0  CODE        2
                text70                         000D72  00000E  000D80      1AE4       0  CODE        2
                text42                         000D80  00000E  000D8E      1B00       0  CODE        2
                text25                         000D8E  00000E  000D9C      1B1C       0  CODE        2
                text80                         000D9C  00000F  000DAB      1B38       0  CODE        2
                text61                         000DAB  00000F  000DBA      1B56       0  CODE        2
                text73                         000DBA  000010  000DCA      1B74       0  CODE        2
                text38                         000DCA  000010  000DDA      1B94       0  CODE        2
                text37                         000DDA  000010  000DEA      1BB4       0  CODE        2
                text65                         000DEA  000012  000DFC      1BD4       0  CODE        2
                text33                         000DFC  000014  000E10      1BF8       0  CODE        2
                idataBANK2                     000E10  000015  000E25      1C20       0  CODE        2
                text8                          000E25  000017  000E3C      1C4A       0  CODE        2
                text41                         000E3C  000019  000E55      1C78       0  CODE        2
                text50                         000E55  00001B  000E70      1CAA       0  CODE        2
                text47                         000E70  00001B  000E8B      1CE0       0  CODE        2
                text28                         000E8B  00001E  000EA9      1D16       0  CODE        2
                text66                         000EA9  00001F  000EC8      1D52       0  CODE        2
                text51                         000EC8  00001F  000EE7      1D90       0  CODE        2
                text81                         000EE7  000021  000F08      1DCE       0  CODE        2
                text39                         000F08  000023  000F2B      1E10       0  CODE        2
                text79                         000F2B  000028  000F53      1E56       0  CODE        2
                text48                         000F53  00002A  000F7D      1EA6       0  CODE        2
                text4                          000F7D  00002A  000FA7      1EFA       0  CODE        2
                text3                          000FA7  00002A  000FD1      1F4E       0  CODE        2
                text13                         000FD1  00002F  001000      1FA2       0  CODE        2


UNUSED ADDRESS RANGES

        Name                Unused          Largest block    Delta
        BANK0            0005D-0006F              13           1
        BANK1            000EF-000EF               1           1
        BANK2            00138-0016F              38           1
        BANK3            001A0-001EF              50           1
        BANK4            00220-0024F              30           1
        BIGRAM           02000-0216F             170           1
        CODE             0082C-00C3B             410           2
        CONST            0082C-00C3B             100           2
        EEDATA           0F000-0F0FF             100           2
        ENTRY            0082C-00C3B             100           2
        IDLOC            08000-08003               4           2
        RAM              0005D-0006F              13           1
                         000EF-000EF               1
                         00138-0016F              38
                         001A0-001EF              50
                         00220-0024F              30
        SFR0             00000-0001F              20           1
        SFR1             00080-0009F              20           1
        SFR10            00500-0056F              70           1
        SFR11            00580-005EF              70           1
        SFR12            00600-0066F              70           1
        SFR13            00680-006EF              70           1
        SFR14            00700-0076F              70           1
        SFR15            00780-007EF              70           1
        SFR16            00800-0086F              70           1
        SFR17            00880-008EF              70           1
        SFR18            00900-0096F              70           1
        SFR19            00980-009EF              70           1
        SFR2             00100-0011F              20           1
        SFR20            00A00-00A6F              70           1
        SFR21            00A80-00AEF              70           1
        SFR22            00B00-00B6F              70           1
        SFR23            00B80-00BEF              70           1
        SFR24            00C00-00C6F              70           1
        SFR25            00C80-00CEF              70           1
        SFR26            00D00-00D6F              70           1
        SFR27            00D80-00DEF              70           1
        SFR28            00E00-00E6F              70           1
        SFR29            00E80-00EEF              70           1
        SFR3             00180-0019F              20           1
        SFR30            00F00-00F6F              70           1
        SFR31            00F80-00FEF              70           1
        SFR4             00200-0021F              20           1
        SFR5             00280-002EF              70           1
        SFR6             00300-0036F              70           1
        SFR7             00380-003EF              70           1
        SFR8             00400-0046F              70           1
        SFR9             00480-004EF              70           1
        STRCODE          0082C-00C3B             410           2
        STRING           0082C-00C3B             100           2

                                  Symbol Table

?___awdiv                                      cstackCOMMON 00077
?___awmod                                      cstackBANK1  000C0
?___lwdiv                                      cstackCOMMON 00077
?___lwmod                                      cstackBANK0  0003F
?___wmul                                       cstackCOMMON 00071
?i1___awmod                                    cstackCOMMON 00070
ADC_SetInterruptHandler@InterruptHandler       cstackBANK1  000C0
EUSART_Read@readValue                          cstackCOMMON 00070
EUSART_SetErrorHandler@interruptHandler        cstackBANK1  000C0
EUSART_SetFramingErrorHandler@interruptHandler cstackBANK1  000C0
EUSART_SetOverrunErrorHandler@interruptHandler cstackBANK1  000C0
EUSART_SetRxInterruptHandler@interruptHandler  cstackBANK1  000C0
EUSART_Write@txData                            cstackCOMMON 00070
IOCBF0_SetInterruptHandler@InterruptHandler    cstackBANK1  000C0
IOCBF3_SetInterruptHandler@InterruptHandler    cstackBANK1  000C0
Ini_matrix@data                                cstackBANK1  000C8
Ini_matrix@i                                   cstackBANK1  000C7
Ini_matrix@i_1791                              cstackBANK1  000CB
Ini_matrix@k                                   cstackBANK1  000CA
Matrix_update_dir@data                         cstackBANK1  000CE
Matrix_update_dir@display_dir                  cstackBANK1  000CD
Matrix_update_dir@i                            cstackBANK1  000D1
Matrix_update_dir@i_1802                       cstackBANK1  000D0
Matrix_update_dir@mask                         cstackBANK1  000CC
Matrix_update_dir@route_                       cstackBANK1  000C8
Matrix_update_floor@data                       cstackBANK1  000C8
Matrix_update_floor@display_floor              cstackBANK1  000CA
Matrix_update_floor@i                          cstackBANK1  000CB
New_request@dest                               cstackCOMMON 0007A
New_request@i                                  cstackBANK0  0004F
New_request@i_1746                             cstackBANK0  00051
New_request@i_1747                             cstackBANK0  00053
New_request@i_1748                             cstackBANK0  00055
New_request@index_                             cstackBANK0  00057
New_request@index_ori                          cstackBANK0  0004D
New_request@origin                             cstackCOMMON 00078
Next_floor@i                                   cstackBANK1  000C9
Next_floor@index_                              cstackBANK1  000C7
Next_index@i                                   cstackBANK1  000C9
Next_index@index_                              cstackBANK1  000C7
Read_UART@dest                                 cstackBANK0  0005B
Read_UART@ori                                  cstackBANK0  00059
Route_empty@i                                  cstackBANK1  000C1
SPI1_ExchangeBlock@block                       cstackBANK1  000C0
SPI1_ExchangeBlock@blockSize                   cstackBANK1  000C1
SPI1_ExchangeBlock@data                        cstackBANK1  000C3
SPI1_Open@spi1UniqueConfiguration              cstackBANK1  000C3
TMR0_ReadTimer@readVal                         cstackCOMMON 00070
TMR1_ISR@CountCallBack                         bssBANK0     0002D
TMR1_SetInterruptHandler@InterruptHandler      cstackBANK1  000C0
TMR1_WriteTimer@timerVal                       cstackCOMMON 00070
Tx_spi@data                                    cstackBANK1  000C4
Tx_spi@dataSize                                cstackBANK1  000C5
Write_UART@i                                   cstackBANK0  00047
_ADCON0                                        (abs)        0009D
_ADCON0bits                                    (abs)        0009D
_ADCON1                                        (abs)        0009E
_ADC_DefaultInterruptHandler                   text83       00C3C
_ADC_ISR                                       text82       00D0D
_ADC_Initialize                                text25       00D8E
_ADC_InterruptHandler                          nvBANK1      000D7
_ADC_SetInterruptHandler                       text26       00C5B
_ADRESH                                        (abs)        0009C
_ADRESL                                        (abs)        0009B
_ANSELA                                        (abs)        0018C
_ANSELB                                        (abs)        0018D
_APFCON0                                       (abs)        0011D
_APFCON1                                       (abs)        0011E
_BAUDCON                                       (abs)        0019F
_BORCON                                        (abs)        00116
_CCP3CON                                       (abs)        00313
_CCP3CONbits                                   (abs)        00313
_CCPR3H                                        (abs)        00312
_CCPR3L                                        (abs)        00311
_CCPTMRS0bits                                  (abs)        0029E
_CM1CON0                                       (abs)        00111
_CM1CON1                                       (abs)        00112
_CM2CON0                                       (abs)        00113
_CM2CON1                                       (abs)        00114
_CMP1_ISR                                      text77       00CBB
_CMP1_Initialize                               text24       00D19
_CMP2_ISR                                      text74       00CC4
_CMP2_Initialize                               text23       00D02
_EUSART_DefaultErrorHandler                    text64       00C3F
_EUSART_DefaultFramingErrorHandler             text63       00002
_EUSART_DefaultOverrunErrorHandler             text62       00C46
_EUSART_ErrorHandler                           nvBANK1      000DB
_EUSART_FramingErrorHandler                    nvBANK1      000DF
_EUSART_Initialize                             text18       007A9
_EUSART_OverrunErrorHandler                    nvBANK1      000DD
_EUSART_Read                                   text66       00EA9
_EUSART_Receive_ISR                            text56       006DC
_EUSART_RxDataHandler                          text65       00DEA
_EUSART_RxDefaultInterruptHandler              nvBANK1      000E1
_EUSART_SetErrorHandler                        text22       00C60
_EUSART_SetFramingErrorHandler                 text21       00C65
_EUSART_SetOverrunErrorHandler                 text20       00C6A
_EUSART_SetRxInterruptHandler                  text19       00C6F
_EUSART_Write                                  text55       00C95
_EUSART_is_tx_ready                            text54       00C9C
_FLOORS                                        stringtext4  00822
_FVRCON                                        (abs)        00117
_FVR_Initialize                                text17       00C4A
_INTCONbits                                    (abs)        0000B
_INTERRUPT_InterruptManager                    intentry     00004
_IOCBF0_DefaultInterruptHandler                text72       00C3D
_IOCBF0_ISR                                    text71       00D3E
_IOCBF0_InterruptHandler                       nvBANK1      000E5
_IOCBF0_SetInterruptHandler                    text15       00C74
_IOCBF3_DefaultInterruptHandler                text69       00C3E
_IOCBF3_ISR                                    text68       00D4B
_IOCBF3_InterruptHandler                       nvBANK1      000E3
_IOCBF3_SetInterruptHandler                    text14       00C79
_IOCBFbits                                     (abs)        00396
_IOCBNbits                                     (abs)        00395
_IOCBPbits                                     (abs)        00394
_ISR_Floor1                                    text73       00DBA
_ISR_Floor2                                    text70       00D72
_ISR_Floor3                                    text78       00CA3
_ISR_Floor4                                    text75       00D31
_Idle                                          text33       00DFC
_Ini_matrix                                    text32       0069E
_LATA                                          (abs)        0010C
_LATAbits                                      (abs)        0010C
_LATB                                          (abs)        0010D
_LATBbits                                      (abs)        0010D
_MATRIX_CONFIG                                 stringtext2  0080D
_MATRIX_DIR                                    stringtext3  00819
_MATRIX_FLOOR                                  stringtext1  007FD
_Matrix_update_dir                             text36       003FA
_Matrix_update_floor                           text3        00FA7
_Motor_Turn_Off                                text35       00CF7
_Motor_Turn_On                                 text34       00D58
_New_request                                   text58       001F2
_Next_floor                                    text30       0065F
_Next_index                                    text29       00712
_OPTION_REG                                    (abs)        00095
_OPTION_REGbits                                (abs)        00095
_OSCCON                                        (abs)        00099
_OSCILLATOR_Initialize                         text16       00C83
_OSCTUNE                                       (abs)        00098
_PIE1bits                                      (abs)        00091
_PIE2bits                                      (abs)        00092
_PIN_MANAGER_IOC                               text67       00CE1
_PIN_MANAGER_Initialize                        text13       00FD1
_PIR1bits                                      (abs)        00011
_PIR2bits                                      (abs)        00012
_PIR3bits                                      (abs)        00013
_PR2                                           (abs)        0001B
_PR6                                           (abs)        0041D
_PWM3_Initialize                               text12       00D65
_RCREG                                         (abs)        00199
_RCSTA                                         (abs)        0019D
_RCSTAbits                                     (abs)        0019D
_Read_UART                                     text57       0061D
_Route_empty                                   text28       00E8B
_SPBRGH                                        (abs)        0019C
_SPBRGL                                        (abs)        0019B
_SPI1_ExchangeBlock                            text39       00F08
_SPI1_Initialize                               text11       00D25
_SPI1_Open                                     text27       004F4
_SSP1ADD                                       (abs)        00212
_SSP1BUF                                       (abs)        00211
_SSP1CON1                                      (abs)        00215
_SSP1CON1bits                                  (abs)        00215
_SSP1CON2                                      (abs)        00216
_SSP1STAT                                      (abs)        00214
_SYSTEM_Initialize                             text4        00F7D
_Start                                         text1        00778
_T1CON                                         (abs)        00018
_T1CONbits                                     (abs)        00018
_T1GCON                                        (abs)        00019
_T2CON                                         (abs)        0001C
_T6CON                                         (abs)        0041E
_TMR0                                          (abs)        00015
_TMR0_Initialize                               text10       00CCD
_TMR0_ReadTimer                                text53       00C56
_TMR0_Reload                                   text2        00C52
_TMR1H                                         (abs)        00017
_TMR1L                                         (abs)        00016
_TMR1_CallBack                                 text43       00CEC
_TMR1_DefaultInterruptHandler                  text44       00003
_TMR1_ISR                                      text41       00E3C
_TMR1_Initialize                               text8        00E25
_TMR1_InterruptHandler                         nvBANK1      000D9
_TMR1_SetInterruptHandler                      text9        00C7E
_TMR1_WriteTimer                               text42       00D80
_TMR2                                          (abs)        0001A
_TMR2_Initialize                               text7        00CAB
_TMR6                                          (abs)        0041C
_TMR6_Initialize                               text6        00CD7
_TRISA                                         (abs)        0008C
_TRISB                                         (abs)        0008D
_TRISBbits                                     (abs)        0008D
_TXREG                                         (abs)        0019A
_TXSTA                                         (abs)        0019E
_TXSTAbits                                     (abs)        0019E
_Tx_spi                                        text38       00DCA
_Update_tx_buffer                              text46       0006C
_WDTCON                                        (abs)        00097
_WDT_Initialize                                text5        00C4E
_WPUA                                          (abs)        0020C
_WPUB                                          (abs)        0020D
_Write_UART                                    text45       007D9
__H__absolute__                                __absolute__ 00000
__Habs1                                        abs1         00000
__Hbank0                                       bank0        00000
__Hbank1                                       bank1        00000
__Hbank10                                      bank10       00000
__Hbank11                                      bank11       00000
__Hbank12                                      bank12       00000
__Hbank13                                      bank13       00000
__Hbank14                                      bank14       00000
__Hbank15                                      bank15       00000
__Hbank16                                      bank16       00000
__Hbank17                                      bank17       00000
__Hbank18                                      bank18       00000
__Hbank19                                      bank19       00000
__Hbank2                                       bank2        00000
__Hbank20                                      bank20       00000
__Hbank21                                      bank21       00000
__Hbank22                                      bank22       00000
__Hbank23                                      bank23       00000
__Hbank24                                      bank24       00000
__Hbank25                                      bank25       00000
__Hbank26                                      bank26       00000
__Hbank27                                      bank27       00000
__Hbank28                                      bank28       00000
__Hbank29                                      bank29       00000
__Hbank3                                       bank3        00000
__Hbank30                                      bank30       00000
__Hbank31                                      bank31       00000
__Hbank4                                       bank4        00000
__Hbank5                                       bank5        00000
__Hbank6                                       bank6        00000
__Hbank7                                       bank7        00000
__Hbank8                                       bank8        00000
__Hbank9                                       bank9        00000
__Hbigram                                      bigram       00000
__HbssBANK0                                    bssBANK0     00000
__HbssBANK1                                    bssBANK1     00000
__Hcinit                                       cinit        0006C
__Hclrtext                                     clrtext      00000
__Hcode                                        code         00000
__Hcommon                                      common       00000
__Hconfig                                      config       08009
__HcstackBANK0                                 cstackBANK0  00000
__HcstackBANK1                                 cstackBANK1  00000
__HcstackBANK2                                 cstackBANK2  00000
__HcstackCOMMON                                cstackCOMMON 00000
__HdataBANK1                                   dataBANK1    00000
__HdataBANK2                                   dataBANK2    00000
__Heeprom_data                                 eeprom_data  00000
__Hend_init                                    end_init     00041
__Hfunctab                                     functab      00000
__Hheap                                        heap         00000
__HidataBANK1                                  idataBANK1   00000
__HidataBANK2                                  idataBANK2   00000
__Hinit                                        init         0003F
__Hinittext                                    inittext     00000
__Hintentry                                    intentry     0003F
__Hmaintext                                    maintext     00000
__HnvBANK1                                     nvBANK1      00000
__Hpowerup                                     powerup      00000
__Hram                                         ram          00000
__Hreset_vec                                   reset_vec    00002
__Hsfr0                                        sfr0         00000
__Hsfr1                                        sfr1         00000
__Hsfr10                                       sfr10        00000
__Hsfr11                                       sfr11        00000
__Hsfr12                                       sfr12        00000
__Hsfr13                                       sfr13        00000
__Hsfr14                                       sfr14        00000
__Hsfr15                                       sfr15        00000
__Hsfr16                                       sfr16        00000
__Hsfr17                                       sfr17        00000
__Hsfr18                                       sfr18        00000
__Hsfr19                                       sfr19        00000
__Hsfr2                                        sfr2         00000
__Hsfr20                                       sfr20        00000
__Hsfr21                                       sfr21        00000
__Hsfr22                                       sfr22        00000
__Hsfr23                                       sfr23        00000
__Hsfr24                                       sfr24        00000
__Hsfr25                                       sfr25        00000
__Hsfr26                                       sfr26        00000
__Hsfr27                                       sfr27        00000
__Hsfr28                                       sfr28        00000
__Hsfr29                                       sfr29        00000
__Hsfr3                                        sfr3         00000
__Hsfr30                                       sfr30        00000
__Hsfr31                                       sfr31        00000
__Hsfr4                                        sfr4         00000
__Hsfr5                                        sfr5         00000
__Hsfr6                                        sfr6         00000
__Hsfr7                                        sfr7         00000
__Hsfr8                                        sfr8         00000
__Hsfr9                                        sfr9         00000
__Hsivt                                        sivt         0003F
__Hspace_0                                     (abs)        01000
__Hspace_1                                     (abs)        00138
__Hspace_2                                     (abs)        00000
__Hspace_3                                     (abs)        00000
__Hspace_4                                     (abs)        10010
__Hstack                                       stack        00000
__Hstrings                                     strings      00000
__Hstringtext1                                 stringtext1  00000
__Hstringtext2                                 stringtext2  00000
__Hstringtext3                                 stringtext3  00000
__Hstringtext4                                 stringtext4  00000
__Hstringtext5                                 stringtext5  00000
__Htext                                        text         00000
__L__absolute__                                __absolute__ 00000
__Labs1                                        abs1         00000
__Lbank0                                       bank0        00000
__Lbank1                                       bank1        00000
__Lbank10                                      bank10       00000
__Lbank11                                      bank11       00000
__Lbank12                                      bank12       00000
__Lbank13                                      bank13       00000
__Lbank14                                      bank14       00000
__Lbank15                                      bank15       00000
__Lbank16                                      bank16       00000
__Lbank17                                      bank17       00000
__Lbank18                                      bank18       00000
__Lbank19                                      bank19       00000
__Lbank2                                       bank2        00000
__Lbank20                                      bank20       00000
__Lbank21                                      bank21       00000
__Lbank22                                      bank22       00000
__Lbank23                                      bank23       00000
__Lbank24                                      bank24       00000
__Lbank25                                      bank25       00000
__Lbank26                                      bank26       00000
__Lbank27                                      bank27       00000
__Lbank28                                      bank28       00000
__Lbank29                                      bank29       00000
__Lbank3                                       bank3        00000
__Lbank30                                      bank30       00000
__Lbank31                                      bank31       00000
__Lbank4                                       bank4        00000
__Lbank5                                       bank5        00000
__Lbank6                                       bank6        00000
__Lbank7                                       bank7        00000
__Lbank8                                       bank8        00000
__Lbank9                                       bank9        00000
__Lbigram                                      bigram       00000
__LbssBANK0                                    bssBANK0     00000
__LbssBANK1                                    bssBANK1     00000
__Lcinit                                       cinit        00041
__Lclrtext                                     clrtext      00000
__Lcode                                        code         00000
__Lcommon                                      common       00000
__Lconfig                                      config       00000
__LcstackBANK0                                 cstackBANK0  00000
__LcstackBANK1                                 cstackBANK1  00000
__LcstackBANK2                                 cstackBANK2  00000
__LcstackCOMMON                                cstackCOMMON 00000
__LdataBANK1                                   dataBANK1    00000
__LdataBANK2                                   dataBANK2    00000
__Leeprom_data                                 eeprom_data  00000
__Lend_init                                    end_init     0003F
__Lfunctab                                     functab      00000
__Lheap                                        heap         00000
__LidataBANK1                                  idataBANK1   00000
__LidataBANK2                                  idataBANK2   00000
__Linit                                        init         0003F
__Linittext                                    inittext     00000
__Lintentry                                    intentry     00004
__Lmaintext                                    maintext     00000
__LnvBANK1                                     nvBANK1      00000
__Lpowerup                                     powerup      00000
__Lram                                         ram          00000
__Lreset_vec                                   reset_vec    00000
__Lsfr0                                        sfr0         00000
__Lsfr1                                        sfr1         00000
__Lsfr10                                       sfr10        00000
__Lsfr11                                       sfr11        00000
__Lsfr12                                       sfr12        00000
__Lsfr13                                       sfr13        00000
__Lsfr14                                       sfr14        00000
__Lsfr15                                       sfr15        00000
__Lsfr16                                       sfr16        00000
__Lsfr17                                       sfr17        00000
__Lsfr18                                       sfr18        00000
__Lsfr19                                       sfr19        00000
__Lsfr2                                        sfr2         00000
__Lsfr20                                       sfr20        00000
__Lsfr21                                       sfr21        00000
__Lsfr22                                       sfr22        00000
__Lsfr23                                       sfr23        00000
__Lsfr24                                       sfr24        00000
__Lsfr25                                       sfr25        00000
__Lsfr26                                       sfr26        00000
__Lsfr27                                       sfr27        00000
__Lsfr28                                       sfr28        00000
__Lsfr29                                       sfr29        00000
__Lsfr3                                        sfr3         00000
__Lsfr30                                       sfr30        00000
__Lsfr31                                       sfr31        00000
__Lsfr4                                        sfr4         00000
__Lsfr5                                        sfr5         00000
__Lsfr6                                        sfr6         00000
__Lsfr7                                        sfr7         00000
__Lsfr8                                        sfr8         00000
__Lsfr9                                        sfr9         00000
__Lsivt                                        sivt         0003F
__Lspace_0                                     (abs)        00000
__Lspace_1                                     (abs)        00000
__Lspace_2                                     (abs)        00000
__Lspace_3                                     (abs)        00000
__Lspace_4                                     (abs)        00000
__Lstack                                       stack        00000
__Lstrings                                     strings      00000
__Lstringtext1                                 stringtext1  00000
__Lstringtext2                                 stringtext2  00000
__Lstringtext3                                 stringtext3  00000
__Lstringtext4                                 stringtext4  00000
__Lstringtext5                                 stringtext5  00000
__Ltext                                        text         00000
__S0                                           (abs)        01000
__S1                                           (abs)        00138
__S3                                           (abs)        00000
___awdiv                                       text52       0054A
___awdiv@counter                               cstackBANK0  0003F
___awdiv@dividend                              cstackCOMMON 00079
___awdiv@divisor                               cstackCOMMON 00077
___awdiv@quotient                              cstackBANK0  00041
___awdiv@sign                                  cstackBANK0  00040
___awmod                                       text31       00597
___awmod@counter                               cstackBANK1  000C4
___awmod@dividend                              cstackBANK1  000C2
___awmod@divisor                               cstackBANK1  000C0
___awmod@sign                                  cstackBANK1  000C5
___bmul                                        text37       00DDA
___bmul@multiplicand                           cstackBANK1  000C0
___bmul@multiplier                             cstackBANK1  000C2
___bmul@product                                cstackBANK1  000C1
___heap_hi                                     (abs)        00000
___heap_lo                                     (abs)        00000
___int_sp                                      stack        00000
___int_stack_hi                                stack        00000
___int_stack_lo                                stack        00000
___latbits                                     (abs)        00001
___lbdiv                                       text51       00EC8
___lbdiv@counter                               cstackCOMMON 00072
___lbdiv@dividend                              cstackCOMMON 00071
___lbdiv@divisor                               cstackCOMMON 00070
___lbdiv@quotient                              cstackCOMMON 00073
___lbmod                                       text50       00E55
___lbmod@counter                               cstackCOMMON 00077
___lbmod@dividend                              cstackCOMMON 00076
___lbmod@divisor                               cstackCOMMON 00074
___lbmod@rem                                   cstackCOMMON 00078
___lwdiv                                       text49       00746
___lwdiv@counter                               cstackCOMMON 0007D
___lwdiv@dividend                              cstackCOMMON 00079
___lwdiv@divisor                               cstackCOMMON 00077
___lwdiv@quotient                              cstackCOMMON 0007B
___lwmod                                       text48       00F53
___lwmod@counter                               cstackBANK0  00043
___lwmod@dividend                              cstackBANK0  00041
___lwmod@divisor                               cstackBANK0  0003F
___sp                                          stack        00000
___stack_hi                                    stack        00000
___stack_lo                                    stack        00000
___stackhi                                     (abs)        00000
___stacklo                                     (abs)        00000
___wmul                                        text47       00E70
___wmul@multiplicand                           cstackCOMMON 00073
___wmul@multiplier                             cstackCOMMON 00071
___wmul@product                                cstackCOMMON 00075
__end_of_ADC_DefaultInterruptHandler           text83       00C3D
__end_of_ADC_ISR                               text82       00D19
__end_of_ADC_Initialize                        text25       00D9C
__end_of_ADC_SetInterruptHandler               text26       00C60
__end_of_CMP1_ISR                              text77       00CC4
__end_of_CMP1_Initialize                       text24       00D25
__end_of_CMP2_ISR                              text74       00CCD
__end_of_CMP2_Initialize                       text23       00D0D
__end_of_EUSART_DefaultErrorHandler            text64       00C42
__end_of_EUSART_DefaultFramingErrorHandler     text63       00003
__end_of_EUSART_DefaultOverrunErrorHandler     text62       00C4A
__end_of_EUSART_Initialize                     text18       007D9
__end_of_EUSART_Read                           text66       00EC8
__end_of_EUSART_Receive_ISR                    text56       00712
__end_of_EUSART_RxDataHandler                  text65       00DFC
__end_of_EUSART_SetErrorHandler                text22       00C65
__end_of_EUSART_SetFramingErrorHandler         text21       00C6A
__end_of_EUSART_SetOverrunErrorHandler         text20       00C6F
__end_of_EUSART_SetRxInterruptHandler          text19       00C74
__end_of_EUSART_Write                          text55       00C9C
__end_of_EUSART_is_tx_ready                    text54       00CA3
__end_of_FLOORS                                stringtext4  00828
__end_of_FVR_Initialize                        text17       00C4E
__end_of_INTERRUPT_InterruptManager            intentry     0003F
__end_of_IOCBF0_DefaultInterruptHandler        text72       00C3E
__end_of_IOCBF0_ISR                            text71       00D4B
__end_of_IOCBF0_SetInterruptHandler            text15       00C79
__end_of_IOCBF3_DefaultInterruptHandler        text69       00C3F
__end_of_IOCBF3_ISR                            text68       00D58
__end_of_IOCBF3_SetInterruptHandler            text14       00C7E
__end_of_ISR_Floor1                            text73       00DCA
__end_of_ISR_Floor2                            text70       00D80
__end_of_ISR_Floor3                            text78       00CAB
__end_of_ISR_Floor4                            text75       00D3E
__end_of_Idle                                  text33       00E10
__end_of_Ini_matrix                            text32       006DC
__end_of_MATRIX_CONFIG                         stringtext2  00819
__end_of_MATRIX_DIR                            stringtext3  00822
__end_of_MATRIX_FLOOR                          stringtext1  0080D
__end_of_Matrix_update_dir                     text36       0047B
__end_of_Matrix_update_floor                   text3        00FD1
__end_of_Motor_Turn_Off                        text35       00D02
__end_of_Motor_Turn_On                         text34       00D65
__end_of_New_request                           text58       0035F
__end_of_Next_floor                            text30       0069E
__end_of_Next_index                            text29       00746
__end_of_OSCILLATOR_Initialize                 text16       00C89
__end_of_PIN_MANAGER_IOC                       text67       00CEC
__end_of_PIN_MANAGER_Initialize                text13       01000
__end_of_PWM3_Initialize                       text12       00D72
__end_of_Read_UART                             text57       0065F
__end_of_Route_empty                           text28       00EA9
__end_of_SPI1_ExchangeBlock                    text39       00F2B
__end_of_SPI1_Initialize                       text11       00D31
__end_of_SPI1_Open                             text27       0054A
__end_of_SYSTEM_Initialize                     text4        00FA7
__end_of_Start                                 text1        007A9
__end_of_TMR0_Initialize                       text10       00CD7
__end_of_TMR0_ReadTimer                        text53       00C5B
__end_of_TMR0_Reload                           text2        00C56
__end_of_TMR1_CallBack                         text43       00CF7
__end_of_TMR1_DefaultInterruptHandler          text44       00004
__end_of_TMR1_ISR                              text41       00E55
__end_of_TMR1_Initialize                       text8        00E3C
__end_of_TMR1_SetInterruptHandler              text9        00C83
__end_of_TMR1_WriteTimer                       text42       00D8E
__end_of_TMR2_Initialize                       text7        00CB3
__end_of_TMR6_Initialize                       text6        00CE1
__end_of_Tx_spi                                text38       00DDA
__end_of_Update_tx_buffer                      text46       001F2
__end_of_WDT_Initialize                        text5        00C52
__end_of_Write_UART                            text45       007FD
__end_of___awdiv                               text52       00597
__end_of___awmod                               text31       005DA
__end_of___bmul                                text37       00DEA
__end_of___lbdiv                               text51       00EE7
__end_of___lbmod                               text50       00E70
__end_of___lwdiv                               text49       00778
__end_of___lwmod                               text48       00F7D
__end_of___wmul                                text47       00E8B
__end_of__initialization                       cinit        00068
__end_of_main                                  maintext     003FA
__end_of_spi1_configuration                    stringtext5  0082C
__end_ofi1_Matrix_update_dir                   text60       004F4
__end_ofi1_Matrix_update_floor                 text79       00F53
__end_ofi1_SPI1_ExchangeBlock                  text81       00F08
__end_ofi1_TMR0_Reload                         text76       00C46
__end_ofi1_Tx_spi                              text80       00DAB
__end_ofi1___awmod                             text59       0061D
__end_ofi1___bmul                              text61       00DBA
__initialization                               cinit        00041
__pbssBANK0                                    bssBANK0     00020
__pbssBANK1                                    bssBANK1     000A0
__pcstackBANK0                                 cstackBANK0  0003F
__pcstackBANK1                                 cstackBANK1  000C0
__pcstackBANK2                                 cstackBANK2  00135
__pcstackCOMMON                                cstackCOMMON 00070
__pdataBANK1                                   dataBANK1    000E7
__pdataBANK2                                   dataBANK2    00120
__pidataBANK1                                  idataBANK1   00CB3
__pidataBANK2                                  idataBANK2   00E10
__pintentry                                    intentry     00004
__pmaintext                                    maintext     0035F
__pnvBANK1                                     nvBANK1      000D7
__pstringtext1                                 stringtext1  007FD
__pstringtext2                                 stringtext2  0080D
__pstringtext3                                 stringtext3  00819
__pstringtext4                                 stringtext4  00822
__pstringtext5                                 stringtext5  00828
__ptext1                                       text1        00778
__ptext10                                      text10       00CCD
__ptext11                                      text11       00D25
__ptext12                                      text12       00D65
__ptext13                                      text13       00FD1
__ptext14                                      text14       00C79
__ptext15                                      text15       00C74
__ptext16                                      text16       00C83
__ptext17                                      text17       00C4A
__ptext18                                      text18       007A9
__ptext19                                      text19       00C6F
__ptext2                                       text2        00C52
__ptext20                                      text20       00C6A
__ptext21                                      text21       00C65
__ptext22                                      text22       00C60
__ptext23                                      text23       00D02
__ptext24                                      text24       00D19
__ptext25                                      text25       00D8E
__ptext26                                      text26       00C5B
__ptext27                                      text27       004F4
__ptext28                                      text28       00E8B
__ptext29                                      text29       00712
__ptext3                                       text3        00FA7
__ptext30                                      text30       0065F
__ptext31                                      text31       00597
__ptext32                                      text32       0069E
__ptext33                                      text33       00DFC
__ptext34                                      text34       00D58
__ptext35                                      text35       00CF7
__ptext36                                      text36       003FA
__ptext37                                      text37       00DDA
__ptext38                                      text38       00DCA
__ptext39                                      text39       00F08
__ptext4                                       text4        00F7D
__ptext41                                      text41       00E3C
__ptext42                                      text42       00D80
__ptext43                                      text43       00CEC
__ptext44                                      text44       00003
__ptext45                                      text45       007D9
__ptext46                                      text46       0006C
__ptext47                                      text47       00E70
__ptext48                                      text48       00F53
__ptext49                                      text49       00746
__ptext5                                       text5        00C4E
__ptext50                                      text50       00E55
__ptext51                                      text51       00EC8
__ptext52                                      text52       0054A
__ptext53                                      text53       00C56
__ptext54                                      text54       00C9C
__ptext55                                      text55       00C95
__ptext56                                      text56       006DC
__ptext57                                      text57       0061D
__ptext58                                      text58       001F2
__ptext59                                      text59       005DA
__ptext6                                       text6        00CD7
__ptext60                                      text60       0047B
__ptext61                                      text61       00DAB
__ptext62                                      text62       00C46
__ptext63                                      text63       00002
__ptext64                                      text64       00C3F
__ptext65                                      text65       00DEA
__ptext66                                      text66       00EA9
__ptext67                                      text67       00CE1
__ptext68                                      text68       00D4B
__ptext69                                      text69       00C3E
__ptext7                                       text7        00CAB
__ptext70                                      text70       00D72
__ptext71                                      text71       00D3E
__ptext72                                      text72       00C3D
__ptext73                                      text73       00DBA
__ptext74                                      text74       00CC4
__ptext75                                      text75       00D31
__ptext76                                      text76       00C42
__ptext77                                      text77       00CBB
__ptext78                                      text78       00CA3
__ptext79                                      text79       00F2B
__ptext8                                       text8        00E25
__ptext80                                      text80       00D9C
__ptext81                                      text81       00EE7
__ptext82                                      text82       00D0D
__ptext83                                      text83       00C3C
__ptext9                                       text9        00C7E
_current_floor                                 bssBANK0     0003D
_eusartRxBuffer                                bssBANK1     000B2
_eusartRxCount                                 bssBANK0     00037
_eusartRxHead                                  bssBANK0     00039
_eusartRxLastError                             bssBANK0     00036
_eusartRxStatusBuffer                          bssBANK1     000AA
_eusartRxTail                                  bssBANK0     00038
_idle                                          bssBANK0     0003A
_index                                         bssBANK0     0003E
_main                                          maintext     0035F
_next_floor                                    bssBANK0     0003C
_position                                      bssBANK1     000BE
_position0                                     bssBANK0     00031
_route                                         bssBANK0     00027
_spi1_configuration                            stringtext5  00828
_timer0ReloadVal                               bssBANK0     00035
_timer1ReloadVal                               bssBANK0     0002F
_uart_read_buffer                              bssBANK1     000A0
_uart_read_buffer_count                        bssBANK0     00033
_uart_write_buffer                             dataBANK2    00120
_var                                           bssBANK0     00020
btemp                                          (abs)        0007E
clear_ram0                                     clrtext      00C89
end_of_initialization                          cinit        00068
i1Matrix_update_dir@data                       cstackBANK0  00044
i1Matrix_update_dir@display_dir                cstackBANK0  00046
i1Matrix_update_dir@i                          cstackBANK0  00048
i1Matrix_update_dir@i_1802                     cstackBANK0  00047
i1Matrix_update_dir@mask                       cstackBANK0  00043
i1Matrix_update_dir@route_                     cstackBANK0  0003F
i1Matrix_update_floor@data                     cstackCOMMON 00078
i1Matrix_update_floor@display_floor            cstackCOMMON 0007A
i1Matrix_update_floor@i                        cstackCOMMON 0007B
i1SPI1_ExchangeBlock@block                     cstackCOMMON 00070
i1SPI1_ExchangeBlock@blockSize                 cstackCOMMON 00071
i1SPI1_ExchangeBlock@data                      cstackCOMMON 00073
i1Tx_spi@data                                  cstackCOMMON 00074
i1Tx_spi@dataSize                              cstackCOMMON 00075
i1_Matrix_update_dir                           text60       0047B
i1_Matrix_update_floor                         text79       00F2B
i1_SPI1_ExchangeBlock                          text81       00EE7
i1_TMR0_Reload                                 text76       00C42
i1_Tx_spi                                      text80       00D9C
i1___awmod                                     text59       005DA
i1___awmod@counter                             cstackCOMMON 00074
i1___awmod@dividend                            cstackCOMMON 00072
i1___awmod@divisor                             cstackCOMMON 00070
i1___awmod@sign                                cstackCOMMON 00075
i1___bmul                                      text61       00DAB
i1___bmul@multiplicand                         cstackCOMMON 00070
i1___bmul@multiplier                           cstackCOMMON 00072
i1___bmul@product                              cstackCOMMON 00071
init_ram                                       inittext     00C8F
int$flags                                      (abs)        0007E
intlevel0                                      functab      00000
intlevel1                                      functab      00000
intlevel2                                      functab      00000
intlevel3                                      functab      00000
intlevel4                                      functab      00000
intlevel5                                      functab      00000
main@is_empty                                  cstackBANK2  00137
main@next_index                                cstackBANK2  00135
reset_vec                                      reset_vec    00000
start                                          init         0003F
start_initialization                           cinit        00041
wtemp0                                         (abs)        0007E


MODULE INFORMATION

Module		Function		Class		Link	Load	Size
mcc_generated_files/cmp1.c
		_CMP1_ISR      		CODE           	0CBB	0000	9
		_CMP1_Initialize		CODE           	0D19	0000	12

mcc_generated_files/cmp1.c estimated size: 21

D:\Microchip\MPLABX\v6.25\xc8\v3.00\pic\sources\c99\common\lwmod.c
		___lwmod       		CODE           	0F53	0000	42

D:\Microchip\MPLABX\v6.25\xc8\v3.00\pic\sources\c99\common\lwmod.c estimated size: 42

D:\Microchip\MPLABX\v6.25\xc8\v3.00\pic\sources\c99\common\awmod.c
		___awmod       		CODE           	0597	0000	67

D:\Microchip\MPLABX\v6.25\xc8\v3.00\pic\sources\c99\common\awmod.c estimated size: 67

mcc_generated_files/tmr6.c
		_TMR6_Initialize		CODE           	0CD7	0000	10

mcc_generated_files/tmr6.c estimated size: 10

mcc_generated_files/fvr.c
		_FVR_Initialize		CODE           	0C4A	0000	4

mcc_generated_files/fvr.c estimated size: 4

D:\Microchip\MPLABX\v6.25\xc8\v3.00\pic\sources\c99\common\Umul16.c
		___wmul        		CODE           	0E70	0000	27

D:\Microchip\MPLABX\v6.25\xc8\v3.00\pic\sources\c99\common\Umul16.c estimated size: 27

mcc_generated_files/tmr2.c
		_TMR2_Initialize		CODE           	0CAB	0000	8

mcc_generated_files/tmr2.c estimated size: 8

mcc_generated_files/interrupt_manager.c
		_INTERRUPT_InterruptManager		CODE           	0004	0000	59

mcc_generated_files/interrupt_manager.c estimated size: 59

mcc_generated_files/tmr0.c
		_TMR0_Reload   		CODE           	0C52	0000	4
		_TMR0_ReadTimer		CODE           	0C56	0000	5
		_TMR0_Initialize		CODE           	0CCD	0000	10

mcc_generated_files/tmr0.c estimated size: 19

mcc_generated_files/pin_manager.c
		_IOCBF3_DefaultInterruptHandler		CODE           	0C3E	0000	1
		_IOCBF0_ISR    		CODE           	0D3E	0000	13
		_PIN_MANAGER_Initialize		CODE           	0FD1	0000	47
		_IOCBF3_ISR    		CODE           	0D4B	0000	13
		_IOCBF0_SetInterruptHandler		CODE           	0C74	0000	5
		_IOCBF3_SetInterruptHandler		CODE           	0C79	0000	5
		_PIN_MANAGER_IOC		CODE           	0CE1	0000	11
		_IOCBF0_DefaultInterruptHandler		CODE           	0C3D	0000	1

mcc_generated_files/pin_manager.c estimated size: 96

mcc_generated_files/spi1.c
		_SPI1_ExchangeBlock		CODE           	0F08	0000	35
		_SPI1_Open     		CODE           	04F4	0000	86
		_SPI1_Initialize		CODE           	0D25	0000	12

mcc_generated_files/spi1.c estimated size: 133

D:\Microchip\MPLABX\v6.25\xc8\v3.00\pic\sources\c99\common\lwdiv.c
		___lwdiv       		CODE           	0746	0000	50

D:\Microchip\MPLABX\v6.25\xc8\v3.00\pic\sources\c99\common\lwdiv.c estimated size: 50

D:\Microchip\MPLABX\v6.25\xc8\v3.00\pic\sources\c99\common\awdiv.c
		___awdiv       		CODE           	054A	0000	77

D:\Microchip\MPLABX\v6.25\xc8\v3.00\pic\sources\c99\common\awdiv.c estimated size: 77

mcc_generated_files/adc.c
		_ADC_DefaultInterruptHandler		CODE           	0C3C	0000	1
		_ADC_Initialize		CODE           	0D8E	0000	14
		_ADC_SetInterruptHandler		CODE           	0C5B	0000	5
		_ADC_ISR       		CODE           	0D0D	0000	12

mcc_generated_files/adc.c estimated size: 32

D:\Microchip\MPLABX\v6.25\xc8\v3.00\pic\sources\c99\common\lbmod.c
		___lbmod       		CODE           	0E55	0000	27

D:\Microchip\MPLABX\v6.25\xc8\v3.00\pic\sources\c99\common\lbmod.c estimated size: 27

mcc_generated_files/cmp2.c
		_CMP2_ISR      		CODE           	0CC4	0000	9
		_CMP2_Initialize		CODE           	0D02	0000	11

mcc_generated_files/cmp2.c estimated size: 20

D:\Microchip\MPLABX\v6.25\xc8\v3.00\pic\sources\c99\common\Umul8.c
		___bmul        		CODE           	0DDA	0000	16

D:\Microchip\MPLABX\v6.25\xc8\v3.00\pic\sources\c99\common\Umul8.c estimated size: 16

shared
		i1_TMR0_Reload 		CODE           	0C42	0000	4
		i1_Matrix_update_dir		CODE           	047B	0000	121
		_MATRIX_DIR    		STRCODE        	0819	0000	9
		i1_Matrix_update_floor		CODE           	0F2B	0000	40
		_MATRIX_FLOOR  		STRCODE        	07FD	0000	16
		_MATRIX_CONFIG 		STRCODE        	080D	0000	12
		_FLOORS        		STRCODE        	0822	0000	6
		__initialization		CODE           	0041	0000	39
		i1___awmod     		CODE           	05DA	0000	67
		i1_Tx_spi      		CODE           	0D9C	0000	15
		i1___bmul      		CODE           	0DAB	0000	15
		i1_SPI1_ExchangeBlock		CODE           	0EE7	0000	33
		_spi1_configuration		STRCODE        	0828	0000	4

shared estimated size: 381

mcc_generated_files/mcc.c
		_WDT_Initialize		CODE           	0C4E	0000	4
		_OSCILLATOR_Initialize		CODE           	0C83	0000	6
		_SYSTEM_Initialize		CODE           	0F7D	0000	42

mcc_generated_files/mcc.c estimated size: 52

mcc_generated_files/pwm3.c
		_PWM3_Initialize		CODE           	0D65	0000	13

mcc_generated_files/pwm3.c estimated size: 13

mcc_generated_files/tmr1.c
		_TMR1_Initialize		CODE           	0E25	0000	23
		_TMR1_SetInterruptHandler		CODE           	0C7E	0000	5
		_TMR1_DefaultInterruptHandler		CODE           	0003	0000	1
		_TMR1_CallBack 		CODE           	0CEC	0000	11
		_TMR1_WriteTimer		CODE           	0D80	0000	14
		_TMR1_ISR      		CODE           	0E3C	0000	25

mcc_generated_files/tmr1.c estimated size: 79

D:\Microchip\MPLABX\v6.25\xc8\v3.00\pic\sources\c99\common\lbdiv.c
		___lbdiv       		CODE           	0EC8	0000	31

D:\Microchip\MPLABX\v6.25\xc8\v3.00\pic\sources\c99\common\lbdiv.c estimated size: 31

mcc_generated_files/eusart.c
		_EUSART_SetRxInterruptHandler		CODE           	0C6F	0000	5
		_EUSART_Read   		CODE           	0EA9	0000	31
		_EUSART_DefaultOverrunErrorHandler		CODE           	0C46	0000	4
		_EUSART_Write  		CODE           	0C95	0000	7
		_EUSART_DefaultErrorHandler		CODE           	0C3F	0000	3
		_EUSART_Initialize		CODE           	07A9	0000	48
		_EUSART_SetFramingErrorHandler		CODE           	0C65	0000	5
		_EUSART_SetErrorHandler		CODE           	0C60	0000	5
		_EUSART_SetOverrunErrorHandler		CODE           	0C6A	0000	5
		_EUSART_Receive_ISR		CODE           	06DC	0000	54
		_EUSART_RxDataHandler		CODE           	0DEA	0000	18
		_EUSART_DefaultFramingErrorHandler		CODE           	0002	0000	1
		_EUSART_is_tx_ready		CODE           	0C9C	0000	7

mcc_generated_files/eusart.c estimated size: 193

main.c
		_Motor_Turn_On 		CODE           	0D58	0000	13
		_Matrix_update_floor		CODE           	0FA7	0000	42
		_Motor_Turn_Off		CODE           	0CF7	0000	11
		_Read_UART     		CODE           	061D	0000	66
		_Update_tx_buffer		CODE           	006C	0000	390
		_main          		CODE           	035F	0000	155
		_Idle          		CODE           	0DFC	0000	20
		_Next_index    		CODE           	0712	0000	52
		_Start         		CODE           	0778	0000	49
		_Write_UART    		CODE           	07D9	0000	36
		_New_request   		CODE           	01F2	0000	365
		_Matrix_update_dir		CODE           	03FA	0000	129
		_Ini_matrix    		CODE           	069E	0000	62
		_ISR_Floor1    		CODE           	0DBA	0000	16
		_ISR_Floor2    		CODE           	0D72	0000	14
		_ISR_Floor3    		CODE           	0CA3	0000	8
		_ISR_Floor4    		CODE           	0D31	0000	13
		_Tx_spi        		CODE           	0DCA	0000	16
		_Route_empty   		CODE           	0E8B	0000	30
		_Next_floor    		CODE           	065F	0000	63

main.c estimated size: 1550

